it is Sat Mar 21 01:46:53 +06 2020 now 
it is Sat Mar 21 01:49:04 +06 2020 now 
it is Sat Mar 21 01:53:46 +06 2020 now 
it is Sat Mar 21 01:53:46 +06 2020 now 
it is Sat Mar 21 01:53:46 +06 2020 now 
it is Sat Mar 21 01:53:46 +06 2020 now 
it is Sat Mar 21 01:53:46 +06 2020 now 
it is Sat Mar 21 01:53:46 +06 2020 now 
it is Sat Mar 21 01:53:46 +06 2020 now 
it is Sat Mar 21 01:53:46 +06 2020 now 
it is Sat Mar 21 01:53:46 +06 2020 now 
it is Sat Mar 21 01:53:46 +06 2020 now 
it is Sat Mar 21 01:53:46 +06 2020 now 
it is Sat Mar 21 01:53:46 +06 2020 now 
it is Sat Mar 21 01:53:46 +06 2020 now 
it is Sat Mar 21 01:53:47 +06 2020 now 
it is Sat Mar 21 01:53:47 +06 2020 now 
it is Sat Mar 21 01:53:47 +06 2020 now 
it is Sat Mar 21 01:53:47 +06 2020 now 
it is Sat Mar 21 01:53:47 +06 2020 now 
it is Sat Mar 21 01:53:47 +06 2020 now 
it is Sat Mar 21 01:53:47 +06 2020 now 
it is Sat Mar 21 01:53:47 +06 2020 now 
it is Sat Mar 21 01:53:47 +06 2020 now 
it is Sat Mar 21 01:53:47 +06 2020 now 
it is Sat Mar 21 01:53:47 +06 2020 now 
it is Sat Mar 21 01:53:47 +06 2020 now 
it is Sat Mar 21 01:53:48 +06 2020 now 
it is Sat Mar 21 01:53:48 +06 2020 now 
it is Sat Mar 21 01:53:48 +06 2020 now 
it is Sat Mar 21 01:53:48 +06 2020 now 
it is Sat Mar 21 01:53:48 +06 2020 now 
it is Sat Mar 21 01:53:48 +06 2020 now 
it is Sat Mar 21 01:53:48 +06 2020 now 
it is Sat Mar 21 01:53:48 +06 2020 now 
it is Sat Mar 21 01:53:48 +06 2020 now 
it is Sat Mar 21 01:53:48 +06 2020 now 
it is Sat Mar 21 01:53:48 +06 2020 now 
it is Sat Mar 21 01:53:48 +06 2020 now 
it is Sat Mar 21 01:53:48 +06 2020 now 
it is Sat Mar 21 01:53:49 +06 2020 now 
it is Sat Mar 21 01:53:49 +06 2020 now 
it is Sat Mar 21 01:53:49 +06 2020 now 
it is Sat Mar 21 01:53:49 +06 2020 now 
it is Sat Mar 21 01:53:49 +06 2020 now 
it is Sat Mar 21 01:53:49 +06 2020 now 
it is Sat Mar 21 01:53:49 +06 2020 now 
it is Sat Mar 21 01:53:49 +06 2020 now 
it is Sat Mar 21 01:53:49 +06 2020 now 
it is Sat Mar 21 01:53:49 +06 2020 now 
it is Sat Mar 21 01:53:49 +06 2020 now 
it is Sat Mar 21 01:53:49 +06 2020 now 
it is Sat Mar 21 01:56:06 +06 2020 now 
it is Sat Mar 21 01:56:06 +06 2020 now 
it is Sat Mar 21 01:56:06 +06 2020 now 
it is Sat Mar 21 01:56:06 +06 2020 now 
it is Sat Mar 21 01:56:06 +06 2020 now 
it is Sat Mar 21 01:56:07 +06 2020 now 
it is Sat Mar 21 01:56:07 +06 2020 now 
it is Sat Mar 21 01:56:07 +06 2020 now 
it is Sat Mar 21 01:56:07 +06 2020 now 
it is Sat Mar 21 01:56:07 +06 2020 now 
it is Sat Mar 21 01:56:07 +06 2020 now 
it is Sat Mar 21 01:56:07 +06 2020 now 
it is Sat Mar 21 01:56:07 +06 2020 now 
it is Sat Mar 21 01:56:07 +06 2020 now 
it is Sat Mar 21 01:56:07 +06 2020 now 
it is Sat Mar 21 01:56:07 +06 2020 now 
it is Sat Mar 21 01:56:07 +06 2020 now 
it is Sat Mar 21 01:56:07 +06 2020 now 
it is Sat Mar 21 01:56:08 +06 2020 now 
it is Sat Mar 21 01:56:08 +06 2020 now 
it is Sat Mar 21 01:56:08 +06 2020 now 
it is Sat Mar 21 01:56:08 +06 2020 now 
it is Sat Mar 21 01:56:08 +06 2020 now 
it is Sat Mar 21 01:56:08 +06 2020 now 
it is Sat Mar 21 01:56:08 +06 2020 now 
it is Sat Mar 21 01:56:08 +06 2020 now 
it is Sat Mar 21 01:56:08 +06 2020 now 
it is Sat Mar 21 01:56:08 +06 2020 now 
it is Sat Mar 21 01:56:08 +06 2020 now 
it is Sat Mar 21 01:56:08 +06 2020 now 
it is Sat Mar 21 01:56:08 +06 2020 now 
it is Sat Mar 21 01:56:08 +06 2020 now 
it is Sat Mar 21 01:56:09 +06 2020 now 
it is Sat Mar 21 01:56:09 +06 2020 now 
it is Sat Mar 21 01:56:09 +06 2020 now 
it is Sat Mar 21 01:56:09 +06 2020 now 
it is Sat Mar 21 01:56:09 +06 2020 now 
it is Sat Mar 21 01:56:09 +06 2020 now 
it is Sat Mar 21 01:56:09 +06 2020 now 
it is Sat Mar 21 01:56:09 +06 2020 now 
it is Sat Mar 21 01:56:09 +06 2020 now 
it is Sat Mar 21 01:56:09 +06 2020 now 
it is Sat Mar 21 01:56:09 +06 2020 now 
it is Sat Mar 21 01:56:09 +06 2020 now 
it is Sat Mar 21 01:56:09 +06 2020 now 
it is Sat Mar 21 01:56:10 +06 2020 now 
it is Sat Mar 21 01:56:10 +06 2020 now 
it is Sat Mar 21 01:56:10 +06 2020 now 
it is Sat Mar 21 01:56:10 +06 2020 now 
it is Sat Mar 21 01:56:10 +06 2020 now 
it is Sat Mar 21 02:00:05 +06 2020 now 
it is Sat Mar 21 02:03:44 +06 2020 now 
it is Sat Mar 21 02:07:01 +06 2020 now 
it is Sat Mar 21 02:10:41 +06 2020 now 
it is Sat Mar 21 02:12:20 +06 2020 now 
it is Sat Mar 21 02:13:22 +06 2020 now 
it is Sat Mar 21 02:14:22 +06 2020 now 
it is Sat Mar 21 02:14:46 +06 2020 now 
it is Sat Mar 21 02:22:31 +06 2020 now 
it is Sat Mar 21 02:30:38 +06 2020 now 
it is Sat Mar 21 02:39:10 +06 2020 now 
it is Sat Mar 21 02:41:26 +06 2020 now 
it is Sat Mar 21 02:42:43 +06 2020 now 
it is Sat Mar 21 02:51:58 +06 2020 now 
it is Sat Mar 21 02:53:18 +06 2020 now 
it is Sat Mar 21 02:53:58 +06 2020 now 
it is Sat Mar 21 02:55:29 +06 2020 now 
it is Sat Mar 21 02:55:38 +06 2020 now 
it is Sat Mar 21 02:56:04 +06 2020 now 
it is Sat Mar 21 02:56:04 +06 2020 now 
it is Sat Mar 21 02:56:04 +06 2020 now 
it is Sat Mar 21 02:56:04 +06 2020 now 
it is Sat Mar 21 02:56:04 +06 2020 now 
it is Sat Mar 21 02:56:04 +06 2020 now 
it is Sat Mar 21 02:56:04 +06 2020 now 
it is Sat Mar 21 02:56:04 +06 2020 now 
it is Sat Mar 21 02:56:04 +06 2020 now 
it is Sat Mar 21 02:56:04 +06 2020 now 
it is Sat Mar 21 02:56:04 +06 2020 now 
it is Sat Mar 21 02:56:04 +06 2020 now 
it is Sat Mar 21 02:56:04 +06 2020 now 
it is Sat Mar 21 02:56:05 +06 2020 now 
it is Sat Mar 21 02:56:05 +06 2020 now 
it is Sat Mar 21 02:56:05 +06 2020 now 
it is Sat Mar 21 02:56:05 +06 2020 now 
it is Sat Mar 21 02:56:05 +06 2020 now 
it is Sat Mar 21 02:56:05 +06 2020 now 
it is Sat Mar 21 02:56:05 +06 2020 now 
it is Sat Mar 21 02:56:05 +06 2020 now 
it is Sat Mar 21 02:56:05 +06 2020 now 
it is Sat Mar 21 02:56:05 +06 2020 now 
it is Sat Mar 21 02:56:05 +06 2020 now 
it is Sat Mar 21 02:56:05 +06 2020 now 
it is Sat Mar 21 02:56:06 +06 2020 now 
it is Sat Mar 21 02:56:06 +06 2020 now 
it is Sat Mar 21 02:56:06 +06 2020 now 
it is Sat Mar 21 02:56:06 +06 2020 now 
it is Sat Mar 21 02:56:06 +06 2020 now 
it is Sat Mar 21 02:56:06 +06 2020 now 
it is Sat Mar 21 02:56:06 +06 2020 now 
it is Sat Mar 21 02:56:06 +06 2020 now 
it is Sat Mar 21 02:56:06 +06 2020 now 
it is Sat Mar 21 02:56:06 +06 2020 now 
it is Sat Mar 21 02:56:06 +06 2020 now 
it is Sat Mar 21 02:56:06 +06 2020 now 
it is Sat Mar 21 02:56:07 +06 2020 now 
it is Sat Mar 21 02:56:07 +06 2020 now 
it is Sat Mar 21 02:56:07 +06 2020 now 
it is Sat Mar 21 02:56:07 +06 2020 now 
it is Sat Mar 21 02:56:07 +06 2020 now 
it is Sat Mar 21 02:56:07 +06 2020 now 
it is Sat Mar 21 02:56:07 +06 2020 now 
it is Sat Mar 21 02:56:07 +06 2020 now 
it is Sat Mar 21 02:56:07 +06 2020 now 
it is Sat Mar 21 02:56:07 +06 2020 now 
it is Sat Mar 21 02:56:07 +06 2020 now 
it is Sat Mar 21 02:56:07 +06 2020 now 
it is Sat Mar 21 02:56:08 +06 2020 now 
it is Sat Mar 21 02:58:19 +06 2020 now 
it is Sat Mar 21 03:02:46 +06 2020 now 
it is Sat Mar 21 03:25:59 +06 2020 now 
it is Sat Mar 21 03:32:51 +06 2020 now 
it is Sat Mar 21 03:33:16 +06 2020 now 
it is Sat Mar 21 03:38:03 +06 2020 now 
it is Sat Mar 21 03:38:51 +06 2020 now 
it is Sat Mar 21 03:39:35 +06 2020 now 
it is Sat Mar 21 03:42:31 +06 2020 now 
it is Sat Mar 21 03:44:21 +06 2020 now 
it is Sat Mar 21 03:47:04 +06 2020 now 
it is Sat Mar 21 03:47:05 +06 2020 now 
it is Sat Mar 21 03:47:05 +06 2020 now 
it is Sat Mar 21 03:47:05 +06 2020 now 
it is Sat Mar 21 03:47:05 +06 2020 now 
it is Sat Mar 21 03:47:05 +06 2020 now 
it is Sat Mar 21 03:47:05 +06 2020 now 
it is Sat Mar 21 03:47:05 +06 2020 now 
it is Sat Mar 21 03:47:05 +06 2020 now 
it is Sat Mar 21 03:47:05 +06 2020 now 
it is Sat Mar 21 03:47:05 +06 2020 now 
it is Sat Mar 21 03:47:05 +06 2020 now 
it is Sat Mar 21 03:47:05 +06 2020 now 
it is Sat Mar 21 03:47:06 +06 2020 now 
it is Sat Mar 21 03:47:06 +06 2020 now 
it is Sat Mar 21 03:47:06 +06 2020 now 
it is Sat Mar 21 03:47:06 +06 2020 now 
it is Sat Mar 21 03:47:06 +06 2020 now 
it is Sat Mar 21 03:47:06 +06 2020 now 
it is Sat Mar 21 03:47:06 +06 2020 now 
it is Sat Mar 21 03:47:06 +06 2020 now 
it is Sat Mar 21 03:47:06 +06 2020 now 
it is Sat Mar 21 03:47:06 +06 2020 now 
it is Sat Mar 21 03:47:06 +06 2020 now 
it is Sat Mar 21 03:47:06 +06 2020 now 
it is Sat Mar 21 03:47:07 +06 2020 now 
it is Sat Mar 21 03:47:07 +06 2020 now 
it is Sat Mar 21 03:47:07 +06 2020 now 
it is Sat Mar 21 03:47:07 +06 2020 now 
it is Sat Mar 21 03:47:07 +06 2020 now 
it is Sat Mar 21 03:47:07 +06 2020 now 
it is Sat Mar 21 03:47:07 +06 2020 now 
it is Sat Mar 21 03:47:07 +06 2020 now 
it is Sat Mar 21 03:47:07 +06 2020 now 
it is Sat Mar 21 03:47:07 +06 2020 now 
it is Sat Mar 21 03:47:07 +06 2020 now 
it is Sat Mar 21 03:47:07 +06 2020 now 
it is Sat Mar 21 03:47:08 +06 2020 now 
it is Sat Mar 21 03:47:08 +06 2020 now 
it is Sat Mar 21 03:47:08 +06 2020 now 
it is Sat Mar 21 03:47:08 +06 2020 now 
it is Sat Mar 21 03:47:08 +06 2020 now 
it is Sat Mar 21 03:47:08 +06 2020 now 
it is Sat Mar 21 03:47:08 +06 2020 now 
it is Sat Mar 21 03:47:08 +06 2020 now 
it is Sat Mar 21 03:47:08 +06 2020 now 
it is Sat Mar 21 03:47:08 +06 2020 now 
it is Sat Mar 21 03:47:08 +06 2020 now 
it is Sat Mar 21 03:47:08 +06 2020 now 
it is Sat Mar 21 03:47:09 +06 2020 now 
it is Sat Mar 21 03:54:22 +06 2020 now 
it is Sat Mar 21 04:32:07 +06 2020 now 
it is Sat Mar 21 04:33:11 +06 2020 now 
it is Sun Mar 22 01:12:14 +06 2020 now 
it is Sun Mar 22 01:12:14 +06 2020 now 
it is Sun Mar 22 01:12:14 +06 2020 now 
it is Sun Mar 22 01:12:14 +06 2020 now 
it is Sun Mar 22 01:12:14 +06 2020 now 
it is Sun Mar 22 01:12:14 +06 2020 now 
it is Sun Mar 22 01:12:15 +06 2020 now 
it is Sun Mar 22 01:12:15 +06 2020 now 
it is Sun Mar 22 01:12:15 +06 2020 now 
it is Sun Mar 22 01:12:15 +06 2020 now 
it is Sun Mar 22 01:12:15 +06 2020 now 
it is Sun Mar 22 01:12:15 +06 2020 now 
it is Sun Mar 22 01:12:15 +06 2020 now 
it is Sun Mar 22 01:12:15 +06 2020 now 
it is Sun Mar 22 01:12:15 +06 2020 now 
it is Sun Mar 22 01:12:15 +06 2020 now 
it is Sun Mar 22 01:12:15 +06 2020 now 
it is Sun Mar 22 01:12:15 +06 2020 now 
it is Sun Mar 22 01:12:15 +06 2020 now 
it is Sun Mar 22 01:12:16 +06 2020 now 
it is Sun Mar 22 01:12:16 +06 2020 now 
it is Sun Mar 22 01:12:16 +06 2020 now 
it is Sun Mar 22 01:12:16 +06 2020 now 
it is Sun Mar 22 01:12:16 +06 2020 now 
it is Sun Mar 22 01:12:16 +06 2020 now 
it is Sun Mar 22 01:12:16 +06 2020 now 
it is Sun Mar 22 01:12:16 +06 2020 now 
it is Sun Mar 22 01:12:16 +06 2020 now 
it is Sun Mar 22 01:12:16 +06 2020 now 
it is Sun Mar 22 01:12:16 +06 2020 now 
it is Sun Mar 22 01:12:16 +06 2020 now 
it is Sun Mar 22 01:12:17 +06 2020 now 
it is Sun Mar 22 01:12:17 +06 2020 now 
it is Sun Mar 22 01:12:17 +06 2020 now 
it is Sun Mar 22 01:12:17 +06 2020 now 
it is Sun Mar 22 01:12:17 +06 2020 now 
it is Sun Mar 22 01:12:17 +06 2020 now 
it is Sun Mar 22 01:12:17 +06 2020 now 
it is Sun Mar 22 01:12:17 +06 2020 now 
it is Sun Mar 22 01:12:17 +06 2020 now 
it is Sun Mar 22 01:12:17 +06 2020 now 
it is Sun Mar 22 01:12:17 +06 2020 now 
it is Sun Mar 22 01:12:17 +06 2020 now 
it is Sun Mar 22 01:12:17 +06 2020 now 
it is Sun Mar 22 01:12:17 +06 2020 now 
it is Sun Mar 22 01:12:18 +06 2020 now 
it is Sun Mar 22 01:12:18 +06 2020 now 
it is Sun Mar 22 01:12:18 +06 2020 now 
it is Sun Mar 22 01:12:18 +06 2020 now 
it is Sun Mar 22 01:12:18 +06 2020 now 
it is Sun Mar 22 01:12:18 +06 2020 now 
it is Sun Mar 22 01:12:18 +06 2020 now 
it is Sun Mar 22 01:12:18 +06 2020 now 
it is Sun Mar 22 01:12:18 +06 2020 now 
it is Sun Mar 22 01:12:18 +06 2020 now 
it is Sun Mar 22 01:12:18 +06 2020 now 
it is Sun Mar 22 01:12:18 +06 2020 now 
it is Sun Mar 22 01:12:18 +06 2020 now 
it is Sun Mar 22 01:12:19 +06 2020 now 
it is Sun Mar 22 01:12:19 +06 2020 now 
it is Sun Mar 22 01:12:19 +06 2020 now 
it is Sun Mar 22 01:12:19 +06 2020 now 
it is Sun Mar 22 01:12:19 +06 2020 now 
it is Sun Mar 22 01:12:19 +06 2020 now 
it is Sun Mar 22 01:12:19 +06 2020 now 
it is Sun Mar 22 01:12:19 +06 2020 now 
it is Sun Mar 22 01:12:19 +06 2020 now 
it is Sun Mar 22 01:12:19 +06 2020 now 
it is Sun Mar 22 01:12:19 +06 2020 now 
it is Sun Mar 22 01:12:19 +06 2020 now 
it is Sun Mar 22 01:12:20 +06 2020 now 
it is Sun Mar 22 01:12:20 +06 2020 now 
it is Sun Mar 22 01:12:20 +06 2020 now 
it is Sun Mar 22 01:12:20 +06 2020 now 
it is Sun Mar 22 01:12:20 +06 2020 now 
it is Sun Mar 22 01:12:20 +06 2020 now 
it is Sun Mar 22 01:12:20 +06 2020 now 
it is Sun Mar 22 01:12:20 +06 2020 now 
it is Sun Mar 22 01:12:20 +06 2020 now 
it is Sun Mar 22 01:12:20 +06 2020 now 
it is Sun Mar 22 01:12:20 +06 2020 now 
it is Sun Mar 22 01:12:20 +06 2020 now 
it is Sun Mar 22 01:12:20 +06 2020 now 
it is Sun Mar 22 01:12:21 +06 2020 now 
it is Sun Mar 22 01:12:21 +06 2020 now 
it is Sun Mar 22 01:12:21 +06 2020 now 
it is Sun Mar 22 01:12:21 +06 2020 now 
it is Sun Mar 22 01:12:21 +06 2020 now 
it is Sun Mar 22 01:12:21 +06 2020 now 
it is Sun Mar 22 01:12:21 +06 2020 now 
it is Sun Mar 22 01:12:21 +06 2020 now 
it is Sun Mar 22 01:12:21 +06 2020 now 
it is Sun Mar 22 01:12:21 +06 2020 now 
it is Sun Mar 22 01:12:21 +06 2020 now 
it is Sun Mar 22 01:12:21 +06 2020 now 
it is Sun Mar 22 01:12:21 +06 2020 now 
it is Sun Mar 22 01:12:22 +06 2020 now 
it is Sun Mar 22 01:12:22 +06 2020 now 
it is Sun Mar 22 01:12:22 +06 2020 now 
it is Sun Mar 22 01:12:22 +06 2020 now 
it is Sun Mar 22 01:13:13 +06 2020 now 
it is Sun Mar 22 01:13:13 +06 2020 now 
it is Sun Mar 22 01:13:13 +06 2020 now 
it is Sun Mar 22 01:13:13 +06 2020 now 
it is Sun Mar 22 01:13:13 +06 2020 now 
it is Sun Mar 22 01:13:14 +06 2020 now 
it is Sun Mar 22 01:13:14 +06 2020 now 
it is Sun Mar 22 01:13:14 +06 2020 now 
it is Sun Mar 22 01:13:14 +06 2020 now 
it is Sun Mar 22 01:13:14 +06 2020 now 
it is Sun Mar 22 01:13:14 +06 2020 now 
it is Sun Mar 22 01:13:14 +06 2020 now 
it is Sun Mar 22 01:13:14 +06 2020 now 
it is Sun Mar 22 01:13:14 +06 2020 now 
it is Sun Mar 22 01:13:14 +06 2020 now 
it is Sun Mar 22 01:13:14 +06 2020 now 
it is Sun Mar 22 01:13:14 +06 2020 now 
it is Sun Mar 22 01:13:14 +06 2020 now 
it is Sun Mar 22 01:13:15 +06 2020 now 
it is Sun Mar 22 01:13:15 +06 2020 now 
it is Sun Mar 22 01:13:15 +06 2020 now 
it is Sun Mar 22 01:13:15 +06 2020 now 
it is Sun Mar 22 01:13:15 +06 2020 now 
it is Sun Mar 22 01:13:15 +06 2020 now 
it is Sun Mar 22 01:13:15 +06 2020 now 
it is Sun Mar 22 01:13:15 +06 2020 now 
it is Sun Mar 22 01:13:15 +06 2020 now 
it is Sun Mar 22 01:13:15 +06 2020 now 
it is Sun Mar 22 01:13:15 +06 2020 now 
it is Sun Mar 22 01:13:15 +06 2020 now 
it is Sun Mar 22 01:13:16 +06 2020 now 
it is Sun Mar 22 01:13:16 +06 2020 now 
it is Sun Mar 22 01:13:16 +06 2020 now 
it is Sun Mar 22 01:13:16 +06 2020 now 
it is Sun Mar 22 01:13:16 +06 2020 now 
it is Sun Mar 22 01:13:16 +06 2020 now 
it is Sun Mar 22 01:13:16 +06 2020 now 
it is Sun Mar 22 01:13:16 +06 2020 now 
it is Sun Mar 22 01:13:16 +06 2020 now 
it is Sun Mar 22 01:13:16 +06 2020 now 
it is Sun Mar 22 01:13:16 +06 2020 now 
it is Sun Mar 22 01:13:16 +06 2020 now 
it is Sun Mar 22 01:13:17 +06 2020 now 
it is Sun Mar 22 01:13:17 +06 2020 now 
it is Sun Mar 22 01:13:17 +06 2020 now 
it is Sun Mar 22 01:13:17 +06 2020 now 
it is Sun Mar 22 01:13:17 +06 2020 now 
it is Sun Mar 22 01:13:17 +06 2020 now 
it is Sun Mar 22 01:13:17 +06 2020 now 
it is Sun Mar 22 01:13:17 +06 2020 now 
it is Sun Mar 22 01:13:17 +06 2020 now 
it is Sun Mar 22 01:13:17 +06 2020 now 
it is Sun Mar 22 01:13:17 +06 2020 now 
it is Sun Mar 22 01:13:17 +06 2020 now 
it is Sun Mar 22 01:13:17 +06 2020 now 
it is Sun Mar 22 01:13:18 +06 2020 now 
it is Sun Mar 22 01:13:18 +06 2020 now 
it is Sun Mar 22 01:13:18 +06 2020 now 
it is Sun Mar 22 01:13:18 +06 2020 now 
it is Sun Mar 22 01:13:18 +06 2020 now 
it is Sun Mar 22 01:13:18 +06 2020 now 
it is Sun Mar 22 01:13:18 +06 2020 now 
it is Sun Mar 22 01:13:18 +06 2020 now 
it is Sun Mar 22 01:13:18 +06 2020 now 
it is Sun Mar 22 01:13:18 +06 2020 now 
it is Sun Mar 22 01:13:18 +06 2020 now 
it is Sun Mar 22 01:13:18 +06 2020 now 
it is Sun Mar 22 01:13:18 +06 2020 now 
it is Sun Mar 22 01:13:19 +06 2020 now 
it is Sun Mar 22 01:13:19 +06 2020 now 
it is Sun Mar 22 01:13:19 +06 2020 now 
it is Sun Mar 22 01:13:19 +06 2020 now 
it is Sun Mar 22 01:13:19 +06 2020 now 
it is Sun Mar 22 01:13:19 +06 2020 now 
it is Sun Mar 22 01:13:19 +06 2020 now 
it is Sun Mar 22 01:13:19 +06 2020 now 
it is Sun Mar 22 01:13:19 +06 2020 now 
it is Sun Mar 22 01:13:19 +06 2020 now 
it is Sun Mar 22 01:13:19 +06 2020 now 
it is Sun Mar 22 01:13:19 +06 2020 now 
it is Sun Mar 22 01:13:20 +06 2020 now 
it is Sun Mar 22 01:13:20 +06 2020 now 
it is Sun Mar 22 01:13:20 +06 2020 now 
it is Sun Mar 22 01:13:20 +06 2020 now 
it is Sun Mar 22 01:13:20 +06 2020 now 
it is Sun Mar 22 01:13:20 +06 2020 now 
it is Sun Mar 22 01:13:20 +06 2020 now 
it is Sun Mar 22 01:13:20 +06 2020 now 
it is Sun Mar 22 01:13:20 +06 2020 now 
it is Sun Mar 22 01:13:20 +06 2020 now 
it is Sun Mar 22 01:13:20 +06 2020 now 
it is Sun Mar 22 01:13:20 +06 2020 now 
it is Sun Mar 22 01:13:20 +06 2020 now 
it is Sun Mar 22 01:13:21 +06 2020 now 
it is Sun Mar 22 01:13:21 +06 2020 now 
it is Sun Mar 22 01:13:21 +06 2020 now 
it is Sun Mar 22 01:13:21 +06 2020 now 
it is Sun Mar 22 01:13:21 +06 2020 now 
it is Sun Mar 22 01:13:21 +06 2020 now 
it is Sun Mar 22 01:13:21 +06 2020 now 
it is Sun Mar 22 01:13:21 +06 2020 now 
it is Sun Mar 22 01:13:21 +06 2020 now 
it is Sun Mar 22 01:13:21 +06 2020 now 
it is Sun Mar 22 01:13:21 +06 2020 now 
it is Sun Mar 22 01:13:21 +06 2020 now 
it is Sun Mar 22 01:13:21 +06 2020 now 
it is Sun Mar 22 01:13:22 +06 2020 now 
it is Sun Mar 22 01:13:22 +06 2020 now 
it is Sun Mar 22 01:13:22 +06 2020 now 
it is Sun Mar 22 01:13:22 +06 2020 now 
it is Sun Mar 22 01:13:22 +06 2020 now 
it is Sun Mar 22 01:13:22 +06 2020 now 
it is Sun Mar 22 01:13:22 +06 2020 now 
it is Sun Mar 22 01:13:22 +06 2020 now 
it is Sun Mar 22 01:13:22 +06 2020 now 
it is Sun Mar 22 01:13:22 +06 2020 now 
it is Sun Mar 22 01:13:22 +06 2020 now 
it is Sun Mar 22 01:13:22 +06 2020 now 
it is Sun Mar 22 01:13:22 +06 2020 now 
it is Sun Mar 22 01:13:23 +06 2020 now 
it is Sun Mar 22 01:13:23 +06 2020 now 
it is Sun Mar 22 01:13:23 +06 2020 now 
it is Sun Mar 22 01:13:23 +06 2020 now 
it is Sun Mar 22 01:13:23 +06 2020 now 
it is Sun Mar 22 01:13:23 +06 2020 now 
it is Sun Mar 22 01:13:23 +06 2020 now 
it is Sun Mar 22 01:13:23 +06 2020 now 
it is Sun Mar 22 01:13:23 +06 2020 now 
it is Sun Mar 22 01:13:23 +06 2020 now 
it is Sun Mar 22 01:13:23 +06 2020 now 
it is Sun Mar 22 01:13:23 +06 2020 now 
it is Sun Mar 22 01:13:23 +06 2020 now 
it is Sun Mar 22 01:13:24 +06 2020 now 
it is Sun Mar 22 01:13:24 +06 2020 now 
it is Sun Mar 22 01:13:24 +06 2020 now 
it is Sun Mar 22 01:13:24 +06 2020 now 
it is Sun Mar 22 01:13:24 +06 2020 now 
it is Sun Mar 22 01:13:24 +06 2020 now 
it is Sun Mar 22 01:13:24 +06 2020 now 
it is Sun Mar 22 01:13:24 +06 2020 now 
it is Sun Mar 22 01:13:24 +06 2020 now 
it is Sun Mar 22 01:13:24 +06 2020 now 
it is Sun Mar 22 01:13:24 +06 2020 now 
it is Sun Mar 22 01:13:24 +06 2020 now 
it is Sun Mar 22 01:13:24 +06 2020 now 
it is Sun Mar 22 01:13:25 +06 2020 now 
it is Sun Mar 22 01:13:25 +06 2020 now 
it is Sun Mar 22 01:13:25 +06 2020 now 
it is Sun Mar 22 01:13:25 +06 2020 now 
it is Sun Mar 22 01:13:25 +06 2020 now 
it is Sun Mar 22 01:13:25 +06 2020 now 
it is Sun Mar 22 01:13:25 +06 2020 now 
it is Sun Mar 22 01:13:25 +06 2020 now 
it is Sun Mar 22 01:13:25 +06 2020 now 
it is Sun Mar 22 01:13:25 +06 2020 now 
it is Sun Mar 22 01:13:25 +06 2020 now 
it is Sun Mar 22 01:13:25 +06 2020 now 
it is Sun Mar 22 01:13:26 +06 2020 now 
it is Sun Mar 22 01:13:26 +06 2020 now 
it is Sun Mar 22 01:13:26 +06 2020 now 
it is Sun Mar 22 01:13:26 +06 2020 now 
it is Sun Mar 22 01:13:26 +06 2020 now 
it is Sun Mar 22 01:13:26 +06 2020 now 
it is Sun Mar 22 01:13:26 +06 2020 now 
it is Sun Mar 22 01:13:26 +06 2020 now 
it is Sun Mar 22 01:13:26 +06 2020 now 
it is Sun Mar 22 01:13:26 +06 2020 now 
it is Sun Mar 22 01:13:26 +06 2020 now 
it is Sun Mar 22 01:13:26 +06 2020 now 
it is Sun Mar 22 01:13:26 +06 2020 now 
it is Sun Mar 22 01:13:27 +06 2020 now 
it is Sun Mar 22 01:13:27 +06 2020 now 
it is Sun Mar 22 01:13:27 +06 2020 now 
it is Sun Mar 22 01:13:27 +06 2020 now 
it is Sun Mar 22 01:13:27 +06 2020 now 
it is Sun Mar 22 01:13:27 +06 2020 now 
it is Sun Mar 22 01:13:27 +06 2020 now 
it is Sun Mar 22 01:13:27 +06 2020 now 
it is Sun Mar 22 01:13:27 +06 2020 now 
it is Sun Mar 22 01:13:27 +06 2020 now 
it is Sun Mar 22 01:13:27 +06 2020 now 
it is Sun Mar 22 01:13:27 +06 2020 now 
it is Sun Mar 22 01:13:27 +06 2020 now 
it is Sun Mar 22 01:13:28 +06 2020 now 
it is Sun Mar 22 01:13:28 +06 2020 now 
it is Sun Mar 22 01:13:28 +06 2020 now 
it is Sun Mar 22 01:13:28 +06 2020 now 
it is Sun Mar 22 01:13:28 +06 2020 now 
it is Sun Mar 22 01:13:28 +06 2020 now 
it is Sun Mar 22 01:13:28 +06 2020 now 
it is Sun Mar 22 01:13:28 +06 2020 now 
it is Sun Mar 22 01:13:28 +06 2020 now 
it is Sun Mar 22 01:13:28 +06 2020 now 
it is Sun Mar 22 01:13:28 +06 2020 now 
it is Sun Mar 22 01:13:28 +06 2020 now 
it is Sun Mar 22 01:13:29 +06 2020 now 
it is Sun Mar 22 01:13:29 +06 2020 now 
it is Sun Mar 22 01:13:29 +06 2020 now 
it is Sun Mar 22 01:13:29 +06 2020 now 
it is Sun Mar 22 01:13:29 +06 2020 now 
it is Sun Mar 22 01:23:35 +06 2020 now 
it is Sun Mar 22 01:23:35 +06 2020 now 
it is Sun Mar 22 01:23:35 +06 2020 now 
it is Sun Mar 22 01:23:35 +06 2020 now 
it is Sun Mar 22 01:23:36 +06 2020 now 
it is Sun Mar 22 01:23:36 +06 2020 now 
it is Sun Mar 22 01:23:36 +06 2020 now 
it is Sun Mar 22 01:23:36 +06 2020 now 
it is Sun Mar 22 01:23:36 +06 2020 now 
it is Sun Mar 22 01:23:36 +06 2020 now 
it is Sun Mar 22 01:23:36 +06 2020 now 
it is Sun Mar 22 01:23:36 +06 2020 now 
it is Sun Mar 22 01:23:36 +06 2020 now 
it is Sun Mar 22 01:23:36 +06 2020 now 
it is Sun Mar 22 01:23:36 +06 2020 now 
it is Sun Mar 22 01:23:36 +06 2020 now 
it is Sun Mar 22 01:23:36 +06 2020 now 
it is Sun Mar 22 01:23:37 +06 2020 now 
it is Sun Mar 22 01:23:37 +06 2020 now 
it is Sun Mar 22 01:23:37 +06 2020 now 
it is Sun Mar 22 01:23:37 +06 2020 now 
it is Sun Mar 22 01:23:37 +06 2020 now 
it is Sun Mar 22 01:23:37 +06 2020 now 
it is Sun Mar 22 01:23:37 +06 2020 now 
it is Sun Mar 22 01:23:37 +06 2020 now 
it is Sun Mar 22 01:23:37 +06 2020 now 
it is Sun Mar 22 01:23:37 +06 2020 now 
it is Sun Mar 22 01:23:37 +06 2020 now 
it is Sun Mar 22 01:23:37 +06 2020 now 
it is Sun Mar 22 01:23:37 +06 2020 now 
it is Sun Mar 22 01:23:38 +06 2020 now 
it is Sun Mar 22 01:23:38 +06 2020 now 
it is Sun Mar 22 01:23:38 +06 2020 now 
it is Sun Mar 22 01:23:38 +06 2020 now 
it is Sun Mar 22 01:23:38 +06 2020 now 
it is Sun Mar 22 01:23:38 +06 2020 now 
it is Sun Mar 22 01:23:38 +06 2020 now 
it is Sun Mar 22 01:23:38 +06 2020 now 
it is Sun Mar 22 01:23:38 +06 2020 now 
it is Sun Mar 22 01:23:38 +06 2020 now 
it is Sun Mar 22 01:23:38 +06 2020 now 
it is Sun Mar 22 01:23:38 +06 2020 now 
it is Sun Mar 22 01:23:39 +06 2020 now 
it is Sun Mar 22 01:23:39 +06 2020 now 
it is Sun Mar 22 01:23:39 +06 2020 now 
it is Sun Mar 22 01:23:39 +06 2020 now 
it is Sun Mar 22 01:23:39 +06 2020 now 
it is Sun Mar 22 01:23:39 +06 2020 now 
it is Sun Mar 22 01:23:39 +06 2020 now 
it is Sun Mar 22 01:23:39 +06 2020 now 
it is Sun Mar 22 01:23:39 +06 2020 now 
it is Sun Mar 22 01:23:39 +06 2020 now 
it is Sun Mar 22 01:23:39 +06 2020 now 
it is Sun Mar 22 01:23:39 +06 2020 now 
it is Sun Mar 22 01:23:40 +06 2020 now 
it is Sun Mar 22 01:23:40 +06 2020 now 
it is Sun Mar 22 01:23:40 +06 2020 now 
it is Sun Mar 22 01:23:40 +06 2020 now 
it is Sun Mar 22 01:23:40 +06 2020 now 
it is Sun Mar 22 01:23:40 +06 2020 now 
it is Sun Mar 22 01:23:40 +06 2020 now 
it is Sun Mar 22 01:23:40 +06 2020 now 
it is Sun Mar 22 01:23:40 +06 2020 now 
it is Sun Mar 22 01:23:40 +06 2020 now 
it is Sun Mar 22 01:23:40 +06 2020 now 
it is Sun Mar 22 01:23:40 +06 2020 now 
it is Sun Mar 22 01:23:41 +06 2020 now 
it is Sun Mar 22 01:23:41 +06 2020 now 
it is Sun Mar 22 01:23:41 +06 2020 now 
it is Sun Mar 22 01:23:41 +06 2020 now 
it is Sun Mar 22 01:23:41 +06 2020 now 
it is Sun Mar 22 01:23:41 +06 2020 now 
it is Sun Mar 22 01:23:41 +06 2020 now 
it is Sun Mar 22 01:23:41 +06 2020 now 
it is Sun Mar 22 01:23:41 +06 2020 now 
it is Sun Mar 22 01:23:41 +06 2020 now 
it is Sun Mar 22 01:23:41 +06 2020 now 
it is Sun Mar 22 01:23:41 +06 2020 now 
it is Sun Mar 22 01:23:41 +06 2020 now 
it is Sun Mar 22 01:23:42 +06 2020 now 
it is Sun Mar 22 01:23:42 +06 2020 now 
it is Sun Mar 22 01:23:42 +06 2020 now 
it is Sun Mar 22 01:23:42 +06 2020 now 
it is Sun Mar 22 01:23:42 +06 2020 now 
it is Sun Mar 22 01:23:42 +06 2020 now 
it is Sun Mar 22 01:23:42 +06 2020 now 
it is Sun Mar 22 01:23:42 +06 2020 now 
it is Sun Mar 22 01:23:42 +06 2020 now 
it is Sun Mar 22 01:23:42 +06 2020 now 
it is Sun Mar 22 01:23:42 +06 2020 now 
it is Sun Mar 22 01:23:42 +06 2020 now 
it is Sun Mar 22 01:23:42 +06 2020 now 
it is Sun Mar 22 01:23:42 +06 2020 now 
it is Sun Mar 22 01:23:43 +06 2020 now 
it is Sun Mar 22 01:23:43 +06 2020 now 
it is Sun Mar 22 01:23:43 +06 2020 now 
it is Sun Mar 22 01:23:43 +06 2020 now 
it is Sun Mar 22 01:23:43 +06 2020 now 
it is Sun Mar 22 01:23:43 +06 2020 now 
it is Sun Mar 22 01:23:43 +06 2020 now 
it is Sun Mar 22 01:23:43 +06 2020 now 
it is Sun Mar 22 01:23:43 +06 2020 now 
it is Sun Mar 22 01:23:43 +06 2020 now 
it is Sun Mar 22 01:23:43 +06 2020 now 
it is Sun Mar 22 01:23:43 +06 2020 now 
it is Sun Mar 22 01:23:43 +06 2020 now 
it is Sun Mar 22 01:23:43 +06 2020 now 
it is Sun Mar 22 01:23:44 +06 2020 now 
it is Sun Mar 22 01:23:44 +06 2020 now 
it is Sun Mar 22 01:23:44 +06 2020 now 
it is Sun Mar 22 01:23:44 +06 2020 now 
it is Sun Mar 22 01:23:44 +06 2020 now 
it is Sun Mar 22 01:23:44 +06 2020 now 
it is Sun Mar 22 01:23:44 +06 2020 now 
it is Sun Mar 22 01:23:44 +06 2020 now 
it is Sun Mar 22 01:23:44 +06 2020 now 
it is Sun Mar 22 01:23:44 +06 2020 now 
it is Sun Mar 22 01:23:44 +06 2020 now 
it is Sun Mar 22 01:23:44 +06 2020 now 
it is Sun Mar 22 01:23:44 +06 2020 now 
it is Sun Mar 22 01:23:44 +06 2020 now 
it is Sun Mar 22 01:23:45 +06 2020 now 
it is Sun Mar 22 01:23:45 +06 2020 now 
it is Sun Mar 22 01:23:45 +06 2020 now 
it is Sun Mar 22 01:23:45 +06 2020 now 
it is Sun Mar 22 01:23:45 +06 2020 now 
it is Sun Mar 22 01:23:45 +06 2020 now 
it is Sun Mar 22 01:23:45 +06 2020 now 
it is Sun Mar 22 01:23:45 +06 2020 now 
it is Sun Mar 22 01:23:45 +06 2020 now 
it is Sun Mar 22 01:23:45 +06 2020 now 
it is Sun Mar 22 01:23:45 +06 2020 now 
it is Sun Mar 22 01:23:45 +06 2020 now 
it is Sun Mar 22 01:23:45 +06 2020 now 
it is Sun Mar 22 01:23:45 +06 2020 now 
it is Sun Mar 22 01:23:46 +06 2020 now 
it is Sun Mar 22 01:23:46 +06 2020 now 
it is Sun Mar 22 01:23:46 +06 2020 now 
it is Sun Mar 22 01:23:46 +06 2020 now 
it is Sun Mar 22 01:23:46 +06 2020 now 
it is Sun Mar 22 01:23:46 +06 2020 now 
it is Sun Mar 22 01:23:46 +06 2020 now 
it is Sun Mar 22 01:23:46 +06 2020 now 
it is Sun Mar 22 01:23:46 +06 2020 now 
it is Sun Mar 22 01:23:46 +06 2020 now 
it is Sun Mar 22 01:23:46 +06 2020 now 
it is Sun Mar 22 01:23:46 +06 2020 now 
it is Sun Mar 22 01:23:46 +06 2020 now 
it is Sun Mar 22 01:23:46 +06 2020 now 
it is Sun Mar 22 01:23:47 +06 2020 now 
it is Sun Mar 22 01:23:47 +06 2020 now 
it is Sun Mar 22 01:23:47 +06 2020 now 
it is Sun Mar 22 01:23:47 +06 2020 now 
it is Sun Mar 22 01:23:47 +06 2020 now 
it is Sun Mar 22 01:23:47 +06 2020 now 
it is Sun Mar 22 01:23:47 +06 2020 now 
it is Sun Mar 22 01:23:47 +06 2020 now 
it is Sun Mar 22 01:23:47 +06 2020 now 
it is Sun Mar 22 01:23:47 +06 2020 now 
it is Sun Mar 22 01:23:47 +06 2020 now 
it is Sun Mar 22 01:23:47 +06 2020 now 
it is Sun Mar 22 01:23:47 +06 2020 now 
it is Sun Mar 22 01:23:47 +06 2020 now 
it is Sun Mar 22 01:23:48 +06 2020 now 
it is Sun Mar 22 01:23:48 +06 2020 now 
it is Sun Mar 22 01:23:48 +06 2020 now 
it is Sun Mar 22 01:23:48 +06 2020 now 
it is Sun Mar 22 01:23:48 +06 2020 now 
it is Sun Mar 22 01:23:48 +06 2020 now 
it is Sun Mar 22 01:23:48 +06 2020 now 
it is Sun Mar 22 01:23:48 +06 2020 now 
it is Sun Mar 22 01:23:48 +06 2020 now 
it is Sun Mar 22 01:23:48 +06 2020 now 
it is Sun Mar 22 01:23:48 +06 2020 now 
it is Sun Mar 22 01:23:48 +06 2020 now 
it is Sun Mar 22 01:23:48 +06 2020 now 
it is Sun Mar 22 01:23:48 +06 2020 now 
it is Sun Mar 22 01:23:49 +06 2020 now 
it is Sun Mar 22 01:23:49 +06 2020 now 
it is Sun Mar 22 01:23:49 +06 2020 now 
it is Sun Mar 22 01:23:49 +06 2020 now 
it is Sun Mar 22 01:23:49 +06 2020 now 
it is Sun Mar 22 01:23:49 +06 2020 now 
it is Sun Mar 22 01:23:49 +06 2020 now 
it is Sun Mar 22 01:23:49 +06 2020 now 
it is Sun Mar 22 01:23:49 +06 2020 now 
it is Sun Mar 22 01:23:49 +06 2020 now 
it is Sun Mar 22 01:23:49 +06 2020 now 
it is Sun Mar 22 01:23:49 +06 2020 now 
it is Sun Mar 22 01:23:49 +06 2020 now 
it is Sun Mar 22 01:23:49 +06 2020 now 
it is Sun Mar 22 01:23:50 +06 2020 now 
it is Sun Mar 22 01:23:50 +06 2020 now 
it is Sun Mar 22 01:23:50 +06 2020 now 
it is Sun Mar 22 01:23:50 +06 2020 now 
it is Sun Mar 22 01:23:50 +06 2020 now 
it is Sun Mar 22 01:23:50 +06 2020 now 
it is Sun Mar 22 01:23:50 +06 2020 now 
it is Sun Mar 22 01:23:50 +06 2020 now 
it is Sun Mar 22 01:23:50 +06 2020 now 
it is Sun Mar 22 01:25:11 +06 2020 now 
it is Sun Mar 22 01:25:11 +06 2020 now 
it is Sun Mar 22 01:25:11 +06 2020 now 
it is Sun Mar 22 01:25:11 +06 2020 now 
it is Sun Mar 22 01:25:11 +06 2020 now 
it is Sun Mar 22 01:25:11 +06 2020 now 
it is Sun Mar 22 01:25:11 +06 2020 now 
it is Sun Mar 22 01:25:11 +06 2020 now 
it is Sun Mar 22 01:25:11 +06 2020 now 
it is Sun Mar 22 01:25:11 +06 2020 now 
it is Sun Mar 22 01:25:11 +06 2020 now 
it is Sun Mar 22 01:25:12 +06 2020 now 
it is Sun Mar 22 01:25:12 +06 2020 now 
it is Sun Mar 22 01:25:12 +06 2020 now 
it is Sun Mar 22 01:25:12 +06 2020 now 
it is Sun Mar 22 01:25:12 +06 2020 now 
it is Sun Mar 22 01:25:12 +06 2020 now 
it is Sun Mar 22 01:25:12 +06 2020 now 
it is Sun Mar 22 01:25:12 +06 2020 now 
it is Sun Mar 22 01:25:12 +06 2020 now 
it is Sun Mar 22 01:25:12 +06 2020 now 
it is Sun Mar 22 01:25:12 +06 2020 now 
it is Sun Mar 22 01:25:13 +06 2020 now 
it is Sun Mar 22 01:25:13 +06 2020 now 
it is Sun Mar 22 01:25:13 +06 2020 now 
it is Sun Mar 22 01:25:13 +06 2020 now 
it is Sun Mar 22 01:25:13 +06 2020 now 
it is Sun Mar 22 01:25:13 +06 2020 now 
it is Sun Mar 22 01:25:13 +06 2020 now 
it is Sun Mar 22 01:25:13 +06 2020 now 
it is Sun Mar 22 01:25:13 +06 2020 now 
it is Sun Mar 22 01:25:13 +06 2020 now 
it is Sun Mar 22 01:25:13 +06 2020 now 
it is Sun Mar 22 01:25:13 +06 2020 now 
it is Sun Mar 22 01:25:14 +06 2020 now 
it is Sun Mar 22 01:25:14 +06 2020 now 
it is Sun Mar 22 01:25:14 +06 2020 now 
it is Sun Mar 22 01:25:14 +06 2020 now 
it is Sun Mar 22 01:25:14 +06 2020 now 
it is Sun Mar 22 01:25:14 +06 2020 now 
it is Sun Mar 22 01:25:14 +06 2020 now 
it is Sun Mar 22 01:25:14 +06 2020 now 
it is Sun Mar 22 01:25:14 +06 2020 now 
it is Sun Mar 22 01:25:14 +06 2020 now 
it is Sun Mar 22 01:25:14 +06 2020 now 
it is Sun Mar 22 01:25:14 +06 2020 now 
it is Sun Mar 22 01:25:15 +06 2020 now 
it is Sun Mar 22 01:25:15 +06 2020 now 
it is Sun Mar 22 01:25:15 +06 2020 now 
it is Sun Mar 22 01:25:15 +06 2020 now 
it is Sun Mar 22 01:25:15 +06 2020 now 
it is Sun Mar 22 01:25:15 +06 2020 now 
it is Sun Mar 22 01:25:15 +06 2020 now 
it is Sun Mar 22 01:25:15 +06 2020 now 
it is Sun Mar 22 01:25:15 +06 2020 now 
it is Sun Mar 22 01:25:15 +06 2020 now 
it is Sun Mar 22 01:25:15 +06 2020 now 
it is Sun Mar 22 01:25:16 +06 2020 now 
it is Sun Mar 22 01:25:16 +06 2020 now 
it is Sun Mar 22 01:25:16 +06 2020 now 
it is Sun Mar 22 01:25:16 +06 2020 now 
it is Sun Mar 22 01:25:16 +06 2020 now 
it is Sun Mar 22 01:25:16 +06 2020 now 
it is Sun Mar 22 01:25:16 +06 2020 now 
it is Sun Mar 22 01:25:16 +06 2020 now 
it is Sun Mar 22 01:25:16 +06 2020 now 
it is Sun Mar 22 01:25:16 +06 2020 now 
it is Sun Mar 22 01:25:16 +06 2020 now 
it is Sun Mar 22 01:25:17 +06 2020 now 
it is Sun Mar 22 01:25:17 +06 2020 now 
it is Sun Mar 22 01:25:17 +06 2020 now 
it is Sun Mar 22 01:25:17 +06 2020 now 
it is Sun Mar 22 01:25:17 +06 2020 now 
it is Sun Mar 22 01:25:17 +06 2020 now 
it is Sun Mar 22 01:25:17 +06 2020 now 
it is Sun Mar 22 01:25:17 +06 2020 now 
it is Sun Mar 22 01:25:17 +06 2020 now 
it is Sun Mar 22 01:25:17 +06 2020 now 
it is Sun Mar 22 01:25:17 +06 2020 now 
it is Sun Mar 22 01:25:17 +06 2020 now 
it is Sun Mar 22 01:25:18 +06 2020 now 
it is Sun Mar 22 01:25:18 +06 2020 now 
it is Sun Mar 22 01:25:18 +06 2020 now 
it is Sun Mar 22 01:25:18 +06 2020 now 
it is Sun Mar 22 01:25:18 +06 2020 now 
it is Sun Mar 22 01:25:18 +06 2020 now 
it is Sun Mar 22 01:25:18 +06 2020 now 
it is Sun Mar 22 01:25:18 +06 2020 now 
it is Sun Mar 22 01:25:18 +06 2020 now 
it is Sun Mar 22 01:25:18 +06 2020 now 
it is Sun Mar 22 01:25:18 +06 2020 now 
it is Sun Mar 22 01:25:18 +06 2020 now 
it is Sun Mar 22 01:25:19 +06 2020 now 
it is Sun Mar 22 01:25:19 +06 2020 now 
it is Sun Mar 22 01:25:19 +06 2020 now 
it is Sun Mar 22 01:25:19 +06 2020 now 
it is Sun Mar 22 01:25:19 +06 2020 now 
it is Sun Mar 22 01:25:19 +06 2020 now 
it is Sun Mar 22 01:25:19 +06 2020 now 
it is Sun Mar 22 01:25:19 +06 2020 now 
it is Sun Mar 22 01:25:19 +06 2020 now 
it is Sun Mar 22 01:25:19 +06 2020 now 
it is Sun Mar 22 01:25:19 +06 2020 now 
it is Sun Mar 22 01:25:19 +06 2020 now 
it is Sun Mar 22 01:25:19 +06 2020 now 
it is Sun Mar 22 01:25:20 +06 2020 now 
it is Sun Mar 22 01:25:20 +06 2020 now 
it is Sun Mar 22 01:25:20 +06 2020 now 
it is Sun Mar 22 01:25:20 +06 2020 now 
it is Sun Mar 22 01:25:20 +06 2020 now 
it is Sun Mar 22 01:25:20 +06 2020 now 
it is Sun Mar 22 01:25:20 +06 2020 now 
it is Sun Mar 22 01:25:20 +06 2020 now 
it is Sun Mar 22 01:25:20 +06 2020 now 
it is Sun Mar 22 01:25:20 +06 2020 now 
it is Sun Mar 22 01:25:20 +06 2020 now 
it is Sun Mar 22 01:25:20 +06 2020 now 
it is Sun Mar 22 01:25:21 +06 2020 now 
it is Sun Mar 22 01:25:21 +06 2020 now 
it is Sun Mar 22 01:25:21 +06 2020 now 
it is Sun Mar 22 01:25:21 +06 2020 now 
it is Sun Mar 22 01:25:21 +06 2020 now 
it is Sun Mar 22 01:25:21 +06 2020 now 
it is Sun Mar 22 01:25:21 +06 2020 now 
it is Sun Mar 22 01:25:21 +06 2020 now 
it is Sun Mar 22 01:25:21 +06 2020 now 
it is Sun Mar 22 01:25:21 +06 2020 now 
it is Sun Mar 22 01:25:21 +06 2020 now 
it is Sun Mar 22 01:25:21 +06 2020 now 
it is Sun Mar 22 01:25:22 +06 2020 now 
it is Sun Mar 22 01:25:22 +06 2020 now 
it is Sun Mar 22 01:25:22 +06 2020 now 
it is Sun Mar 22 01:25:22 +06 2020 now 
it is Sun Mar 22 01:25:22 +06 2020 now 
it is Sun Mar 22 01:25:22 +06 2020 now 
it is Sun Mar 22 01:25:22 +06 2020 now 
it is Sun Mar 22 01:25:22 +06 2020 now 
it is Sun Mar 22 01:25:22 +06 2020 now 
it is Sun Mar 22 01:25:22 +06 2020 now 
it is Sun Mar 22 01:25:22 +06 2020 now 
it is Sun Mar 22 01:25:23 +06 2020 now 
it is Sun Mar 22 01:25:23 +06 2020 now 
it is Sun Mar 22 01:25:23 +06 2020 now 
it is Sun Mar 22 01:25:23 +06 2020 now 
it is Sun Mar 22 01:25:23 +06 2020 now 
it is Sun Mar 22 01:25:23 +06 2020 now 
it is Sun Mar 22 01:25:23 +06 2020 now 
it is Sun Mar 22 01:25:23 +06 2020 now 
it is Sun Mar 22 01:25:23 +06 2020 now 
it is Sun Mar 22 01:25:23 +06 2020 now 
it is Sun Mar 22 01:25:23 +06 2020 now 
it is Sun Mar 22 01:25:24 +06 2020 now 
it is Sun Mar 22 01:25:24 +06 2020 now 
it is Sun Mar 22 01:25:24 +06 2020 now 
it is Sun Mar 22 01:25:24 +06 2020 now 
it is Sun Mar 22 01:25:24 +06 2020 now 
it is Sun Mar 22 01:25:24 +06 2020 now 
it is Sun Mar 22 01:25:24 +06 2020 now 
it is Sun Mar 22 01:25:24 +06 2020 now 
it is Sun Mar 22 01:25:24 +06 2020 now 
it is Sun Mar 22 01:25:24 +06 2020 now 
it is Sun Mar 22 01:25:24 +06 2020 now 
it is Sun Mar 22 01:25:24 +06 2020 now 
it is Sun Mar 22 01:25:24 +06 2020 now 
it is Sun Mar 22 01:25:25 +06 2020 now 
it is Sun Mar 22 01:25:25 +06 2020 now 
it is Sun Mar 22 01:25:25 +06 2020 now 
it is Sun Mar 22 01:25:25 +06 2020 now 
it is Sun Mar 22 01:25:25 +06 2020 now 
it is Sun Mar 22 01:25:25 +06 2020 now 
it is Sun Mar 22 01:25:25 +06 2020 now 
it is Sun Mar 22 01:25:25 +06 2020 now 
it is Sun Mar 22 01:25:25 +06 2020 now 
it is Sun Mar 22 01:25:25 +06 2020 now 
it is Sun Mar 22 01:25:25 +06 2020 now 
it is Sun Mar 22 01:25:25 +06 2020 now 
it is Sun Mar 22 01:25:26 +06 2020 now 
it is Sun Mar 22 01:25:26 +06 2020 now 
it is Sun Mar 22 01:25:26 +06 2020 now 
it is Sun Mar 22 01:25:26 +06 2020 now 
it is Sun Mar 22 01:25:26 +06 2020 now 
it is Sun Mar 22 01:25:26 +06 2020 now 
it is Sun Mar 22 01:25:26 +06 2020 now 
it is Sun Mar 22 01:25:26 +06 2020 now 
it is Sun Mar 22 01:25:26 +06 2020 now 
it is Sun Mar 22 01:25:26 +06 2020 now 
it is Sun Mar 22 01:25:26 +06 2020 now 
it is Sun Mar 22 01:25:27 +06 2020 now 
it is Sun Mar 22 01:25:27 +06 2020 now 
it is Sun Mar 22 01:25:27 +06 2020 now 
it is Sun Mar 22 01:25:27 +06 2020 now 
it is Sun Mar 22 01:25:27 +06 2020 now 
it is Sun Mar 22 01:25:27 +06 2020 now 
it is Sun Mar 22 01:25:27 +06 2020 now 
it is Sun Mar 22 01:25:27 +06 2020 now 
it is Sun Mar 22 01:25:27 +06 2020 now 
it is Sun Mar 22 01:25:27 +06 2020 now 
it is Sun Mar 22 01:25:27 +06 2020 now 
it is Sun Mar 22 01:25:27 +06 2020 now 
it is Sun Mar 22 01:25:27 +06 2020 now 
it is Sun Mar 22 01:27:55 +06 2020 now 
it is Sun Mar 22 01:27:55 +06 2020 now 
it is Sun Mar 22 01:27:56 +06 2020 now 
it is Sun Mar 22 01:27:56 +06 2020 now 
it is Sun Mar 22 01:27:56 +06 2020 now 
it is Sun Mar 22 01:27:56 +06 2020 now 
it is Sun Mar 22 01:27:56 +06 2020 now 
it is Sun Mar 22 01:27:56 +06 2020 now 
it is Sun Mar 22 01:27:56 +06 2020 now 
it is Sun Mar 22 01:27:56 +06 2020 now 
it is Sun Mar 22 01:27:56 +06 2020 now 
it is Sun Mar 22 01:27:56 +06 2020 now 
it is Sun Mar 22 01:27:56 +06 2020 now 
it is Sun Mar 22 01:27:56 +06 2020 now 
it is Sun Mar 22 01:27:56 +06 2020 now 
it is Sun Mar 22 01:27:57 +06 2020 now 
it is Sun Mar 22 01:27:57 +06 2020 now 
it is Sun Mar 22 01:27:57 +06 2020 now 
it is Sun Mar 22 01:27:57 +06 2020 now 
it is Sun Mar 22 01:27:57 +06 2020 now 
it is Sun Mar 22 01:27:57 +06 2020 now 
it is Sun Mar 22 01:27:57 +06 2020 now 
it is Sun Mar 22 01:27:57 +06 2020 now 
it is Sun Mar 22 01:27:57 +06 2020 now 
it is Sun Mar 22 01:27:57 +06 2020 now 
it is Sun Mar 22 01:27:57 +06 2020 now 
it is Sun Mar 22 01:27:57 +06 2020 now 
it is Sun Mar 22 01:27:58 +06 2020 now 
it is Sun Mar 22 01:27:58 +06 2020 now 
it is Sun Mar 22 01:27:58 +06 2020 now 
it is Sun Mar 22 01:27:58 +06 2020 now 
it is Sun Mar 22 01:27:58 +06 2020 now 
it is Sun Mar 22 01:27:58 +06 2020 now 
it is Sun Mar 22 01:27:58 +06 2020 now 
it is Sun Mar 22 01:27:58 +06 2020 now 
it is Sun Mar 22 01:27:58 +06 2020 now 
it is Sun Mar 22 01:27:58 +06 2020 now 
it is Sun Mar 22 01:27:58 +06 2020 now 
it is Sun Mar 22 01:27:58 +06 2020 now 
it is Sun Mar 22 01:27:58 +06 2020 now 
it is Sun Mar 22 01:27:59 +06 2020 now 
it is Sun Mar 22 01:27:59 +06 2020 now 
it is Sun Mar 22 01:27:59 +06 2020 now 
it is Sun Mar 22 01:27:59 +06 2020 now 
it is Sun Mar 22 01:27:59 +06 2020 now 
it is Sun Mar 22 01:27:59 +06 2020 now 
it is Sun Mar 22 01:27:59 +06 2020 now 
it is Sun Mar 22 01:27:59 +06 2020 now 
it is Sun Mar 22 01:27:59 +06 2020 now 
it is Sun Mar 22 01:27:59 +06 2020 now 
it is Sun Mar 22 01:27:59 +06 2020 now 
it is Sun Mar 22 01:27:59 +06 2020 now 
it is Sun Mar 22 01:28:00 +06 2020 now 
it is Sun Mar 22 01:28:00 +06 2020 now 
it is Sun Mar 22 01:28:00 +06 2020 now 
it is Sun Mar 22 01:28:00 +06 2020 now 
it is Sun Mar 22 01:28:00 +06 2020 now 
it is Sun Mar 22 01:28:00 +06 2020 now 
it is Sun Mar 22 01:28:00 +06 2020 now 
it is Sun Mar 22 01:28:00 +06 2020 now 
it is Sun Mar 22 01:28:00 +06 2020 now 
it is Sun Mar 22 01:28:00 +06 2020 now 
it is Sun Mar 22 01:28:00 +06 2020 now 
it is Sun Mar 22 01:28:00 +06 2020 now 
it is Sun Mar 22 01:28:00 +06 2020 now 
it is Sun Mar 22 01:28:01 +06 2020 now 
it is Sun Mar 22 01:28:01 +06 2020 now 
it is Sun Mar 22 01:28:01 +06 2020 now 
it is Sun Mar 22 01:28:01 +06 2020 now 
it is Sun Mar 22 01:28:01 +06 2020 now 
it is Sun Mar 22 01:28:01 +06 2020 now 
it is Sun Mar 22 01:28:01 +06 2020 now 
it is Sun Mar 22 01:28:01 +06 2020 now 
it is Sun Mar 22 01:28:01 +06 2020 now 
it is Sun Mar 22 01:28:01 +06 2020 now 
it is Sun Mar 22 01:28:01 +06 2020 now 
it is Sun Mar 22 01:28:01 +06 2020 now 
it is Sun Mar 22 01:28:02 +06 2020 now 
it is Sun Mar 22 01:28:02 +06 2020 now 
it is Sun Mar 22 01:28:02 +06 2020 now 
it is Sun Mar 22 01:28:02 +06 2020 now 
it is Sun Mar 22 01:28:02 +06 2020 now 
it is Sun Mar 22 01:28:02 +06 2020 now 
it is Sun Mar 22 01:28:02 +06 2020 now 
it is Sun Mar 22 01:28:02 +06 2020 now 
it is Sun Mar 22 01:28:02 +06 2020 now 
it is Sun Mar 22 01:28:02 +06 2020 now 
it is Sun Mar 22 01:28:02 +06 2020 now 
it is Sun Mar 22 01:28:02 +06 2020 now 
it is Sun Mar 22 01:28:03 +06 2020 now 
it is Sun Mar 22 01:28:03 +06 2020 now 
it is Sun Mar 22 01:28:03 +06 2020 now 
it is Sun Mar 22 01:28:03 +06 2020 now 
it is Sun Mar 22 01:28:03 +06 2020 now 
it is Sun Mar 22 01:28:03 +06 2020 now 
it is Sun Mar 22 01:28:03 +06 2020 now 
it is Sun Mar 22 01:28:03 +06 2020 now 
it is Sun Mar 22 01:28:03 +06 2020 now 
it is Sun Mar 22 01:28:03 +06 2020 now 
it is Sun Mar 22 01:28:03 +06 2020 now 
it is Sun Mar 22 01:28:03 +06 2020 now 
it is Sun Mar 22 01:28:04 +06 2020 now 
it is Sun Mar 22 01:28:04 +06 2020 now 
it is Sun Mar 22 01:28:04 +06 2020 now 
it is Sun Mar 22 01:28:04 +06 2020 now 
it is Sun Mar 22 01:28:04 +06 2020 now 
it is Sun Mar 22 01:28:04 +06 2020 now 
it is Sun Mar 22 01:28:04 +06 2020 now 
it is Sun Mar 22 01:28:04 +06 2020 now 
it is Sun Mar 22 01:28:04 +06 2020 now 
it is Sun Mar 22 01:28:04 +06 2020 now 
it is Sun Mar 22 01:28:04 +06 2020 now 
it is Sun Mar 22 01:28:04 +06 2020 now 
it is Sun Mar 22 01:28:05 +06 2020 now 
it is Sun Mar 22 01:28:05 +06 2020 now 
it is Sun Mar 22 01:28:05 +06 2020 now 
it is Sun Mar 22 01:28:05 +06 2020 now 
it is Sun Mar 22 01:28:05 +06 2020 now 
it is Sun Mar 22 01:28:05 +06 2020 now 
it is Sun Mar 22 01:28:05 +06 2020 now 
it is Sun Mar 22 01:28:05 +06 2020 now 
it is Sun Mar 22 01:28:05 +06 2020 now 
it is Sun Mar 22 01:28:05 +06 2020 now 
it is Sun Mar 22 01:28:05 +06 2020 now 
it is Sun Mar 22 01:28:05 +06 2020 now 
it is Sun Mar 22 01:28:06 +06 2020 now 
it is Sun Mar 22 01:28:06 +06 2020 now 
it is Sun Mar 22 01:28:06 +06 2020 now 
it is Sun Mar 22 01:28:06 +06 2020 now 
it is Sun Mar 22 01:28:06 +06 2020 now 
it is Sun Mar 22 01:28:06 +06 2020 now 
it is Sun Mar 22 01:28:06 +06 2020 now 
it is Sun Mar 22 01:28:06 +06 2020 now 
it is Sun Mar 22 01:28:06 +06 2020 now 
it is Sun Mar 22 01:28:06 +06 2020 now 
it is Sun Mar 22 01:28:06 +06 2020 now 
it is Sun Mar 22 01:28:06 +06 2020 now 
it is Sun Mar 22 01:28:06 +06 2020 now 
it is Sun Mar 22 01:28:07 +06 2020 now 
it is Sun Mar 22 01:28:07 +06 2020 now 
it is Sun Mar 22 01:28:07 +06 2020 now 
it is Sun Mar 22 01:28:07 +06 2020 now 
it is Sun Mar 22 01:28:07 +06 2020 now 
it is Sun Mar 22 01:28:07 +06 2020 now 
it is Sun Mar 22 01:28:07 +06 2020 now 
it is Sun Mar 22 01:28:07 +06 2020 now 
it is Sun Mar 22 01:28:07 +06 2020 now 
it is Sun Mar 22 01:28:07 +06 2020 now 
it is Sun Mar 22 01:28:07 +06 2020 now 
it is Sun Mar 22 01:28:07 +06 2020 now 
it is Sun Mar 22 01:28:08 +06 2020 now 
it is Sun Mar 22 01:28:08 +06 2020 now 
it is Sun Mar 22 01:28:08 +06 2020 now 
it is Sun Mar 22 01:28:08 +06 2020 now 
it is Sun Mar 22 01:28:08 +06 2020 now 
it is Sun Mar 22 01:28:08 +06 2020 now 
it is Sun Mar 22 01:28:08 +06 2020 now 
it is Sun Mar 22 01:28:08 +06 2020 now 
it is Sun Mar 22 01:28:08 +06 2020 now 
it is Sun Mar 22 01:28:08 +06 2020 now 
it is Sun Mar 22 01:28:08 +06 2020 now 
it is Sun Mar 22 01:28:08 +06 2020 now 
it is Sun Mar 22 01:28:09 +06 2020 now 
it is Sun Mar 22 01:28:09 +06 2020 now 
it is Sun Mar 22 01:28:09 +06 2020 now 
it is Sun Mar 22 01:28:09 +06 2020 now 
it is Sun Mar 22 01:28:09 +06 2020 now 
it is Sun Mar 22 01:28:09 +06 2020 now 
it is Sun Mar 22 01:28:09 +06 2020 now 
it is Sun Mar 22 01:28:09 +06 2020 now 
it is Sun Mar 22 01:28:09 +06 2020 now 
it is Sun Mar 22 01:28:09 +06 2020 now 
it is Sun Mar 22 01:28:09 +06 2020 now 
it is Sun Mar 22 01:28:09 +06 2020 now 
it is Sun Mar 22 01:28:10 +06 2020 now 
it is Sun Mar 22 01:28:10 +06 2020 now 
it is Sun Mar 22 01:28:10 +06 2020 now 
it is Sun Mar 22 01:28:10 +06 2020 now 
it is Sun Mar 22 01:28:10 +06 2020 now 
it is Sun Mar 22 01:28:10 +06 2020 now 
it is Sun Mar 22 01:28:10 +06 2020 now 
it is Sun Mar 22 01:28:10 +06 2020 now 
it is Sun Mar 22 01:28:10 +06 2020 now 
it is Sun Mar 22 01:28:10 +06 2020 now 
it is Sun Mar 22 01:28:10 +06 2020 now 
it is Sun Mar 22 01:28:10 +06 2020 now 
it is Sun Mar 22 01:28:11 +06 2020 now 
it is Sun Mar 22 01:28:11 +06 2020 now 
it is Sun Mar 22 01:28:11 +06 2020 now 
it is Sun Mar 22 01:28:11 +06 2020 now 
it is Sun Mar 22 01:28:11 +06 2020 now 
it is Sun Mar 22 01:28:11 +06 2020 now 
it is Sun Mar 22 01:28:11 +06 2020 now 
it is Sun Mar 22 01:28:11 +06 2020 now 
it is Sun Mar 22 01:28:11 +06 2020 now 
it is Sun Mar 22 01:28:11 +06 2020 now 
it is Sun Mar 22 01:28:11 +06 2020 now 
it is Sun Mar 22 01:28:11 +06 2020 now 
it is Sun Mar 22 01:28:11 +06 2020 now 
it is Sun Mar 22 01:28:12 +06 2020 now 
it is Sun Mar 22 01:30:50 +06 2020 now 
it is Sun Mar 22 01:30:50 +06 2020 now 
it is Sun Mar 22 01:30:51 +06 2020 now 
it is Sun Mar 22 01:30:51 +06 2020 now 
it is Sun Mar 22 01:30:51 +06 2020 now 
it is Sun Mar 22 01:30:51 +06 2020 now 
it is Sun Mar 22 01:30:51 +06 2020 now 
it is Sun Mar 22 01:30:51 +06 2020 now 
it is Sun Mar 22 01:30:51 +06 2020 now 
it is Sun Mar 22 01:30:51 +06 2020 now 
it is Sun Mar 22 01:30:51 +06 2020 now 
it is Sun Mar 22 01:30:51 +06 2020 now 
it is Sun Mar 22 01:30:51 +06 2020 now 
it is Sun Mar 22 01:30:51 +06 2020 now 
it is Sun Mar 22 01:30:51 +06 2020 now 
it is Sun Mar 22 01:30:52 +06 2020 now 
it is Sun Mar 22 01:30:52 +06 2020 now 
it is Sun Mar 22 01:30:52 +06 2020 now 
it is Sun Mar 22 01:30:52 +06 2020 now 
it is Sun Mar 22 01:30:52 +06 2020 now 
it is Sun Mar 22 01:30:52 +06 2020 now 
it is Sun Mar 22 01:30:52 +06 2020 now 
it is Sun Mar 22 01:30:52 +06 2020 now 
it is Sun Mar 22 01:30:52 +06 2020 now 
it is Sun Mar 22 01:30:52 +06 2020 now 
it is Sun Mar 22 01:30:52 +06 2020 now 
it is Sun Mar 22 01:30:52 +06 2020 now 
it is Sun Mar 22 01:30:53 +06 2020 now 
it is Sun Mar 22 01:30:53 +06 2020 now 
it is Sun Mar 22 01:30:53 +06 2020 now 
it is Sun Mar 22 01:30:53 +06 2020 now 
it is Sun Mar 22 01:30:53 +06 2020 now 
it is Sun Mar 22 01:30:53 +06 2020 now 
it is Sun Mar 22 01:30:53 +06 2020 now 
it is Sun Mar 22 01:30:53 +06 2020 now 
it is Sun Mar 22 01:30:53 +06 2020 now 
it is Sun Mar 22 01:30:53 +06 2020 now 
it is Sun Mar 22 01:30:53 +06 2020 now 
it is Sun Mar 22 01:30:53 +06 2020 now 
it is Sun Mar 22 01:30:54 +06 2020 now 
it is Sun Mar 22 01:30:54 +06 2020 now 
it is Sun Mar 22 01:30:54 +06 2020 now 
it is Sun Mar 22 01:30:54 +06 2020 now 
it is Sun Mar 22 01:30:54 +06 2020 now 
it is Sun Mar 22 01:30:54 +06 2020 now 
it is Sun Mar 22 01:30:54 +06 2020 now 
it is Sun Mar 22 01:30:54 +06 2020 now 
it is Sun Mar 22 01:30:54 +06 2020 now 
it is Sun Mar 22 01:30:54 +06 2020 now 
it is Sun Mar 22 01:30:54 +06 2020 now 
it is Sun Mar 22 01:30:55 +06 2020 now 
it is Sun Mar 22 01:30:55 +06 2020 now 
it is Sun Mar 22 01:30:55 +06 2020 now 
it is Sun Mar 22 01:30:55 +06 2020 now 
it is Sun Mar 22 01:30:55 +06 2020 now 
it is Sun Mar 22 01:30:55 +06 2020 now 
it is Sun Mar 22 01:30:55 +06 2020 now 
it is Sun Mar 22 01:30:55 +06 2020 now 
it is Sun Mar 22 01:30:55 +06 2020 now 
it is Sun Mar 22 01:30:55 +06 2020 now 
it is Sun Mar 22 01:30:55 +06 2020 now 
it is Sun Mar 22 01:30:55 +06 2020 now 
it is Sun Mar 22 01:30:55 +06 2020 now 
it is Sun Mar 22 01:30:56 +06 2020 now 
it is Sun Mar 22 01:30:56 +06 2020 now 
it is Sun Mar 22 01:30:56 +06 2020 now 
it is Sun Mar 22 01:30:56 +06 2020 now 
it is Sun Mar 22 01:30:56 +06 2020 now 
it is Sun Mar 22 01:30:56 +06 2020 now 
it is Sun Mar 22 01:30:56 +06 2020 now 
it is Sun Mar 22 01:30:56 +06 2020 now 
it is Sun Mar 22 01:30:56 +06 2020 now 
it is Sun Mar 22 01:30:56 +06 2020 now 
it is Sun Mar 22 01:30:56 +06 2020 now 
it is Sun Mar 22 01:30:56 +06 2020 now 
it is Sun Mar 22 01:30:57 +06 2020 now 
it is Sun Mar 22 01:30:57 +06 2020 now 
it is Sun Mar 22 01:30:57 +06 2020 now 
it is Sun Mar 22 01:30:57 +06 2020 now 
it is Sun Mar 22 01:30:57 +06 2020 now 
it is Sun Mar 22 01:30:57 +06 2020 now 
it is Sun Mar 22 01:30:57 +06 2020 now 
it is Sun Mar 22 01:30:57 +06 2020 now 
it is Sun Mar 22 01:30:57 +06 2020 now 
it is Sun Mar 22 01:30:57 +06 2020 now 
it is Sun Mar 22 01:30:58 +06 2020 now 
it is Sun Mar 22 01:30:58 +06 2020 now 
it is Sun Mar 22 01:30:58 +06 2020 now 
it is Sun Mar 22 01:30:58 +06 2020 now 
it is Sun Mar 22 01:30:58 +06 2020 now 
it is Sun Mar 22 01:30:58 +06 2020 now 
it is Sun Mar 22 01:30:58 +06 2020 now 
it is Sun Mar 22 01:30:58 +06 2020 now 
it is Sun Mar 22 01:30:58 +06 2020 now 
it is Sun Mar 22 01:30:58 +06 2020 now 
it is Sun Mar 22 01:30:58 +06 2020 now 
it is Sun Mar 22 01:30:58 +06 2020 now 
it is Sun Mar 22 01:30:58 +06 2020 now 
it is Sun Mar 22 01:30:59 +06 2020 now 
it is Sun Mar 22 01:30:59 +06 2020 now 
it is Sun Mar 22 01:30:59 +06 2020 now 
it is Sun Mar 22 01:30:59 +06 2020 now 
it is Sun Mar 22 01:30:59 +06 2020 now 
it is Sun Mar 22 01:30:59 +06 2020 now 
it is Sun Mar 22 01:30:59 +06 2020 now 
it is Sun Mar 22 01:30:59 +06 2020 now 
it is Sun Mar 22 01:30:59 +06 2020 now 
it is Sun Mar 22 01:30:59 +06 2020 now 
it is Sun Mar 22 01:30:59 +06 2020 now 
it is Sun Mar 22 01:31:00 +06 2020 now 
it is Sun Mar 22 01:31:00 +06 2020 now 
it is Sun Mar 22 01:31:00 +06 2020 now 
it is Sun Mar 22 01:31:00 +06 2020 now 
it is Sun Mar 22 01:31:00 +06 2020 now 
it is Sun Mar 22 01:31:00 +06 2020 now 
it is Sun Mar 22 01:31:00 +06 2020 now 
it is Sun Mar 22 01:31:00 +06 2020 now 
it is Sun Mar 22 01:31:00 +06 2020 now 
it is Sun Mar 22 01:31:00 +06 2020 now 
it is Sun Mar 22 01:31:00 +06 2020 now 
it is Sun Mar 22 01:31:00 +06 2020 now 
it is Sun Mar 22 01:31:00 +06 2020 now 
it is Sun Mar 22 01:31:01 +06 2020 now 
it is Sun Mar 22 01:31:01 +06 2020 now 
it is Sun Mar 22 01:31:01 +06 2020 now 
it is Sun Mar 22 01:31:01 +06 2020 now 
it is Sun Mar 22 01:31:01 +06 2020 now 
it is Sun Mar 22 01:31:01 +06 2020 now 
it is Sun Mar 22 01:31:01 +06 2020 now 
it is Sun Mar 22 01:31:01 +06 2020 now 
it is Sun Mar 22 01:31:01 +06 2020 now 
it is Sun Mar 22 01:31:01 +06 2020 now 
it is Sun Mar 22 01:31:01 +06 2020 now 
it is Sun Mar 22 01:31:01 +06 2020 now 
it is Sun Mar 22 01:31:02 +06 2020 now 
it is Sun Mar 22 01:31:02 +06 2020 now 
it is Sun Mar 22 01:31:02 +06 2020 now 
it is Sun Mar 22 01:31:02 +06 2020 now 
it is Sun Mar 22 01:31:02 +06 2020 now 
it is Sun Mar 22 01:31:02 +06 2020 now 
it is Sun Mar 22 01:31:02 +06 2020 now 
it is Sun Mar 22 01:31:02 +06 2020 now 
it is Sun Mar 22 01:31:02 +06 2020 now 
it is Sun Mar 22 01:31:02 +06 2020 now 
it is Sun Mar 22 01:31:02 +06 2020 now 
it is Sun Mar 22 01:31:02 +06 2020 now 
it is Sun Mar 22 01:31:03 +06 2020 now 
it is Sun Mar 22 01:31:03 +06 2020 now 
it is Sun Mar 22 01:31:03 +06 2020 now 
it is Sun Mar 22 01:31:03 +06 2020 now 
it is Sun Mar 22 01:31:03 +06 2020 now 
it is Sun Mar 22 01:31:03 +06 2020 now 
it is Sun Mar 22 01:31:03 +06 2020 now 
it is Sun Mar 22 01:31:03 +06 2020 now 
it is Sun Mar 22 01:31:03 +06 2020 now 
it is Sun Mar 22 01:31:03 +06 2020 now 
it is Sun Mar 22 01:31:03 +06 2020 now 
it is Sun Mar 22 01:31:03 +06 2020 now 
it is Sun Mar 22 01:31:04 +06 2020 now 
it is Sun Mar 22 01:31:04 +06 2020 now 
it is Sun Mar 22 01:31:04 +06 2020 now 
it is Sun Mar 22 01:31:04 +06 2020 now 
it is Sun Mar 22 01:31:04 +06 2020 now 
it is Sun Mar 22 01:31:04 +06 2020 now 
it is Sun Mar 22 01:31:04 +06 2020 now 
it is Sun Mar 22 01:31:04 +06 2020 now 
it is Sun Mar 22 01:31:04 +06 2020 now 
it is Sun Mar 22 01:31:04 +06 2020 now 
it is Sun Mar 22 01:31:04 +06 2020 now 
it is Sun Mar 22 01:31:04 +06 2020 now 
it is Sun Mar 22 01:31:05 +06 2020 now 
it is Sun Mar 22 01:31:05 +06 2020 now 
it is Sun Mar 22 01:31:05 +06 2020 now 
it is Sun Mar 22 01:31:05 +06 2020 now 
it is Sun Mar 22 01:31:05 +06 2020 now 
it is Sun Mar 22 01:31:05 +06 2020 now 
it is Sun Mar 22 01:31:05 +06 2020 now 
it is Sun Mar 22 01:31:05 +06 2020 now 
it is Sun Mar 22 01:31:05 +06 2020 now 
it is Sun Mar 22 01:31:05 +06 2020 now 
it is Sun Mar 22 01:31:05 +06 2020 now 
it is Sun Mar 22 01:31:05 +06 2020 now 
it is Sun Mar 22 01:31:06 +06 2020 now 
it is Sun Mar 22 01:31:06 +06 2020 now 
it is Sun Mar 22 01:31:06 +06 2020 now 
it is Sun Mar 22 01:31:06 +06 2020 now 
it is Sun Mar 22 01:31:06 +06 2020 now 
it is Sun Mar 22 01:31:06 +06 2020 now 
it is Sun Mar 22 01:31:06 +06 2020 now 
it is Sun Mar 22 01:31:06 +06 2020 now 
it is Sun Mar 22 01:31:06 +06 2020 now 
it is Sun Mar 22 01:31:06 +06 2020 now 
it is Sun Mar 22 01:31:06 +06 2020 now 
it is Sun Mar 22 01:31:06 +06 2020 now 
it is Sun Mar 22 01:31:06 +06 2020 now 
it is Sun Mar 22 01:31:07 +06 2020 now 
it is Sun Mar 22 01:31:07 +06 2020 now 
it is Sun Mar 22 01:31:07 +06 2020 now 
it is Sun Mar 22 01:31:07 +06 2020 now 
it is Sun Mar 22 01:31:07 +06 2020 now 
it is Sun Mar 22 01:33:51 +06 2020 now 
it is Sun Mar 22 01:33:52 +06 2020 now 
it is Sun Mar 22 01:33:52 +06 2020 now 
it is Sun Mar 22 01:33:52 +06 2020 now 
it is Sun Mar 22 01:33:52 +06 2020 now 
it is Sun Mar 22 01:33:52 +06 2020 now 
it is Sun Mar 22 01:33:52 +06 2020 now 
it is Sun Mar 22 01:33:52 +06 2020 now 
it is Sun Mar 22 01:33:52 +06 2020 now 
it is Sun Mar 22 01:33:52 +06 2020 now 
it is Sun Mar 22 01:33:52 +06 2020 now 
it is Sun Mar 22 01:33:52 +06 2020 now 
it is Sun Mar 22 01:33:52 +06 2020 now 
it is Sun Mar 22 01:33:53 +06 2020 now 
it is Sun Mar 22 01:33:53 +06 2020 now 
it is Sun Mar 22 01:33:53 +06 2020 now 
it is Sun Mar 22 01:33:53 +06 2020 now 
it is Sun Mar 22 01:33:53 +06 2020 now 
it is Sun Mar 22 01:33:53 +06 2020 now 
it is Sun Mar 22 01:33:53 +06 2020 now 
it is Sun Mar 22 01:33:53 +06 2020 now 
it is Sun Mar 22 01:33:53 +06 2020 now 
it is Sun Mar 22 01:33:53 +06 2020 now 
it is Sun Mar 22 01:33:53 +06 2020 now 
it is Sun Mar 22 01:33:54 +06 2020 now 
it is Sun Mar 22 01:33:54 +06 2020 now 
it is Sun Mar 22 01:33:54 +06 2020 now 
it is Sun Mar 22 01:33:54 +06 2020 now 
it is Sun Mar 22 01:33:54 +06 2020 now 
it is Sun Mar 22 01:33:54 +06 2020 now 
it is Sun Mar 22 01:33:54 +06 2020 now 
it is Sun Mar 22 01:33:54 +06 2020 now 
it is Sun Mar 22 01:33:54 +06 2020 now 
it is Sun Mar 22 01:33:54 +06 2020 now 
it is Sun Mar 22 01:33:54 +06 2020 now 
it is Sun Mar 22 01:33:54 +06 2020 now 
it is Sun Mar 22 01:33:54 +06 2020 now 
it is Sun Mar 22 01:33:55 +06 2020 now 
it is Sun Mar 22 01:33:55 +06 2020 now 
it is Sun Mar 22 01:33:55 +06 2020 now 
it is Sun Mar 22 01:33:55 +06 2020 now 
it is Sun Mar 22 01:33:55 +06 2020 now 
it is Sun Mar 22 01:33:55 +06 2020 now 
it is Sun Mar 22 01:33:55 +06 2020 now 
it is Sun Mar 22 01:33:55 +06 2020 now 
it is Sun Mar 22 01:33:55 +06 2020 now 
it is Sun Mar 22 01:33:55 +06 2020 now 
it is Sun Mar 22 01:33:55 +06 2020 now 
it is Sun Mar 22 01:33:55 +06 2020 now 
it is Sun Mar 22 01:33:55 +06 2020 now 
it is Sun Mar 22 01:33:56 +06 2020 now 
it is Sun Mar 22 01:33:56 +06 2020 now 
it is Sun Mar 22 01:33:56 +06 2020 now 
it is Sun Mar 22 01:33:56 +06 2020 now 
it is Sun Mar 22 01:33:56 +06 2020 now 
it is Sun Mar 22 01:33:56 +06 2020 now 
it is Sun Mar 22 01:33:56 +06 2020 now 
it is Sun Mar 22 01:33:56 +06 2020 now 
it is Sun Mar 22 01:33:56 +06 2020 now 
it is Sun Mar 22 01:33:56 +06 2020 now 
it is Sun Mar 22 01:33:56 +06 2020 now 
it is Sun Mar 22 01:33:56 +06 2020 now 
it is Sun Mar 22 01:33:56 +06 2020 now 
it is Sun Mar 22 01:33:57 +06 2020 now 
it is Sun Mar 22 01:33:57 +06 2020 now 
it is Sun Mar 22 01:33:57 +06 2020 now 
it is Sun Mar 22 01:33:57 +06 2020 now 
it is Sun Mar 22 01:33:57 +06 2020 now 
it is Sun Mar 22 01:33:57 +06 2020 now 
it is Sun Mar 22 01:33:57 +06 2020 now 
it is Sun Mar 22 01:33:57 +06 2020 now 
it is Sun Mar 22 01:33:57 +06 2020 now 
it is Sun Mar 22 01:33:57 +06 2020 now 
it is Sun Mar 22 01:33:57 +06 2020 now 
it is Sun Mar 22 01:33:57 +06 2020 now 
it is Sun Mar 22 01:33:58 +06 2020 now 
it is Sun Mar 22 01:33:58 +06 2020 now 
it is Sun Mar 22 01:33:58 +06 2020 now 
it is Sun Mar 22 01:33:58 +06 2020 now 
it is Sun Mar 22 01:33:58 +06 2020 now 
it is Sun Mar 22 01:33:58 +06 2020 now 
it is Sun Mar 22 01:33:58 +06 2020 now 
it is Sun Mar 22 01:33:58 +06 2020 now 
it is Sun Mar 22 01:33:58 +06 2020 now 
it is Sun Mar 22 01:33:58 +06 2020 now 
it is Sun Mar 22 01:33:58 +06 2020 now 
it is Sun Mar 22 01:33:58 +06 2020 now 
it is Sun Mar 22 01:33:59 +06 2020 now 
it is Sun Mar 22 01:33:59 +06 2020 now 
it is Sun Mar 22 01:33:59 +06 2020 now 
it is Sun Mar 22 01:33:59 +06 2020 now 
it is Sun Mar 22 01:33:59 +06 2020 now 
it is Sun Mar 22 01:33:59 +06 2020 now 
it is Sun Mar 22 01:33:59 +06 2020 now 
it is Sun Mar 22 01:33:59 +06 2020 now 
it is Sun Mar 22 01:33:59 +06 2020 now 
it is Sun Mar 22 01:33:59 +06 2020 now 
it is Sun Mar 22 01:33:59 +06 2020 now 
it is Sun Mar 22 01:33:59 +06 2020 now 
it is Sun Mar 22 01:34:00 +06 2020 now 
it is Sun Mar 22 01:34:00 +06 2020 now 
it is Sun Mar 22 01:34:00 +06 2020 now 
it is Sun Mar 22 01:34:00 +06 2020 now 
it is Sun Mar 22 01:34:00 +06 2020 now 
it is Sun Mar 22 01:34:00 +06 2020 now 
it is Sun Mar 22 01:34:00 +06 2020 now 
it is Sun Mar 22 01:34:00 +06 2020 now 
it is Sun Mar 22 01:34:00 +06 2020 now 
it is Sun Mar 22 01:34:00 +06 2020 now 
it is Sun Mar 22 01:34:00 +06 2020 now 
it is Sun Mar 22 01:34:00 +06 2020 now 
it is Sun Mar 22 01:34:01 +06 2020 now 
it is Sun Mar 22 01:34:01 +06 2020 now 
it is Sun Mar 22 01:34:01 +06 2020 now 
it is Sun Mar 22 01:34:01 +06 2020 now 
it is Sun Mar 22 01:34:01 +06 2020 now 
it is Sun Mar 22 01:34:01 +06 2020 now 
it is Sun Mar 22 01:34:01 +06 2020 now 
it is Sun Mar 22 01:34:01 +06 2020 now 
it is Sun Mar 22 01:34:01 +06 2020 now 
it is Sun Mar 22 01:34:01 +06 2020 now 
it is Sun Mar 22 01:34:01 +06 2020 now 
it is Sun Mar 22 01:34:01 +06 2020 now 
it is Sun Mar 22 01:34:01 +06 2020 now 
it is Sun Mar 22 01:34:02 +06 2020 now 
it is Sun Mar 22 01:34:02 +06 2020 now 
it is Sun Mar 22 01:34:02 +06 2020 now 
it is Sun Mar 22 01:34:02 +06 2020 now 
it is Sun Mar 22 01:34:02 +06 2020 now 
it is Sun Mar 22 01:34:02 +06 2020 now 
it is Sun Mar 22 01:34:02 +06 2020 now 
it is Sun Mar 22 01:34:02 +06 2020 now 
it is Sun Mar 22 01:34:02 +06 2020 now 
it is Sun Mar 22 01:34:02 +06 2020 now 
it is Sun Mar 22 01:34:02 +06 2020 now 
it is Sun Mar 22 01:34:03 +06 2020 now 
it is Sun Mar 22 01:34:03 +06 2020 now 
it is Sun Mar 22 01:34:03 +06 2020 now 
it is Sun Mar 22 01:34:03 +06 2020 now 
it is Sun Mar 22 01:34:03 +06 2020 now 
it is Sun Mar 22 01:34:03 +06 2020 now 
it is Sun Mar 22 01:34:03 +06 2020 now 
it is Sun Mar 22 01:34:03 +06 2020 now 
it is Sun Mar 22 01:34:03 +06 2020 now 
it is Sun Mar 22 01:34:03 +06 2020 now 
it is Sun Mar 22 01:34:03 +06 2020 now 
it is Sun Mar 22 01:34:03 +06 2020 now 
it is Sun Mar 22 01:34:04 +06 2020 now 
it is Sun Mar 22 01:34:04 +06 2020 now 
it is Sun Mar 22 01:34:04 +06 2020 now 
it is Sun Mar 22 01:34:04 +06 2020 now 
it is Sun Mar 22 01:34:04 +06 2020 now 
it is Sun Mar 22 01:34:04 +06 2020 now 
it is Sun Mar 22 01:34:04 +06 2020 now 
it is Sun Mar 22 01:34:04 +06 2020 now 
it is Sun Mar 22 01:34:04 +06 2020 now 
it is Sun Mar 22 01:34:04 +06 2020 now 
it is Sun Mar 22 01:34:04 +06 2020 now 
it is Sun Mar 22 01:34:04 +06 2020 now 
it is Sun Mar 22 01:34:05 +06 2020 now 
it is Sun Mar 22 01:34:05 +06 2020 now 
it is Sun Mar 22 01:34:05 +06 2020 now 
it is Sun Mar 22 01:34:05 +06 2020 now 
it is Sun Mar 22 01:34:05 +06 2020 now 
it is Sun Mar 22 01:34:05 +06 2020 now 
it is Sun Mar 22 01:34:05 +06 2020 now 
it is Sun Mar 22 01:34:05 +06 2020 now 
it is Sun Mar 22 01:34:05 +06 2020 now 
it is Sun Mar 22 01:34:05 +06 2020 now 
it is Sun Mar 22 01:34:05 +06 2020 now 
it is Sun Mar 22 01:34:05 +06 2020 now 
it is Sun Mar 22 01:34:06 +06 2020 now 
it is Sun Mar 22 01:34:06 +06 2020 now 
it is Sun Mar 22 01:34:06 +06 2020 now 
it is Sun Mar 22 01:34:06 +06 2020 now 
it is Sun Mar 22 01:34:06 +06 2020 now 
it is Sun Mar 22 01:34:06 +06 2020 now 
it is Sun Mar 22 01:34:06 +06 2020 now 
it is Sun Mar 22 01:34:06 +06 2020 now 
it is Sun Mar 22 01:34:06 +06 2020 now 
it is Sun Mar 22 01:34:06 +06 2020 now 
it is Sun Mar 22 01:34:06 +06 2020 now 
it is Sun Mar 22 01:34:06 +06 2020 now 
it is Sun Mar 22 01:34:06 +06 2020 now 
it is Sun Mar 22 01:34:07 +06 2020 now 
it is Sun Mar 22 01:34:07 +06 2020 now 
it is Sun Mar 22 01:34:07 +06 2020 now 
it is Sun Mar 22 01:34:07 +06 2020 now 
it is Sun Mar 22 01:34:07 +06 2020 now 
it is Sun Mar 22 01:34:07 +06 2020 now 
it is Sun Mar 22 01:34:07 +06 2020 now 
it is Sun Mar 22 01:34:07 +06 2020 now 
it is Sun Mar 22 01:34:07 +06 2020 now 
it is Sun Mar 22 01:34:07 +06 2020 now 
it is Sun Mar 22 01:34:07 +06 2020 now 
it is Sun Mar 22 01:34:07 +06 2020 now 
it is Sun Mar 22 01:34:07 +06 2020 now 
it is Sun Mar 22 01:34:08 +06 2020 now 
it is Sun Mar 22 01:34:08 +06 2020 now 
it is Sun Mar 22 01:34:08 +06 2020 now 
it is Sun Mar 22 01:38:45 +06 2020 now 
it is Sun Mar 22 01:38:45 +06 2020 now 
it is Sun Mar 22 01:41:14 +06 2020 now 
it is Sun Mar 22 01:41:15 +06 2020 now 
it is Sun Mar 22 01:42:38 +06 2020 now 
it is Sun Mar 22 01:42:38 +06 2020 now 
it is Sun Mar 22 01:43:26 +06 2020 now 
it is Sun Mar 22 01:43:26 +06 2020 now 
it is Sun Mar 22 01:44:12 +06 2020 now 
it is Sun Mar 22 01:44:12 +06 2020 now 
it is Sun Mar 22 01:46:43 +06 2020 now 
it is Sun Mar 22 01:46:43 +06 2020 now 
it is Sun Mar 22 01:46:43 +06 2020 now 
it is Sun Mar 22 01:46:43 +06 2020 now 
it is Sun Mar 22 01:46:43 +06 2020 now 
it is Sun Mar 22 01:46:43 +06 2020 now 
it is Sun Mar 22 01:46:43 +06 2020 now 
it is Sun Mar 22 01:46:43 +06 2020 now 
it is Sun Mar 22 01:46:43 +06 2020 now 
it is Sun Mar 22 01:46:43 +06 2020 now 
it is Sun Mar 22 01:46:44 +06 2020 now 
it is Sun Mar 22 01:46:44 +06 2020 now 
it is Sun Mar 22 01:46:44 +06 2020 now 
it is Sun Mar 22 01:46:44 +06 2020 now 
it is Sun Mar 22 01:46:44 +06 2020 now 
it is Sun Mar 22 01:46:44 +06 2020 now 
it is Sun Mar 22 01:46:44 +06 2020 now 
it is Sun Mar 22 01:46:44 +06 2020 now 
it is Sun Mar 22 01:46:44 +06 2020 now 
it is Sun Mar 22 01:46:44 +06 2020 now 
it is Sun Mar 22 01:46:44 +06 2020 now 
it is Sun Mar 22 01:46:44 +06 2020 now 
it is Sun Mar 22 01:46:45 +06 2020 now 
it is Sun Mar 22 01:46:45 +06 2020 now 
it is Sun Mar 22 01:46:45 +06 2020 now 
it is Sun Mar 22 01:46:45 +06 2020 now 
it is Sun Mar 22 01:46:45 +06 2020 now 
it is Sun Mar 22 01:46:45 +06 2020 now 
it is Sun Mar 22 01:46:45 +06 2020 now 
it is Sun Mar 22 01:46:45 +06 2020 now 
it is Sun Mar 22 01:46:45 +06 2020 now 
it is Sun Mar 22 01:46:45 +06 2020 now 
it is Sun Mar 22 01:46:45 +06 2020 now 
it is Sun Mar 22 01:46:45 +06 2020 now 
it is Sun Mar 22 01:46:46 +06 2020 now 
it is Sun Mar 22 01:46:46 +06 2020 now 
it is Sun Mar 22 01:46:46 +06 2020 now 
it is Sun Mar 22 01:46:46 +06 2020 now 
it is Sun Mar 22 01:46:46 +06 2020 now 
it is Sun Mar 22 01:46:46 +06 2020 now 
it is Sun Mar 22 01:46:46 +06 2020 now 
it is Sun Mar 22 01:46:46 +06 2020 now 
it is Sun Mar 22 01:46:46 +06 2020 now 
it is Sun Mar 22 01:46:46 +06 2020 now 
it is Sun Mar 22 01:46:46 +06 2020 now 
it is Sun Mar 22 01:46:46 +06 2020 now 
it is Sun Mar 22 01:46:46 +06 2020 now 
it is Sun Mar 22 01:46:47 +06 2020 now 
it is Sun Mar 22 01:46:47 +06 2020 now 
it is Sun Mar 22 01:46:47 +06 2020 now 
it is Sun Mar 22 01:46:47 +06 2020 now 
it is Sun Mar 22 01:46:47 +06 2020 now 
it is Sun Mar 22 01:46:47 +06 2020 now 
it is Sun Mar 22 01:46:47 +06 2020 now 
it is Sun Mar 22 01:46:47 +06 2020 now 
it is Sun Mar 22 01:46:47 +06 2020 now 
it is Sun Mar 22 01:46:47 +06 2020 now 
it is Sun Mar 22 01:46:47 +06 2020 now 
it is Sun Mar 22 01:46:47 +06 2020 now 
it is Sun Mar 22 01:46:48 +06 2020 now 
it is Sun Mar 22 01:46:48 +06 2020 now 
it is Sun Mar 22 01:46:48 +06 2020 now 
it is Sun Mar 22 01:46:48 +06 2020 now 
it is Sun Mar 22 01:46:48 +06 2020 now 
it is Sun Mar 22 01:46:48 +06 2020 now 
it is Sun Mar 22 01:46:48 +06 2020 now 
it is Sun Mar 22 01:46:48 +06 2020 now 
it is Sun Mar 22 01:46:48 +06 2020 now 
it is Sun Mar 22 01:46:48 +06 2020 now 
it is Sun Mar 22 01:46:48 +06 2020 now 
it is Sun Mar 22 01:46:48 +06 2020 now 
it is Sun Mar 22 01:46:49 +06 2020 now 
it is Sun Mar 22 01:46:49 +06 2020 now 
it is Sun Mar 22 01:46:49 +06 2020 now 
it is Sun Mar 22 01:46:49 +06 2020 now 
it is Sun Mar 22 01:46:49 +06 2020 now 
it is Sun Mar 22 01:46:49 +06 2020 now 
it is Sun Mar 22 01:46:49 +06 2020 now 
it is Sun Mar 22 01:46:49 +06 2020 now 
it is Sun Mar 22 01:46:49 +06 2020 now 
it is Sun Mar 22 01:46:49 +06 2020 now 
it is Sun Mar 22 01:46:49 +06 2020 now 
it is Sun Mar 22 01:46:50 +06 2020 now 
it is Sun Mar 22 01:46:50 +06 2020 now 
it is Sun Mar 22 01:46:50 +06 2020 now 
it is Sun Mar 22 01:46:50 +06 2020 now 
it is Sun Mar 22 01:46:50 +06 2020 now 
it is Sun Mar 22 01:46:50 +06 2020 now 
it is Sun Mar 22 01:46:50 +06 2020 now 
it is Sun Mar 22 01:46:50 +06 2020 now 
it is Sun Mar 22 01:46:50 +06 2020 now 
it is Sun Mar 22 01:46:50 +06 2020 now 
it is Sun Mar 22 01:46:50 +06 2020 now 
it is Sun Mar 22 01:46:51 +06 2020 now 
it is Sun Mar 22 01:46:51 +06 2020 now 
it is Sun Mar 22 01:46:51 +06 2020 now 
it is Sun Mar 22 01:46:51 +06 2020 now 
it is Sun Mar 22 01:46:51 +06 2020 now 
it is Sun Mar 22 01:46:51 +06 2020 now 
it is Sun Mar 22 01:46:51 +06 2020 now 
it is Sun Mar 22 01:46:51 +06 2020 now 
it is Sun Mar 22 01:46:51 +06 2020 now 
it is Sun Mar 22 01:46:51 +06 2020 now 
it is Sun Mar 22 01:46:51 +06 2020 now 
it is Sun Mar 22 01:46:51 +06 2020 now 
it is Sun Mar 22 01:46:52 +06 2020 now 
it is Sun Mar 22 01:46:52 +06 2020 now 
it is Sun Mar 22 01:46:52 +06 2020 now 
it is Sun Mar 22 01:46:52 +06 2020 now 
it is Sun Mar 22 01:46:52 +06 2020 now 
it is Sun Mar 22 01:46:52 +06 2020 now 
it is Sun Mar 22 01:46:52 +06 2020 now 
it is Sun Mar 22 01:46:52 +06 2020 now 
it is Sun Mar 22 01:46:52 +06 2020 now 
it is Sun Mar 22 01:46:52 +06 2020 now 
it is Sun Mar 22 01:46:53 +06 2020 now 
it is Sun Mar 22 01:46:53 +06 2020 now 
it is Sun Mar 22 01:46:53 +06 2020 now 
it is Sun Mar 22 01:46:53 +06 2020 now 
it is Sun Mar 22 01:46:53 +06 2020 now 
it is Sun Mar 22 01:46:53 +06 2020 now 
it is Sun Mar 22 01:46:53 +06 2020 now 
it is Sun Mar 22 01:46:53 +06 2020 now 
it is Sun Mar 22 01:46:53 +06 2020 now 
it is Sun Mar 22 01:46:53 +06 2020 now 
it is Sun Mar 22 01:46:53 +06 2020 now 
it is Sun Mar 22 01:46:54 +06 2020 now 
it is Sun Mar 22 01:46:54 +06 2020 now 
it is Sun Mar 22 01:46:54 +06 2020 now 
it is Sun Mar 22 01:46:54 +06 2020 now 
it is Sun Mar 22 01:46:54 +06 2020 now 
it is Sun Mar 22 01:46:54 +06 2020 now 
it is Sun Mar 22 01:46:54 +06 2020 now 
it is Sun Mar 22 01:46:55 +06 2020 now 
it is Sun Mar 22 01:46:55 +06 2020 now 
it is Sun Mar 22 01:46:55 +06 2020 now 
it is Sun Mar 22 01:46:55 +06 2020 now 
it is Sun Mar 22 01:46:55 +06 2020 now 
it is Sun Mar 22 01:46:55 +06 2020 now 
it is Sun Mar 22 01:46:55 +06 2020 now 
it is Sun Mar 22 01:46:55 +06 2020 now 
it is Sun Mar 22 01:46:55 +06 2020 now 
it is Sun Mar 22 01:46:55 +06 2020 now 
it is Sun Mar 22 01:46:55 +06 2020 now 
it is Sun Mar 22 01:46:56 +06 2020 now 
it is Sun Mar 22 01:46:56 +06 2020 now 
it is Sun Mar 22 01:46:56 +06 2020 now 
it is Sun Mar 22 01:46:56 +06 2020 now 
it is Sun Mar 22 01:46:56 +06 2020 now 
it is Sun Mar 22 01:46:56 +06 2020 now 
it is Sun Mar 22 01:46:56 +06 2020 now 
it is Sun Mar 22 01:46:56 +06 2020 now 
it is Sun Mar 22 01:46:56 +06 2020 now 
it is Sun Mar 22 01:46:56 +06 2020 now 
it is Sun Mar 22 01:46:56 +06 2020 now 
it is Sun Mar 22 01:46:56 +06 2020 now 
it is Sun Mar 22 01:46:56 +06 2020 now 
it is Sun Mar 22 01:46:57 +06 2020 now 
it is Sun Mar 22 01:46:57 +06 2020 now 
it is Sun Mar 22 01:46:57 +06 2020 now 
it is Sun Mar 22 01:46:57 +06 2020 now 
it is Sun Mar 22 01:46:57 +06 2020 now 
it is Sun Mar 22 01:46:57 +06 2020 now 
it is Sun Mar 22 01:46:57 +06 2020 now 
it is Sun Mar 22 01:46:57 +06 2020 now 
it is Sun Mar 22 01:46:57 +06 2020 now 
it is Sun Mar 22 01:46:57 +06 2020 now 
it is Sun Mar 22 01:46:57 +06 2020 now 
it is Sun Mar 22 01:46:57 +06 2020 now 
it is Sun Mar 22 01:46:58 +06 2020 now 
it is Sun Mar 22 01:46:58 +06 2020 now 
it is Sun Mar 22 01:46:58 +06 2020 now 
it is Sun Mar 22 01:46:58 +06 2020 now 
it is Sun Mar 22 01:46:58 +06 2020 now 
it is Sun Mar 22 01:46:58 +06 2020 now 
it is Sun Mar 22 01:46:58 +06 2020 now 
it is Sun Mar 22 01:46:58 +06 2020 now 
it is Sun Mar 22 01:46:58 +06 2020 now 
it is Sun Mar 22 01:46:58 +06 2020 now 
it is Sun Mar 22 01:46:58 +06 2020 now 
it is Sun Mar 22 01:46:58 +06 2020 now 
it is Sun Mar 22 01:46:58 +06 2020 now 
it is Sun Mar 22 01:46:59 +06 2020 now 
it is Sun Mar 22 01:46:59 +06 2020 now 
it is Sun Mar 22 01:46:59 +06 2020 now 
it is Sun Mar 22 01:46:59 +06 2020 now 
it is Sun Mar 22 01:46:59 +06 2020 now 
it is Sun Mar 22 01:46:59 +06 2020 now 
it is Sun Mar 22 01:46:59 +06 2020 now 
it is Sun Mar 22 01:46:59 +06 2020 now 
it is Sun Mar 22 01:46:59 +06 2020 now 
it is Sun Mar 22 01:46:59 +06 2020 now 
it is Sun Mar 22 01:46:59 +06 2020 now 
it is Sun Mar 22 01:46:59 +06 2020 now 
it is Sun Mar 22 01:46:59 +06 2020 now 
it is Sun Mar 22 01:47:00 +06 2020 now 
it is Sun Mar 22 01:47:00 +06 2020 now 
it is Sun Mar 22 01:47:00 +06 2020 now 
it is Sun Mar 22 01:47:00 +06 2020 now 
it is Sun Mar 22 01:47:00 +06 2020 now 
it is Sun Mar 22 02:02:31 +06 2020 now 
it is Sun Mar 22 02:02:31 +06 2020 now 
it is Sun Mar 22 02:02:31 +06 2020 now 
it is Sun Mar 22 02:02:31 +06 2020 now 
it is Sun Mar 22 02:02:31 +06 2020 now 
it is Sun Mar 22 02:02:31 +06 2020 now 
it is Sun Mar 22 02:02:31 +06 2020 now 
it is Sun Mar 22 02:02:31 +06 2020 now 
it is Sun Mar 22 02:02:31 +06 2020 now 
it is Sun Mar 22 02:02:31 +06 2020 now 
it is Sun Mar 22 02:02:32 +06 2020 now 
it is Sun Mar 22 02:02:32 +06 2020 now 
it is Sun Mar 22 02:02:32 +06 2020 now 
it is Sun Mar 22 02:02:32 +06 2020 now 
it is Sun Mar 22 02:02:32 +06 2020 now 
it is Sun Mar 22 02:02:32 +06 2020 now 
it is Sun Mar 22 02:02:32 +06 2020 now 
it is Sun Mar 22 02:02:32 +06 2020 now 
it is Sun Mar 22 02:02:32 +06 2020 now 
it is Sun Mar 22 02:02:32 +06 2020 now 
it is Sun Mar 22 02:02:32 +06 2020 now 
it is Sun Mar 22 02:02:33 +06 2020 now 
it is Sun Mar 22 02:02:33 +06 2020 now 
it is Sun Mar 22 02:02:33 +06 2020 now 
it is Sun Mar 22 02:02:33 +06 2020 now 
it is Sun Mar 22 02:02:33 +06 2020 now 
it is Sun Mar 22 02:02:33 +06 2020 now 
it is Sun Mar 22 02:02:33 +06 2020 now 
it is Sun Mar 22 02:02:33 +06 2020 now 
it is Sun Mar 22 02:02:33 +06 2020 now 
it is Sun Mar 22 02:02:33 +06 2020 now 
it is Sun Mar 22 02:02:33 +06 2020 now 
it is Sun Mar 22 02:02:33 +06 2020 now 
it is Sun Mar 22 02:02:33 +06 2020 now 
it is Sun Mar 22 02:02:34 +06 2020 now 
it is Sun Mar 22 02:02:34 +06 2020 now 
it is Sun Mar 22 02:02:34 +06 2020 now 
it is Sun Mar 22 02:02:34 +06 2020 now 
it is Sun Mar 22 02:02:34 +06 2020 now 
it is Sun Mar 22 02:02:34 +06 2020 now 
it is Sun Mar 22 02:02:34 +06 2020 now 
it is Sun Mar 22 02:02:34 +06 2020 now 
it is Sun Mar 22 02:02:34 +06 2020 now 
it is Sun Mar 22 02:02:34 +06 2020 now 
it is Sun Mar 22 02:02:34 +06 2020 now 
it is Sun Mar 22 02:02:34 +06 2020 now 
it is Sun Mar 22 02:02:34 +06 2020 now 
it is Sun Mar 22 02:02:35 +06 2020 now 
it is Sun Mar 22 02:02:35 +06 2020 now 
it is Sun Mar 22 02:02:35 +06 2020 now 
it is Sun Mar 22 02:02:35 +06 2020 now 
it is Sun Mar 22 02:02:35 +06 2020 now 
it is Sun Mar 22 02:02:35 +06 2020 now 
it is Sun Mar 22 02:02:35 +06 2020 now 
it is Sun Mar 22 02:02:35 +06 2020 now 
it is Sun Mar 22 02:02:35 +06 2020 now 
it is Sun Mar 22 02:02:35 +06 2020 now 
it is Sun Mar 22 02:02:35 +06 2020 now 
it is Sun Mar 22 02:02:35 +06 2020 now 
it is Sun Mar 22 02:02:35 +06 2020 now 
it is Sun Mar 22 02:02:36 +06 2020 now 
it is Sun Mar 22 02:02:36 +06 2020 now 
it is Sun Mar 22 02:02:36 +06 2020 now 
it is Sun Mar 22 02:02:36 +06 2020 now 
it is Sun Mar 22 02:02:36 +06 2020 now 
it is Sun Mar 22 02:02:36 +06 2020 now 
it is Sun Mar 22 02:02:36 +06 2020 now 
it is Sun Mar 22 02:02:36 +06 2020 now 
it is Sun Mar 22 02:02:36 +06 2020 now 
it is Sun Mar 22 02:02:36 +06 2020 now 
it is Sun Mar 22 02:02:36 +06 2020 now 
it is Sun Mar 22 02:02:36 +06 2020 now 
it is Sun Mar 22 02:02:37 +06 2020 now 
it is Sun Mar 22 02:02:37 +06 2020 now 
it is Sun Mar 22 02:02:37 +06 2020 now 
it is Sun Mar 22 02:02:37 +06 2020 now 
it is Sun Mar 22 02:02:37 +06 2020 now 
it is Sun Mar 22 02:02:37 +06 2020 now 
it is Sun Mar 22 02:02:37 +06 2020 now 
it is Sun Mar 22 02:02:37 +06 2020 now 
it is Sun Mar 22 02:02:37 +06 2020 now 
it is Sun Mar 22 02:02:37 +06 2020 now 
it is Sun Mar 22 02:02:37 +06 2020 now 
it is Sun Mar 22 02:02:37 +06 2020 now 
it is Sun Mar 22 02:02:38 +06 2020 now 
it is Sun Mar 22 02:02:38 +06 2020 now 
it is Sun Mar 22 02:02:38 +06 2020 now 
it is Sun Mar 22 02:02:38 +06 2020 now 
it is Sun Mar 22 02:02:38 +06 2020 now 
it is Sun Mar 22 02:02:38 +06 2020 now 
it is Sun Mar 22 02:02:38 +06 2020 now 
it is Sun Mar 22 02:02:38 +06 2020 now 
it is Sun Mar 22 02:02:38 +06 2020 now 
it is Sun Mar 22 02:02:38 +06 2020 now 
it is Sun Mar 22 02:02:38 +06 2020 now 
it is Sun Mar 22 02:02:38 +06 2020 now 
it is Sun Mar 22 02:02:39 +06 2020 now 
it is Sun Mar 22 02:02:39 +06 2020 now 
it is Sun Mar 22 02:02:39 +06 2020 now 
it is Sun Mar 22 02:02:39 +06 2020 now 
it is Sun Mar 22 02:02:39 +06 2020 now 
it is Sun Mar 22 02:02:39 +06 2020 now 
it is Sun Mar 22 02:02:39 +06 2020 now 
it is Sun Mar 22 02:02:39 +06 2020 now 
it is Sun Mar 22 02:02:39 +06 2020 now 
it is Sun Mar 22 02:02:39 +06 2020 now 
it is Sun Mar 22 02:02:39 +06 2020 now 
it is Sun Mar 22 02:02:39 +06 2020 now 
it is Sun Mar 22 02:02:40 +06 2020 now 
it is Sun Mar 22 02:02:40 +06 2020 now 
it is Sun Mar 22 02:02:40 +06 2020 now 
it is Sun Mar 22 02:02:40 +06 2020 now 
it is Sun Mar 22 02:02:40 +06 2020 now 
it is Sun Mar 22 02:02:40 +06 2020 now 
it is Sun Mar 22 02:02:40 +06 2020 now 
it is Sun Mar 22 02:02:40 +06 2020 now 
it is Sun Mar 22 02:02:40 +06 2020 now 
it is Sun Mar 22 02:02:40 +06 2020 now 
it is Sun Mar 22 02:02:40 +06 2020 now 
it is Sun Mar 22 02:02:40 +06 2020 now 
it is Sun Mar 22 02:02:41 +06 2020 now 
it is Sun Mar 22 02:02:41 +06 2020 now 
it is Sun Mar 22 02:02:41 +06 2020 now 
it is Sun Mar 22 02:02:41 +06 2020 now 
it is Sun Mar 22 02:02:41 +06 2020 now 
it is Sun Mar 22 02:02:41 +06 2020 now 
it is Sun Mar 22 02:02:41 +06 2020 now 
it is Sun Mar 22 02:02:41 +06 2020 now 
it is Sun Mar 22 02:02:41 +06 2020 now 
it is Sun Mar 22 02:02:41 +06 2020 now 
it is Sun Mar 22 02:02:41 +06 2020 now 
it is Sun Mar 22 02:02:41 +06 2020 now 
it is Sun Mar 22 02:02:42 +06 2020 now 
it is Sun Mar 22 02:02:42 +06 2020 now 
it is Sun Mar 22 02:02:42 +06 2020 now 
it is Sun Mar 22 02:02:42 +06 2020 now 
it is Sun Mar 22 02:02:42 +06 2020 now 
it is Sun Mar 22 02:02:42 +06 2020 now 
it is Sun Mar 22 02:02:42 +06 2020 now 
it is Sun Mar 22 02:02:42 +06 2020 now 
it is Sun Mar 22 02:02:42 +06 2020 now 
it is Sun Mar 22 02:02:42 +06 2020 now 
it is Sun Mar 22 02:02:42 +06 2020 now 
it is Sun Mar 22 02:02:42 +06 2020 now 
it is Sun Mar 22 02:02:43 +06 2020 now 
it is Sun Mar 22 02:02:43 +06 2020 now 
it is Sun Mar 22 02:02:43 +06 2020 now 
it is Sun Mar 22 02:02:43 +06 2020 now 
it is Sun Mar 22 02:02:43 +06 2020 now 
it is Sun Mar 22 02:02:43 +06 2020 now 
it is Sun Mar 22 02:02:43 +06 2020 now 
it is Sun Mar 22 02:02:43 +06 2020 now 
it is Sun Mar 22 02:02:43 +06 2020 now 
it is Sun Mar 22 02:02:43 +06 2020 now 
it is Sun Mar 22 02:02:43 +06 2020 now 
it is Sun Mar 22 02:02:43 +06 2020 now 
it is Sun Mar 22 02:02:44 +06 2020 now 
it is Sun Mar 22 02:02:44 +06 2020 now 
it is Sun Mar 22 02:02:44 +06 2020 now 
it is Sun Mar 22 02:02:44 +06 2020 now 
it is Sun Mar 22 02:02:44 +06 2020 now 
it is Sun Mar 22 02:02:44 +06 2020 now 
it is Sun Mar 22 02:02:44 +06 2020 now 
it is Sun Mar 22 02:02:44 +06 2020 now 
it is Sun Mar 22 02:02:44 +06 2020 now 
it is Sun Mar 22 02:02:44 +06 2020 now 
it is Sun Mar 22 02:02:44 +06 2020 now 
it is Sun Mar 22 02:02:44 +06 2020 now 
it is Sun Mar 22 02:02:45 +06 2020 now 
it is Sun Mar 22 02:02:45 +06 2020 now 
it is Sun Mar 22 02:02:45 +06 2020 now 
it is Sun Mar 22 02:02:45 +06 2020 now 
it is Sun Mar 22 02:02:45 +06 2020 now 
it is Sun Mar 22 02:02:45 +06 2020 now 
it is Sun Mar 22 02:02:45 +06 2020 now 
it is Sun Mar 22 02:02:45 +06 2020 now 
it is Sun Mar 22 02:02:45 +06 2020 now 
it is Sun Mar 22 02:02:45 +06 2020 now 
it is Sun Mar 22 02:02:45 +06 2020 now 
it is Sun Mar 22 02:02:45 +06 2020 now 
it is Sun Mar 22 02:02:45 +06 2020 now 
it is Sun Mar 22 02:02:46 +06 2020 now 
it is Sun Mar 22 02:02:46 +06 2020 now 
it is Sun Mar 22 02:02:46 +06 2020 now 
it is Sun Mar 22 02:02:46 +06 2020 now 
it is Sun Mar 22 02:02:46 +06 2020 now 
it is Sun Mar 22 02:02:46 +06 2020 now 
it is Sun Mar 22 02:02:46 +06 2020 now 
it is Sun Mar 22 02:02:46 +06 2020 now 
it is Sun Mar 22 02:02:46 +06 2020 now 
it is Sun Mar 22 02:02:46 +06 2020 now 
it is Sun Mar 22 02:02:46 +06 2020 now 
it is Sun Mar 22 02:02:46 +06 2020 now 
it is Sun Mar 22 02:02:47 +06 2020 now 
it is Sun Mar 22 02:02:47 +06 2020 now 
it is Sun Mar 22 02:02:47 +06 2020 now 
it is Sun Mar 22 02:02:47 +06 2020 now 
it is Sun Mar 22 02:02:47 +06 2020 now 
it is Sun Mar 22 02:02:47 +06 2020 now 
it is Sun Mar 22 02:02:47 +06 2020 now 
it is Sun Mar 22 02:02:47 +06 2020 now 
it is Sun Mar 22 02:02:47 +06 2020 now 
it is Sun Mar 22 02:02:47 +06 2020 now 
it is Sun Mar 22 02:02:47 +06 2020 now 
it is Sun Mar 22 02:02:47 +06 2020 now 
it is Sun Mar 22 02:02:48 +06 2020 now 
it is Sun Mar 22 02:02:48 +06 2020 now 
it is Sun Mar 22 02:02:48 +06 2020 now 
it is Sun Mar 22 02:02:48 +06 2020 now 
it is Sun Mar 22 02:02:48 +06 2020 now 
it is Sun Mar 22 02:02:48 +06 2020 now 
it is Sun Mar 22 02:02:48 +06 2020 now 
it is Sun Mar 22 02:02:48 +06 2020 now 
it is Sun Mar 22 02:02:48 +06 2020 now 
it is Sun Mar 22 02:02:48 +06 2020 now 
it is Sun Mar 22 02:02:48 +06 2020 now 
it is Sun Mar 22 02:02:48 +06 2020 now 
it is Sun Mar 22 02:02:49 +06 2020 now 
it is Sun Mar 22 02:02:49 +06 2020 now 
it is Sun Mar 22 02:02:49 +06 2020 now 
it is Sun Mar 22 02:02:49 +06 2020 now 
it is Sun Mar 22 02:02:49 +06 2020 now 
it is Sun Mar 22 02:02:49 +06 2020 now 
it is Sun Mar 22 02:02:49 +06 2020 now 
it is Sun Mar 22 02:02:49 +06 2020 now 
it is Sun Mar 22 02:02:49 +06 2020 now 
it is Sun Mar 22 02:02:49 +06 2020 now 
it is Sun Mar 22 02:02:49 +06 2020 now 
it is Sun Mar 22 02:02:50 +06 2020 now 
it is Sun Mar 22 02:02:50 +06 2020 now 
it is Sun Mar 22 02:02:50 +06 2020 now 
it is Sun Mar 22 02:02:50 +06 2020 now 
it is Sun Mar 22 02:02:50 +06 2020 now 
it is Sun Mar 22 02:02:50 +06 2020 now 
it is Sun Mar 22 02:02:50 +06 2020 now 
it is Sun Mar 22 02:02:50 +06 2020 now 
it is Sun Mar 22 02:02:50 +06 2020 now 
it is Sun Mar 22 02:02:50 +06 2020 now 
it is Sun Mar 22 02:02:50 +06 2020 now 
it is Sun Mar 22 02:02:50 +06 2020 now 
it is Sun Mar 22 02:02:50 +06 2020 now 
it is Sun Mar 22 02:02:51 +06 2020 now 
it is Sun Mar 22 02:02:51 +06 2020 now 
it is Sun Mar 22 02:02:51 +06 2020 now 
it is Sun Mar 22 02:02:51 +06 2020 now 
it is Sun Mar 22 02:02:51 +06 2020 now 
it is Sun Mar 22 02:02:51 +06 2020 now 
it is Sun Mar 22 02:02:51 +06 2020 now 
it is Sun Mar 22 02:02:51 +06 2020 now 
it is Sun Mar 22 02:02:51 +06 2020 now 
it is Sun Mar 22 02:02:51 +06 2020 now 
it is Sun Mar 22 02:02:51 +06 2020 now 
it is Sun Mar 22 02:02:51 +06 2020 now 
it is Sun Mar 22 02:02:52 +06 2020 now 
it is Sun Mar 22 02:02:52 +06 2020 now 
it is Sun Mar 22 02:02:52 +06 2020 now 
it is Sun Mar 22 02:02:52 +06 2020 now 
it is Sun Mar 22 02:02:52 +06 2020 now 
it is Sun Mar 22 02:02:52 +06 2020 now 
it is Sun Mar 22 02:02:52 +06 2020 now 
it is Sun Mar 22 02:02:52 +06 2020 now 
it is Sun Mar 22 02:02:52 +06 2020 now 
it is Sun Mar 22 02:02:52 +06 2020 now 
it is Sun Mar 22 02:02:52 +06 2020 now 
it is Sun Mar 22 02:02:52 +06 2020 now 
it is Sun Mar 22 02:02:53 +06 2020 now 
it is Sun Mar 22 02:02:53 +06 2020 now 
it is Sun Mar 22 02:02:53 +06 2020 now 
it is Sun Mar 22 02:02:53 +06 2020 now 
it is Sun Mar 22 02:02:53 +06 2020 now 
it is Sun Mar 22 02:02:53 +06 2020 now 
it is Sun Mar 22 02:02:53 +06 2020 now 
it is Sun Mar 22 02:02:53 +06 2020 now 
it is Sun Mar 22 02:02:53 +06 2020 now 
it is Sun Mar 22 02:02:53 +06 2020 now 
it is Sun Mar 22 02:02:53 +06 2020 now 
it is Sun Mar 22 02:02:53 +06 2020 now 
it is Sun Mar 22 02:02:54 +06 2020 now 
it is Sun Mar 22 02:02:54 +06 2020 now 
it is Sun Mar 22 02:02:54 +06 2020 now 
it is Sun Mar 22 02:02:54 +06 2020 now 
it is Sun Mar 22 02:02:54 +06 2020 now 
it is Sun Mar 22 02:02:54 +06 2020 now 
it is Sun Mar 22 02:02:54 +06 2020 now 
it is Sun Mar 22 02:02:54 +06 2020 now 
it is Sun Mar 22 02:02:54 +06 2020 now 
it is Sun Mar 22 02:02:54 +06 2020 now 
it is Sun Mar 22 02:02:54 +06 2020 now 
it is Sun Mar 22 02:02:54 +06 2020 now 
it is Sun Mar 22 02:02:55 +06 2020 now 
it is Sun Mar 22 02:02:55 +06 2020 now 
it is Sun Mar 22 02:02:55 +06 2020 now 
it is Sun Mar 22 02:02:55 +06 2020 now 
it is Sun Mar 22 02:02:55 +06 2020 now 
it is Sun Mar 22 02:02:55 +06 2020 now 
it is Sun Mar 22 02:02:55 +06 2020 now 
it is Sun Mar 22 02:02:55 +06 2020 now 
it is Sun Mar 22 02:02:55 +06 2020 now 
it is Sun Mar 22 02:02:56 +06 2020 now 
it is Sun Mar 22 02:02:56 +06 2020 now 
it is Sun Mar 22 02:02:56 +06 2020 now 
it is Sun Mar 22 02:02:56 +06 2020 now 
it is Sun Mar 22 02:02:56 +06 2020 now 
it is Sun Mar 22 02:02:56 +06 2020 now 
it is Sun Mar 22 02:02:56 +06 2020 now 
it is Sun Mar 22 02:02:56 +06 2020 now 
it is Sun Mar 22 02:02:56 +06 2020 now 
it is Sun Mar 22 02:02:56 +06 2020 now 
it is Sun Mar 22 02:02:56 +06 2020 now 
it is Sun Mar 22 02:02:57 +06 2020 now 
it is Sun Mar 22 02:02:57 +06 2020 now 
it is Sun Mar 22 02:02:57 +06 2020 now 
it is Sun Mar 22 02:02:57 +06 2020 now 
it is Sun Mar 22 02:02:57 +06 2020 now 
it is Sun Mar 22 02:02:57 +06 2020 now 
it is Sun Mar 22 02:02:57 +06 2020 now 
it is Sun Mar 22 02:02:57 +06 2020 now 
it is Sun Mar 22 02:02:57 +06 2020 now 
it is Sun Mar 22 02:02:58 +06 2020 now 
it is Sun Mar 22 02:02:58 +06 2020 now 
it is Sun Mar 22 02:02:58 +06 2020 now 
it is Sun Mar 22 02:02:58 +06 2020 now 
it is Sun Mar 22 02:02:58 +06 2020 now 
it is Sun Mar 22 02:02:58 +06 2020 now 
it is Sun Mar 22 02:02:58 +06 2020 now 
it is Sun Mar 22 02:02:58 +06 2020 now 
it is Sun Mar 22 02:02:58 +06 2020 now 
it is Sun Mar 22 02:02:58 +06 2020 now 
it is Sun Mar 22 02:02:58 +06 2020 now 
it is Sun Mar 22 02:02:59 +06 2020 now 
it is Sun Mar 22 02:02:59 +06 2020 now 
it is Sun Mar 22 02:02:59 +06 2020 now 
it is Sun Mar 22 02:02:59 +06 2020 now 
it is Sun Mar 22 02:02:59 +06 2020 now 
it is Sun Mar 22 02:03:00 +06 2020 now 
it is Sun Mar 22 02:03:00 +06 2020 now 
it is Sun Mar 22 02:03:00 +06 2020 now 
it is Sun Mar 22 02:03:00 +06 2020 now 
it is Sun Mar 22 02:03:00 +06 2020 now 
it is Sun Mar 22 02:03:00 +06 2020 now 
it is Sun Mar 22 02:03:00 +06 2020 now 
it is Sun Mar 22 02:03:01 +06 2020 now 
it is Sun Mar 22 02:03:01 +06 2020 now 
it is Sun Mar 22 02:03:01 +06 2020 now 
it is Sun Mar 22 02:03:01 +06 2020 now 
it is Sun Mar 22 02:03:01 +06 2020 now 
it is Sun Mar 22 02:03:01 +06 2020 now 
it is Sun Mar 22 02:03:01 +06 2020 now 
it is Sun Mar 22 02:03:01 +06 2020 now 
it is Sun Mar 22 02:03:01 +06 2020 now 
it is Sun Mar 22 02:03:01 +06 2020 now 
it is Sun Mar 22 02:03:02 +06 2020 now 
it is Sun Mar 22 02:03:02 +06 2020 now 
it is Sun Mar 22 02:03:02 +06 2020 now 
it is Sun Mar 22 02:03:02 +06 2020 now 
it is Sun Mar 22 02:03:02 +06 2020 now 
it is Sun Mar 22 02:03:02 +06 2020 now 
it is Sun Mar 22 02:03:02 +06 2020 now 
it is Sun Mar 22 02:03:03 +06 2020 now 
it is Sun Mar 22 02:03:03 +06 2020 now 
it is Sun Mar 22 02:03:03 +06 2020 now 
it is Sun Mar 22 02:03:03 +06 2020 now 
it is Sun Mar 22 02:03:03 +06 2020 now 
it is Sun Mar 22 02:03:03 +06 2020 now 
it is Sun Mar 22 02:03:03 +06 2020 now 
it is Sun Mar 22 02:03:03 +06 2020 now 
it is Sun Mar 22 02:03:03 +06 2020 now 
it is Sun Mar 22 02:03:03 +06 2020 now 
it is Sun Mar 22 02:03:04 +06 2020 now 
it is Sun Mar 22 02:03:04 +06 2020 now 
it is Sun Mar 22 02:03:04 +06 2020 now 
it is Sun Mar 22 02:03:04 +06 2020 now 
it is Sun Mar 22 02:03:04 +06 2020 now 
it is Sun Mar 22 02:03:04 +06 2020 now 
it is Sun Mar 22 02:03:04 +06 2020 now 
it is Sun Mar 22 02:03:04 +06 2020 now 
it is Sun Mar 22 02:03:04 +06 2020 now 
it is Sun Mar 22 02:03:05 +06 2020 now 
it is Sun Mar 22 02:03:05 +06 2020 now 
it is Sun Mar 22 02:03:05 +06 2020 now 
it is Sun Mar 22 02:03:05 +06 2020 now 
it is Sun Mar 22 02:03:05 +06 2020 now 
it is Sun Mar 22 02:03:05 +06 2020 now 
it is Sun Mar 22 02:03:05 +06 2020 now 
it is Sun Mar 22 02:03:05 +06 2020 now 
it is Sun Mar 22 02:03:05 +06 2020 now 
it is Sun Mar 22 02:03:05 +06 2020 now 
it is Sun Mar 22 02:03:05 +06 2020 now 
it is Sun Mar 22 02:03:06 +06 2020 now 
it is Sun Mar 22 02:03:06 +06 2020 now 
it is Sun Mar 22 02:03:06 +06 2020 now 
it is Sun Mar 22 02:03:06 +06 2020 now 
it is Sun Mar 22 02:03:06 +06 2020 now 
it is Sun Mar 22 02:03:06 +06 2020 now 
it is Sun Mar 22 02:03:06 +06 2020 now 
it is Sun Mar 22 02:03:06 +06 2020 now 
it is Sun Mar 22 02:03:06 +06 2020 now 
it is Sun Mar 22 02:03:06 +06 2020 now 
it is Sun Mar 22 02:03:06 +06 2020 now 
it is Sun Mar 22 02:03:06 +06 2020 now 
it is Sun Mar 22 02:03:55 +06 2020 now 
it is Sun Mar 22 02:03:55 +06 2020 now 
it is Sun Mar 22 02:03:55 +06 2020 now 
it is Sun Mar 22 02:03:55 +06 2020 now 
it is Sun Mar 22 02:03:55 +06 2020 now 
it is Sun Mar 22 02:03:55 +06 2020 now 
it is Sun Mar 22 02:03:55 +06 2020 now 
it is Sun Mar 22 02:03:55 +06 2020 now 
it is Sun Mar 22 02:03:55 +06 2020 now 
it is Sun Mar 22 02:03:55 +06 2020 now 
it is Sun Mar 22 02:03:55 +06 2020 now 
it is Sun Mar 22 02:03:55 +06 2020 now 
it is Sun Mar 22 02:03:56 +06 2020 now 
it is Sun Mar 22 02:03:56 +06 2020 now 
it is Sun Mar 22 02:03:56 +06 2020 now 
it is Sun Mar 22 02:03:56 +06 2020 now 
it is Sun Mar 22 02:03:56 +06 2020 now 
it is Sun Mar 22 02:03:56 +06 2020 now 
it is Sun Mar 22 02:03:56 +06 2020 now 
it is Sun Mar 22 02:03:56 +06 2020 now 
it is Sun Mar 22 02:03:56 +06 2020 now 
it is Sun Mar 22 02:03:56 +06 2020 now 
it is Sun Mar 22 02:03:56 +06 2020 now 
it is Sun Mar 22 02:03:56 +06 2020 now 
it is Sun Mar 22 02:03:56 +06 2020 now 
it is Sun Mar 22 02:03:57 +06 2020 now 
it is Sun Mar 22 02:03:57 +06 2020 now 
it is Sun Mar 22 02:03:57 +06 2020 now 
it is Sun Mar 22 02:03:57 +06 2020 now 
it is Sun Mar 22 02:03:57 +06 2020 now 
it is Sun Mar 22 02:03:57 +06 2020 now 
it is Sun Mar 22 02:03:57 +06 2020 now 
it is Sun Mar 22 02:03:57 +06 2020 now 
it is Sun Mar 22 02:03:57 +06 2020 now 
it is Sun Mar 22 02:03:57 +06 2020 now 
it is Sun Mar 22 02:03:57 +06 2020 now 
it is Sun Mar 22 02:03:57 +06 2020 now 
it is Sun Mar 22 02:03:58 +06 2020 now 
it is Sun Mar 22 02:03:58 +06 2020 now 
it is Sun Mar 22 02:03:58 +06 2020 now 
it is Sun Mar 22 02:03:58 +06 2020 now 
it is Sun Mar 22 02:03:58 +06 2020 now 
it is Sun Mar 22 02:03:58 +06 2020 now 
it is Sun Mar 22 02:03:58 +06 2020 now 
it is Sun Mar 22 02:03:58 +06 2020 now 
it is Sun Mar 22 02:03:58 +06 2020 now 
it is Sun Mar 22 02:03:58 +06 2020 now 
it is Sun Mar 22 02:03:58 +06 2020 now 
it is Sun Mar 22 02:03:58 +06 2020 now 
it is Sun Mar 22 02:03:58 +06 2020 now 
it is Sun Mar 22 02:03:59 +06 2020 now 
it is Sun Mar 22 02:03:59 +06 2020 now 
it is Sun Mar 22 02:03:59 +06 2020 now 
it is Sun Mar 22 02:03:59 +06 2020 now 
it is Sun Mar 22 02:03:59 +06 2020 now 
it is Sun Mar 22 02:03:59 +06 2020 now 
it is Sun Mar 22 02:03:59 +06 2020 now 
it is Sun Mar 22 02:03:59 +06 2020 now 
it is Sun Mar 22 02:03:59 +06 2020 now 
it is Sun Mar 22 02:03:59 +06 2020 now 
it is Sun Mar 22 02:03:59 +06 2020 now 
it is Sun Mar 22 02:03:59 +06 2020 now 
it is Sun Mar 22 02:04:00 +06 2020 now 
it is Sun Mar 22 02:04:00 +06 2020 now 
it is Sun Mar 22 02:04:00 +06 2020 now 
it is Sun Mar 22 02:04:00 +06 2020 now 
it is Sun Mar 22 02:04:00 +06 2020 now 
it is Sun Mar 22 02:04:00 +06 2020 now 
it is Sun Mar 22 02:04:00 +06 2020 now 
it is Sun Mar 22 02:04:00 +06 2020 now 
it is Sun Mar 22 02:04:00 +06 2020 now 
it is Sun Mar 22 02:04:00 +06 2020 now 
it is Sun Mar 22 02:04:00 +06 2020 now 
it is Sun Mar 22 02:04:00 +06 2020 now 
it is Sun Mar 22 02:04:00 +06 2020 now 
it is Sun Mar 22 02:04:01 +06 2020 now 
it is Sun Mar 22 02:04:01 +06 2020 now 
it is Sun Mar 22 02:04:01 +06 2020 now 
it is Sun Mar 22 02:04:01 +06 2020 now 
it is Sun Mar 22 02:04:01 +06 2020 now 
it is Sun Mar 22 02:04:01 +06 2020 now 
it is Sun Mar 22 02:04:01 +06 2020 now 
it is Sun Mar 22 02:04:01 +06 2020 now 
it is Sun Mar 22 02:04:01 +06 2020 now 
it is Sun Mar 22 02:04:01 +06 2020 now 
it is Sun Mar 22 02:04:01 +06 2020 now 
it is Sun Mar 22 02:04:01 +06 2020 now 
it is Sun Mar 22 02:04:02 +06 2020 now 
it is Sun Mar 22 02:04:02 +06 2020 now 
it is Sun Mar 22 02:04:02 +06 2020 now 
it is Sun Mar 22 02:04:02 +06 2020 now 
it is Sun Mar 22 02:04:02 +06 2020 now 
it is Sun Mar 22 02:04:02 +06 2020 now 
it is Sun Mar 22 02:04:02 +06 2020 now 
it is Sun Mar 22 02:04:02 +06 2020 now 
it is Sun Mar 22 02:04:02 +06 2020 now 
it is Sun Mar 22 02:04:02 +06 2020 now 
it is Sun Mar 22 02:04:02 +06 2020 now 
it is Sun Mar 22 02:04:02 +06 2020 now 
it is Sun Mar 22 02:04:02 +06 2020 now 
it is Sun Mar 22 02:04:03 +06 2020 now 
it is Sun Mar 22 02:04:03 +06 2020 now 
it is Sun Mar 22 02:04:03 +06 2020 now 
it is Sun Mar 22 02:04:03 +06 2020 now 
it is Sun Mar 22 02:04:03 +06 2020 now 
it is Sun Mar 22 02:04:03 +06 2020 now 
it is Sun Mar 22 02:04:03 +06 2020 now 
it is Sun Mar 22 02:04:03 +06 2020 now 
it is Sun Mar 22 02:04:03 +06 2020 now 
it is Sun Mar 22 02:04:03 +06 2020 now 
it is Sun Mar 22 02:04:03 +06 2020 now 
it is Sun Mar 22 02:04:03 +06 2020 now 
it is Sun Mar 22 02:04:03 +06 2020 now 
it is Sun Mar 22 02:04:04 +06 2020 now 
it is Sun Mar 22 02:04:04 +06 2020 now 
it is Sun Mar 22 02:04:04 +06 2020 now 
it is Sun Mar 22 02:04:04 +06 2020 now 
it is Sun Mar 22 02:04:04 +06 2020 now 
it is Sun Mar 22 02:04:04 +06 2020 now 
it is Sun Mar 22 02:04:04 +06 2020 now 
it is Sun Mar 22 02:04:04 +06 2020 now 
it is Sun Mar 22 02:04:04 +06 2020 now 
it is Sun Mar 22 02:04:04 +06 2020 now 
it is Sun Mar 22 02:04:04 +06 2020 now 
it is Sun Mar 22 02:04:04 +06 2020 now 
it is Sun Mar 22 02:04:05 +06 2020 now 
it is Sun Mar 22 02:04:05 +06 2020 now 
it is Sun Mar 22 02:04:05 +06 2020 now 
it is Sun Mar 22 02:04:05 +06 2020 now 
it is Sun Mar 22 02:04:05 +06 2020 now 
it is Sun Mar 22 02:04:05 +06 2020 now 
it is Sun Mar 22 02:04:05 +06 2020 now 
it is Sun Mar 22 02:04:05 +06 2020 now 
it is Sun Mar 22 02:04:05 +06 2020 now 
it is Sun Mar 22 02:04:05 +06 2020 now 
it is Sun Mar 22 02:04:05 +06 2020 now 
it is Sun Mar 22 02:04:05 +06 2020 now 
it is Sun Mar 22 02:04:06 +06 2020 now 
it is Sun Mar 22 02:04:06 +06 2020 now 
it is Sun Mar 22 02:04:06 +06 2020 now 
it is Sun Mar 22 02:04:06 +06 2020 now 
it is Sun Mar 22 02:04:06 +06 2020 now 
it is Sun Mar 22 02:04:06 +06 2020 now 
it is Sun Mar 22 02:04:06 +06 2020 now 
it is Sun Mar 22 02:04:06 +06 2020 now 
it is Sun Mar 22 02:04:06 +06 2020 now 
it is Sun Mar 22 02:04:06 +06 2020 now 
it is Sun Mar 22 02:04:06 +06 2020 now 
it is Sun Mar 22 02:04:06 +06 2020 now 
it is Sun Mar 22 02:04:07 +06 2020 now 
it is Sun Mar 22 02:04:07 +06 2020 now 
it is Sun Mar 22 02:04:07 +06 2020 now 
it is Sun Mar 22 02:04:07 +06 2020 now 
it is Sun Mar 22 02:04:07 +06 2020 now 
it is Sun Mar 22 02:04:07 +06 2020 now 
it is Sun Mar 22 02:04:07 +06 2020 now 
it is Sun Mar 22 02:04:07 +06 2020 now 
it is Sun Mar 22 02:04:07 +06 2020 now 
it is Sun Mar 22 02:04:07 +06 2020 now 
it is Sun Mar 22 02:04:07 +06 2020 now 
it is Sun Mar 22 02:04:07 +06 2020 now 
it is Sun Mar 22 02:04:07 +06 2020 now 
it is Sun Mar 22 02:04:08 +06 2020 now 
it is Sun Mar 22 02:04:08 +06 2020 now 
it is Sun Mar 22 02:04:08 +06 2020 now 
it is Sun Mar 22 02:04:08 +06 2020 now 
it is Sun Mar 22 02:04:08 +06 2020 now 
it is Sun Mar 22 02:04:08 +06 2020 now 
it is Sun Mar 22 02:04:08 +06 2020 now 
it is Sun Mar 22 02:04:08 +06 2020 now 
it is Sun Mar 22 02:04:08 +06 2020 now 
it is Sun Mar 22 02:04:08 +06 2020 now 
it is Sun Mar 22 02:04:08 +06 2020 now 
it is Sun Mar 22 02:04:08 +06 2020 now 
it is Sun Mar 22 02:04:09 +06 2020 now 
it is Sun Mar 22 02:04:09 +06 2020 now 
it is Sun Mar 22 02:04:09 +06 2020 now 
it is Sun Mar 22 02:04:09 +06 2020 now 
it is Sun Mar 22 02:04:09 +06 2020 now 
it is Sun Mar 22 02:04:09 +06 2020 now 
it is Sun Mar 22 02:04:09 +06 2020 now 
it is Sun Mar 22 02:04:09 +06 2020 now 
it is Sun Mar 22 02:04:09 +06 2020 now 
it is Sun Mar 22 02:04:09 +06 2020 now 
it is Sun Mar 22 02:04:09 +06 2020 now 
it is Sun Mar 22 02:04:09 +06 2020 now 
it is Sun Mar 22 02:04:10 +06 2020 now 
it is Sun Mar 22 02:04:10 +06 2020 now 
it is Sun Mar 22 02:04:10 +06 2020 now 
it is Sun Mar 22 02:04:10 +06 2020 now 
it is Sun Mar 22 02:04:10 +06 2020 now 
it is Sun Mar 22 02:04:10 +06 2020 now 
it is Sun Mar 22 02:04:10 +06 2020 now 
it is Sun Mar 22 02:04:10 +06 2020 now 
it is Sun Mar 22 02:04:10 +06 2020 now 
it is Sun Mar 22 02:04:10 +06 2020 now 
it is Sun Mar 22 02:04:10 +06 2020 now 
it is Sun Mar 22 02:04:10 +06 2020 now 
it is Sun Mar 22 02:04:11 +06 2020 now 
it is Sun Mar 22 02:04:11 +06 2020 now 
it is Sun Mar 22 02:04:11 +06 2020 now 
it is Sun Mar 22 02:04:11 +06 2020 now 
it is Sun Mar 22 02:04:11 +06 2020 now 
it is Sun Mar 22 02:04:11 +06 2020 now 
it is Sun Mar 22 02:04:11 +06 2020 now 
it is Sun Mar 22 02:04:11 +06 2020 now 
it is Sun Mar 22 02:04:11 +06 2020 now 
it is Sun Mar 22 02:04:11 +06 2020 now 
it is Sun Mar 22 02:04:11 +06 2020 now 
it is Sun Mar 22 02:04:11 +06 2020 now 
it is Sun Mar 22 02:04:11 +06 2020 now 
it is Sun Mar 22 02:04:12 +06 2020 now 
it is Sun Mar 22 02:04:12 +06 2020 now 
it is Sun Mar 22 02:04:12 +06 2020 now 
it is Sun Mar 22 02:04:12 +06 2020 now 
it is Sun Mar 22 02:04:12 +06 2020 now 
it is Sun Mar 22 02:04:12 +06 2020 now 
it is Sun Mar 22 02:04:12 +06 2020 now 
it is Sun Mar 22 02:04:12 +06 2020 now 
it is Sun Mar 22 02:04:12 +06 2020 now 
it is Sun Mar 22 02:04:12 +06 2020 now 
it is Sun Mar 22 02:04:12 +06 2020 now 
it is Sun Mar 22 02:04:12 +06 2020 now 
it is Sun Mar 22 02:04:13 +06 2020 now 
it is Sun Mar 22 02:04:13 +06 2020 now 
it is Sun Mar 22 02:04:13 +06 2020 now 
it is Sun Mar 22 02:04:13 +06 2020 now 
it is Sun Mar 22 02:04:13 +06 2020 now 
it is Sun Mar 22 02:04:13 +06 2020 now 
it is Sun Mar 22 02:04:13 +06 2020 now 
it is Sun Mar 22 02:04:13 +06 2020 now 
it is Sun Mar 22 02:04:13 +06 2020 now 
it is Sun Mar 22 02:04:13 +06 2020 now 
it is Sun Mar 22 02:04:13 +06 2020 now 
it is Sun Mar 22 02:04:13 +06 2020 now 
it is Sun Mar 22 02:04:14 +06 2020 now 
it is Sun Mar 22 02:04:14 +06 2020 now 
it is Sun Mar 22 02:04:14 +06 2020 now 
it is Sun Mar 22 02:04:14 +06 2020 now 
it is Sun Mar 22 02:04:14 +06 2020 now 
it is Sun Mar 22 02:04:14 +06 2020 now 
it is Sun Mar 22 02:04:14 +06 2020 now 
it is Sun Mar 22 02:04:14 +06 2020 now 
it is Sun Mar 22 02:04:14 +06 2020 now 
it is Sun Mar 22 02:04:14 +06 2020 now 
it is Sun Mar 22 02:04:14 +06 2020 now 
it is Sun Mar 22 02:04:14 +06 2020 now 
it is Sun Mar 22 02:04:15 +06 2020 now 
it is Sun Mar 22 02:04:15 +06 2020 now 
it is Sun Mar 22 02:04:15 +06 2020 now 
it is Sun Mar 22 02:04:15 +06 2020 now 
it is Sun Mar 22 02:04:15 +06 2020 now 
it is Sun Mar 22 02:04:15 +06 2020 now 
it is Sun Mar 22 02:04:15 +06 2020 now 
it is Sun Mar 22 02:04:15 +06 2020 now 
it is Sun Mar 22 02:04:15 +06 2020 now 
it is Sun Mar 22 02:04:15 +06 2020 now 
it is Sun Mar 22 02:04:15 +06 2020 now 
it is Sun Mar 22 02:04:15 +06 2020 now 
it is Sun Mar 22 02:04:15 +06 2020 now 
it is Sun Mar 22 02:04:16 +06 2020 now 
it is Sun Mar 22 02:04:16 +06 2020 now 
it is Sun Mar 22 02:04:16 +06 2020 now 
it is Sun Mar 22 02:04:16 +06 2020 now 
it is Sun Mar 22 02:04:16 +06 2020 now 
it is Sun Mar 22 02:04:16 +06 2020 now 
it is Sun Mar 22 02:04:16 +06 2020 now 
it is Sun Mar 22 02:04:16 +06 2020 now 
it is Sun Mar 22 02:04:16 +06 2020 now 
it is Sun Mar 22 02:04:16 +06 2020 now 
it is Sun Mar 22 02:04:16 +06 2020 now 
it is Sun Mar 22 02:04:16 +06 2020 now 
it is Sun Mar 22 02:04:17 +06 2020 now 
it is Sun Mar 22 02:04:17 +06 2020 now 
it is Sun Mar 22 02:04:17 +06 2020 now 
it is Sun Mar 22 02:04:17 +06 2020 now 
it is Sun Mar 22 02:04:17 +06 2020 now 
it is Sun Mar 22 02:04:17 +06 2020 now 
it is Sun Mar 22 02:04:17 +06 2020 now 
it is Sun Mar 22 02:04:17 +06 2020 now 
it is Sun Mar 22 02:04:17 +06 2020 now 
it is Sun Mar 22 02:04:17 +06 2020 now 
it is Sun Mar 22 02:04:17 +06 2020 now 
it is Sun Mar 22 02:04:17 +06 2020 now 
it is Sun Mar 22 02:04:18 +06 2020 now 
it is Sun Mar 22 02:04:18 +06 2020 now 
it is Sun Mar 22 02:04:18 +06 2020 now 
it is Sun Mar 22 02:04:18 +06 2020 now 
it is Sun Mar 22 02:04:18 +06 2020 now 
it is Sun Mar 22 02:04:18 +06 2020 now 
it is Sun Mar 22 02:04:18 +06 2020 now 
it is Sun Mar 22 02:04:18 +06 2020 now 
it is Sun Mar 22 02:04:18 +06 2020 now 
it is Sun Mar 22 02:04:18 +06 2020 now 
it is Sun Mar 22 02:04:18 +06 2020 now 
it is Sun Mar 22 02:04:18 +06 2020 now 
it is Sun Mar 22 02:04:18 +06 2020 now 
it is Sun Mar 22 02:04:19 +06 2020 now 
it is Sun Mar 22 02:04:19 +06 2020 now 
it is Sun Mar 22 02:04:19 +06 2020 now 
it is Sun Mar 22 02:04:19 +06 2020 now 
it is Sun Mar 22 02:04:19 +06 2020 now 
it is Sun Mar 22 02:04:19 +06 2020 now 
it is Sun Mar 22 02:04:19 +06 2020 now 
it is Sun Mar 22 02:04:19 +06 2020 now 
it is Sun Mar 22 02:04:19 +06 2020 now 
it is Sun Mar 22 02:04:19 +06 2020 now 
it is Sun Mar 22 02:04:19 +06 2020 now 
it is Sun Mar 22 02:04:19 +06 2020 now 
it is Sun Mar 22 02:04:20 +06 2020 now 
it is Sun Mar 22 02:04:20 +06 2020 now 
it is Sun Mar 22 02:04:20 +06 2020 now 
it is Sun Mar 22 02:04:20 +06 2020 now 
it is Sun Mar 22 02:04:20 +06 2020 now 
it is Sun Mar 22 02:04:20 +06 2020 now 
it is Sun Mar 22 02:04:20 +06 2020 now 
it is Sun Mar 22 02:04:20 +06 2020 now 
it is Sun Mar 22 02:04:20 +06 2020 now 
it is Sun Mar 22 02:04:20 +06 2020 now 
it is Sun Mar 22 02:04:20 +06 2020 now 
it is Sun Mar 22 02:04:20 +06 2020 now 
it is Sun Mar 22 02:04:20 +06 2020 now 
it is Sun Mar 22 02:04:21 +06 2020 now 
it is Sun Mar 22 02:04:21 +06 2020 now 
it is Sun Mar 22 02:04:21 +06 2020 now 
it is Sun Mar 22 02:04:21 +06 2020 now 
it is Sun Mar 22 02:04:21 +06 2020 now 
it is Sun Mar 22 02:04:21 +06 2020 now 
it is Sun Mar 22 02:04:21 +06 2020 now 
it is Sun Mar 22 02:04:21 +06 2020 now 
it is Sun Mar 22 02:04:21 +06 2020 now 
it is Sun Mar 22 02:04:21 +06 2020 now 
it is Sun Mar 22 02:04:21 +06 2020 now 
it is Sun Mar 22 02:04:21 +06 2020 now 
it is Sun Mar 22 02:04:22 +06 2020 now 
it is Sun Mar 22 02:04:22 +06 2020 now 
it is Sun Mar 22 02:04:22 +06 2020 now 
it is Sun Mar 22 02:04:22 +06 2020 now 
it is Sun Mar 22 02:04:22 +06 2020 now 
it is Sun Mar 22 02:04:22 +06 2020 now 
it is Sun Mar 22 02:04:22 +06 2020 now 
it is Sun Mar 22 02:04:22 +06 2020 now 
it is Sun Mar 22 02:04:22 +06 2020 now 
it is Sun Mar 22 02:04:22 +06 2020 now 
it is Sun Mar 22 02:04:22 +06 2020 now 
it is Sun Mar 22 02:04:22 +06 2020 now 
it is Sun Mar 22 02:04:23 +06 2020 now 
it is Sun Mar 22 02:04:23 +06 2020 now 
it is Sun Mar 22 02:04:23 +06 2020 now 
it is Sun Mar 22 02:04:23 +06 2020 now 
it is Sun Mar 22 02:04:23 +06 2020 now 
it is Sun Mar 22 02:04:23 +06 2020 now 
it is Sun Mar 22 02:04:23 +06 2020 now 
it is Sun Mar 22 02:04:23 +06 2020 now 
it is Sun Mar 22 02:04:23 +06 2020 now 
it is Sun Mar 22 02:04:23 +06 2020 now 
it is Sun Mar 22 02:04:23 +06 2020 now 
it is Sun Mar 22 02:04:23 +06 2020 now 
it is Sun Mar 22 02:04:23 +06 2020 now 
it is Sun Mar 22 02:04:24 +06 2020 now 
it is Sun Mar 22 02:04:24 +06 2020 now 
it is Sun Mar 22 02:04:24 +06 2020 now 
it is Sun Mar 22 02:04:24 +06 2020 now 
it is Sun Mar 22 02:04:24 +06 2020 now 
it is Sun Mar 22 02:04:24 +06 2020 now 
it is Sun Mar 22 02:04:24 +06 2020 now 
it is Sun Mar 22 02:04:24 +06 2020 now 
it is Sun Mar 22 02:04:24 +06 2020 now 
it is Sun Mar 22 02:04:24 +06 2020 now 
it is Sun Mar 22 02:04:24 +06 2020 now 
it is Sun Mar 22 02:04:24 +06 2020 now 
it is Sun Mar 22 02:04:25 +06 2020 now 
it is Sun Mar 22 02:04:25 +06 2020 now 
it is Sun Mar 22 02:04:25 +06 2020 now 
it is Sun Mar 22 02:04:25 +06 2020 now 
it is Sun Mar 22 02:04:25 +06 2020 now 
it is Sun Mar 22 02:04:25 +06 2020 now 
it is Sun Mar 22 02:04:25 +06 2020 now 
it is Sun Mar 22 02:04:25 +06 2020 now 
it is Sun Mar 22 02:04:25 +06 2020 now 
it is Sun Mar 22 02:04:25 +06 2020 now 
it is Sun Mar 22 02:04:25 +06 2020 now 
it is Sun Mar 22 02:04:25 +06 2020 now 
it is Sun Mar 22 02:04:26 +06 2020 now 
it is Sun Mar 22 02:04:26 +06 2020 now 
it is Sun Mar 22 02:04:26 +06 2020 now 
it is Sun Mar 22 02:04:26 +06 2020 now 
it is Sun Mar 22 02:04:26 +06 2020 now 
it is Sun Mar 22 02:04:26 +06 2020 now 
it is Sun Mar 22 02:04:26 +06 2020 now 
it is Sun Mar 22 02:04:26 +06 2020 now 
it is Sun Mar 22 02:04:26 +06 2020 now 
it is Sun Mar 22 02:04:26 +06 2020 now 
it is Sun Mar 22 02:04:26 +06 2020 now 
it is Sun Mar 22 02:04:26 +06 2020 now 
it is Sun Mar 22 02:04:26 +06 2020 now 
it is Sun Mar 22 02:04:27 +06 2020 now 
it is Sun Mar 22 02:04:27 +06 2020 now 
it is Sun Mar 22 02:04:27 +06 2020 now 
it is Sun Mar 22 02:04:27 +06 2020 now 
it is Sun Mar 22 02:04:27 +06 2020 now 
it is Sun Mar 22 02:04:27 +06 2020 now 
it is Sun Mar 22 02:04:27 +06 2020 now 
it is Sun Mar 22 02:04:27 +06 2020 now 
it is Sun Mar 22 02:04:27 +06 2020 now 
it is Sun Mar 22 02:04:27 +06 2020 now 
it is Sun Mar 22 02:04:27 +06 2020 now 
it is Sun Mar 22 02:04:27 +06 2020 now 
it is Sun Mar 22 02:04:28 +06 2020 now 
it is Sun Mar 22 02:04:28 +06 2020 now 
it is Sun Mar 22 02:04:28 +06 2020 now 
it is Sun Mar 22 02:04:28 +06 2020 now 
it is Sun Mar 22 02:04:28 +06 2020 now 
it is Sun Mar 22 02:04:28 +06 2020 now 
it is Sun Mar 22 02:04:28 +06 2020 now 
it is Sun Mar 22 02:04:28 +06 2020 now 
it is Sun Mar 22 02:04:28 +06 2020 now 
it is Sun Mar 22 02:04:28 +06 2020 now 
it is Sun Mar 22 02:04:28 +06 2020 now 
it is Sun Mar 22 02:04:28 +06 2020 now 
it is Sun Mar 22 02:04:29 +06 2020 now 
it is Sun Mar 22 02:04:29 +06 2020 now 
it is Sun Mar 22 02:04:29 +06 2020 now 
it is Sun Mar 22 02:04:29 +06 2020 now 
it is Sun Mar 22 02:04:29 +06 2020 now 
it is Sun Mar 22 02:04:29 +06 2020 now 
it is Sun Mar 22 02:04:29 +06 2020 now 
it is Sun Mar 22 02:04:29 +06 2020 now 
it is Sun Mar 22 02:04:29 +06 2020 now 
it is Sun Mar 22 02:04:29 +06 2020 now 
it is Sun Mar 22 02:04:29 +06 2020 now 
it is Sun Mar 22 02:04:29 +06 2020 now 
it is Sun Mar 22 02:04:30 +06 2020 now 
it is Sun Mar 22 02:04:30 +06 2020 now 
it is Sun Mar 22 02:04:30 +06 2020 now 
it is Sun Mar 22 02:04:30 +06 2020 now 
it is Sun Mar 22 02:04:30 +06 2020 now 
it is Sun Mar 22 02:04:30 +06 2020 now 
it is Sun Mar 22 02:04:30 +06 2020 now 
it is Sun Mar 22 02:04:30 +06 2020 now 
it is Sun Mar 22 02:04:30 +06 2020 now 
it is Sun Mar 22 02:04:30 +06 2020 now 
it is Sun Mar 22 02:04:30 +06 2020 now 
it is Sun Mar 22 02:04:30 +06 2020 now 
it is Sun Mar 22 02:04:31 +06 2020 now 
it is Sun Mar 22 02:04:31 +06 2020 now 
it is Sun Mar 22 02:04:33 +06 2020 now 
it is Sun Mar 22 02:04:33 +06 2020 now 
it is Sun Mar 22 02:04:33 +06 2020 now 
it is Sun Mar 22 02:04:33 +06 2020 now 
it is Sun Mar 22 02:04:33 +06 2020 now 
it is Sun Mar 22 02:04:33 +06 2020 now 
it is Sun Mar 22 02:04:34 +06 2020 now 
it is Sun Mar 22 02:04:34 +06 2020 now 
it is Sun Mar 22 02:04:34 +06 2020 now 
it is Sun Mar 22 02:04:34 +06 2020 now 
it is Sun Mar 22 02:04:34 +06 2020 now 
it is Sun Mar 22 02:04:34 +06 2020 now 
it is Sun Mar 22 02:04:34 +06 2020 now 
it is Sun Mar 22 02:04:34 +06 2020 now 
it is Sun Mar 22 02:04:34 +06 2020 now 
it is Sun Mar 22 02:04:34 +06 2020 now 
it is Sun Mar 22 02:04:34 +06 2020 now 
it is Sun Mar 22 02:04:34 +06 2020 now 
it is Sun Mar 22 02:04:35 +06 2020 now 
it is Sun Mar 22 02:04:35 +06 2020 now 
it is Sun Mar 22 02:04:35 +06 2020 now 
it is Sun Mar 22 02:04:35 +06 2020 now 
it is Sun Mar 22 02:04:35 +06 2020 now 
it is Sun Mar 22 02:04:35 +06 2020 now 
it is Sun Mar 22 02:04:35 +06 2020 now 
it is Sun Mar 22 02:04:35 +06 2020 now 
it is Sun Mar 22 02:04:35 +06 2020 now 
it is Sun Mar 22 02:04:35 +06 2020 now 
it is Sun Mar 22 02:04:35 +06 2020 now 
it is Sun Mar 22 02:04:35 +06 2020 now 
it is Sun Mar 22 02:04:36 +06 2020 now 
it is Sun Mar 22 02:04:36 +06 2020 now 
it is Sun Mar 22 02:04:36 +06 2020 now 
it is Sun Mar 22 02:04:36 +06 2020 now 
it is Sun Mar 22 02:04:36 +06 2020 now 
it is Sun Mar 22 02:04:36 +06 2020 now 
it is Sun Mar 22 02:04:36 +06 2020 now 
it is Sun Mar 22 02:04:36 +06 2020 now 
it is Sun Mar 22 02:04:36 +06 2020 now 
it is Sun Mar 22 02:04:36 +06 2020 now 
it is Sun Mar 22 02:04:36 +06 2020 now 
it is Sun Mar 22 02:04:37 +06 2020 now 
it is Sun Mar 22 02:04:37 +06 2020 now 
it is Sun Mar 22 02:04:37 +06 2020 now 
it is Sun Mar 22 02:04:37 +06 2020 now 
it is Sun Mar 22 02:04:37 +06 2020 now 
it is Sun Mar 22 02:04:37 +06 2020 now 
it is Sun Mar 22 02:04:37 +06 2020 now 
it is Sun Mar 22 02:04:37 +06 2020 now 
it is Sun Mar 22 02:04:37 +06 2020 now 
it is Sun Mar 22 02:04:37 +06 2020 now 
it is Sun Mar 22 02:04:37 +06 2020 now 
it is Sun Mar 22 02:04:38 +06 2020 now 
it is Sun Mar 22 02:04:38 +06 2020 now 
it is Sun Mar 22 02:04:38 +06 2020 now 
it is Sun Mar 22 02:04:38 +06 2020 now 
it is Sun Mar 22 02:04:38 +06 2020 now 
it is Sun Mar 22 02:04:38 +06 2020 now 
it is Sun Mar 22 02:04:38 +06 2020 now 
it is Sun Mar 22 02:04:38 +06 2020 now 
it is Sun Mar 22 02:04:38 +06 2020 now 
it is Sun Mar 22 02:04:38 +06 2020 now 
it is Sun Mar 22 02:04:38 +06 2020 now 
it is Sun Mar 22 02:04:38 +06 2020 now 
it is Sun Mar 22 02:04:39 +06 2020 now 
it is Sun Mar 22 02:04:39 +06 2020 now 
it is Sun Mar 22 02:04:39 +06 2020 now 
it is Sun Mar 22 02:04:39 +06 2020 now 
it is Sun Mar 22 02:04:39 +06 2020 now 
it is Sun Mar 22 02:04:39 +06 2020 now 
it is Sun Mar 22 02:04:39 +06 2020 now 
it is Sun Mar 22 02:04:39 +06 2020 now 
it is Sun Mar 22 02:04:39 +06 2020 now 
it is Sun Mar 22 02:04:39 +06 2020 now 
it is Sun Mar 22 02:04:39 +06 2020 now 
it is Sun Mar 22 02:04:39 +06 2020 now 
it is Sun Mar 22 02:04:40 +06 2020 now 
it is Sun Mar 22 02:04:40 +06 2020 now 
it is Sun Mar 22 02:04:40 +06 2020 now 
it is Sun Mar 22 02:04:40 +06 2020 now 
it is Sun Mar 22 02:04:40 +06 2020 now 
it is Sun Mar 22 02:04:40 +06 2020 now 
it is Sun Mar 22 02:04:40 +06 2020 now 
it is Sun Mar 22 02:04:40 +06 2020 now 
it is Sun Mar 22 02:04:40 +06 2020 now 
it is Sun Mar 22 02:04:40 +06 2020 now 
it is Sun Mar 22 02:04:40 +06 2020 now 
it is Sun Mar 22 02:04:40 +06 2020 now 
it is Sun Mar 22 02:04:41 +06 2020 now 
it is Sun Mar 22 02:04:41 +06 2020 now 
it is Sun Mar 22 02:04:41 +06 2020 now 
it is Sun Mar 22 02:04:41 +06 2020 now 
it is Sun Mar 22 02:04:41 +06 2020 now 
it is Sun Mar 22 02:04:41 +06 2020 now 
it is Sun Mar 22 02:04:41 +06 2020 now 
it is Sun Mar 22 02:04:41 +06 2020 now 
it is Sun Mar 22 02:04:41 +06 2020 now 
it is Sun Mar 22 02:04:41 +06 2020 now 
it is Sun Mar 22 02:04:41 +06 2020 now 
it is Sun Mar 22 02:04:42 +06 2020 now 
it is Sun Mar 22 02:04:42 +06 2020 now 
it is Sun Mar 22 02:04:42 +06 2020 now 
it is Sun Mar 22 02:04:42 +06 2020 now 
it is Sun Mar 22 02:04:42 +06 2020 now 
it is Sun Mar 22 02:04:42 +06 2020 now 
it is Sun Mar 22 02:04:42 +06 2020 now 
it is Sun Mar 22 02:04:42 +06 2020 now 
it is Sun Mar 22 02:04:42 +06 2020 now 
it is Sun Mar 22 02:04:42 +06 2020 now 
it is Sun Mar 22 02:04:42 +06 2020 now 
it is Sun Mar 22 02:04:42 +06 2020 now 
it is Sun Mar 22 02:04:43 +06 2020 now 
it is Sun Mar 22 02:04:43 +06 2020 now 
it is Sun Mar 22 02:04:43 +06 2020 now 
it is Sun Mar 22 02:04:43 +06 2020 now 
it is Sun Mar 22 02:04:43 +06 2020 now 
it is Sun Mar 22 02:04:43 +06 2020 now 
it is Sun Mar 22 02:04:43 +06 2020 now 
it is Sun Mar 22 02:04:43 +06 2020 now 
it is Sun Mar 22 02:04:43 +06 2020 now 
it is Sun Mar 22 02:04:43 +06 2020 now 
it is Sun Mar 22 02:04:43 +06 2020 now 
it is Sun Mar 22 02:04:44 +06 2020 now 
it is Sun Mar 22 02:04:44 +06 2020 now 
it is Sun Mar 22 02:04:44 +06 2020 now 
it is Sun Mar 22 02:04:44 +06 2020 now 
it is Sun Mar 22 02:04:44 +06 2020 now 
it is Sun Mar 22 02:04:44 +06 2020 now 
it is Sun Mar 22 02:04:44 +06 2020 now 
it is Sun Mar 22 02:04:44 +06 2020 now 
it is Sun Mar 22 02:04:44 +06 2020 now 
it is Sun Mar 22 02:04:44 +06 2020 now 
it is Sun Mar 22 02:04:44 +06 2020 now 
it is Sun Mar 22 02:04:45 +06 2020 now 
it is Sun Mar 22 02:04:45 +06 2020 now 
it is Sun Mar 22 02:04:45 +06 2020 now 
it is Sun Mar 22 02:04:45 +06 2020 now 
it is Sun Mar 22 02:04:45 +06 2020 now 
it is Sun Mar 22 02:04:45 +06 2020 now 
it is Sun Mar 22 02:04:45 +06 2020 now 
it is Sun Mar 22 02:04:45 +06 2020 now 
it is Sun Mar 22 02:04:45 +06 2020 now 
it is Sun Mar 22 02:04:45 +06 2020 now 
it is Sun Mar 22 02:04:45 +06 2020 now 
it is Sun Mar 22 02:04:45 +06 2020 now 
it is Sun Mar 22 02:04:46 +06 2020 now 
it is Sun Mar 22 02:04:46 +06 2020 now 
it is Sun Mar 22 02:04:46 +06 2020 now 
it is Sun Mar 22 02:04:46 +06 2020 now 
it is Sun Mar 22 02:04:46 +06 2020 now 
it is Sun Mar 22 02:04:46 +06 2020 now 
it is Sun Mar 22 02:04:46 +06 2020 now 
it is Sun Mar 22 02:04:46 +06 2020 now 
it is Sun Mar 22 02:04:46 +06 2020 now 
it is Sun Mar 22 02:04:46 +06 2020 now 
it is Sun Mar 22 02:04:46 +06 2020 now 
it is Sun Mar 22 02:04:46 +06 2020 now 
it is Sun Mar 22 02:04:47 +06 2020 now 
it is Sun Mar 22 02:04:47 +06 2020 now 
it is Sun Mar 22 02:04:47 +06 2020 now 
it is Sun Mar 22 02:04:47 +06 2020 now 
it is Sun Mar 22 02:04:47 +06 2020 now 
it is Sun Mar 22 02:04:47 +06 2020 now 
it is Sun Mar 22 02:04:47 +06 2020 now 
it is Sun Mar 22 02:04:47 +06 2020 now 
it is Sun Mar 22 02:04:47 +06 2020 now 
it is Sun Mar 22 02:04:47 +06 2020 now 
it is Sun Mar 22 02:04:47 +06 2020 now 
it is Sun Mar 22 02:04:47 +06 2020 now 
it is Sun Mar 22 02:04:48 +06 2020 now 
it is Sun Mar 22 02:04:48 +06 2020 now 
it is Sun Mar 22 02:04:48 +06 2020 now 
it is Sun Mar 22 02:04:48 +06 2020 now 
it is Sun Mar 22 02:04:48 +06 2020 now 
it is Sun Mar 22 02:04:48 +06 2020 now 
it is Sun Mar 22 02:04:48 +06 2020 now 
it is Sun Mar 22 02:04:48 +06 2020 now 
it is Sun Mar 22 02:04:48 +06 2020 now 
it is Sun Mar 22 02:04:48 +06 2020 now 
it is Sun Mar 22 02:04:48 +06 2020 now 
it is Sun Mar 22 02:04:49 +06 2020 now 
it is Sun Mar 22 02:04:49 +06 2020 now 
it is Sun Mar 22 02:04:49 +06 2020 now 
it is Sun Mar 22 02:04:49 +06 2020 now 
it is Sun Mar 22 02:04:49 +06 2020 now 
it is Sun Mar 22 02:04:49 +06 2020 now 
it is Sun Mar 22 02:04:49 +06 2020 now 
it is Sun Mar 22 02:04:49 +06 2020 now 
it is Sun Mar 22 02:04:49 +06 2020 now 
it is Sun Mar 22 02:04:49 +06 2020 now 
it is Sun Mar 22 02:04:49 +06 2020 now 
it is Sun Mar 22 02:04:49 +06 2020 now 
it is Sun Mar 22 02:04:50 +06 2020 now 
it is Sun Mar 22 02:04:50 +06 2020 now 
it is Sun Mar 22 02:04:50 +06 2020 now 
it is Sun Mar 22 02:04:50 +06 2020 now 
it is Sun Mar 22 02:04:50 +06 2020 now 
it is Sun Mar 22 02:04:50 +06 2020 now 
it is Sun Mar 22 02:04:50 +06 2020 now 
it is Sun Mar 22 02:04:50 +06 2020 now 
it is Sun Mar 22 02:04:50 +06 2020 now 
it is Sun Mar 22 02:04:50 +06 2020 now 
it is Sun Mar 22 02:04:50 +06 2020 now 
it is Sun Mar 22 02:04:50 +06 2020 now 
it is Sun Mar 22 02:04:51 +06 2020 now 
it is Sun Mar 22 02:04:51 +06 2020 now 
it is Sun Mar 22 02:04:51 +06 2020 now 
it is Sun Mar 22 02:04:51 +06 2020 now 
it is Sun Mar 22 02:04:51 +06 2020 now 
it is Sun Mar 22 02:04:51 +06 2020 now 
it is Sun Mar 22 02:04:51 +06 2020 now 
it is Sun Mar 22 02:04:51 +06 2020 now 
it is Sun Mar 22 02:04:51 +06 2020 now 
it is Sun Mar 22 02:04:51 +06 2020 now 
it is Sun Mar 22 02:04:52 +06 2020 now 
it is Sun Mar 22 02:04:52 +06 2020 now 
it is Sun Mar 22 02:04:52 +06 2020 now 
it is Sun Mar 22 02:04:52 +06 2020 now 
it is Sun Mar 22 02:04:52 +06 2020 now 
it is Sun Mar 22 02:04:52 +06 2020 now 
it is Sun Mar 22 02:04:52 +06 2020 now 
it is Sun Mar 22 02:04:52 +06 2020 now 
it is Sun Mar 22 02:04:52 +06 2020 now 
it is Sun Mar 22 02:04:52 +06 2020 now 
it is Sun Mar 22 02:04:52 +06 2020 now 
it is Sun Mar 22 02:04:52 +06 2020 now 
it is Sun Mar 22 02:04:53 +06 2020 now 
it is Sun Mar 22 02:04:53 +06 2020 now 
it is Sun Mar 22 02:04:53 +06 2020 now 
it is Sun Mar 22 02:04:53 +06 2020 now 
it is Sun Mar 22 02:04:53 +06 2020 now 
it is Sun Mar 22 02:04:53 +06 2020 now 
it is Sun Mar 22 02:04:53 +06 2020 now 
it is Sun Mar 22 02:04:53 +06 2020 now 
it is Sun Mar 22 02:04:53 +06 2020 now 
it is Sun Mar 22 02:04:53 +06 2020 now 
it is Sun Mar 22 02:04:54 +06 2020 now 
it is Sun Mar 22 02:04:54 +06 2020 now 
it is Sun Mar 22 02:04:54 +06 2020 now 
it is Sun Mar 22 02:04:54 +06 2020 now 
it is Sun Mar 22 02:04:54 +06 2020 now 
it is Sun Mar 22 02:04:54 +06 2020 now 
it is Sun Mar 22 02:04:54 +06 2020 now 
it is Sun Mar 22 02:04:54 +06 2020 now 
it is Sun Mar 22 02:04:54 +06 2020 now 
it is Sun Mar 22 02:04:54 +06 2020 now 
it is Sun Mar 22 02:04:54 +06 2020 now 
it is Sun Mar 22 02:04:55 +06 2020 now 
it is Sun Mar 22 02:04:55 +06 2020 now 
it is Sun Mar 22 02:04:55 +06 2020 now 
it is Sun Mar 22 02:04:55 +06 2020 now 
it is Sun Mar 22 02:04:55 +06 2020 now 
it is Sun Mar 22 02:04:55 +06 2020 now 
it is Sun Mar 22 02:04:55 +06 2020 now 
it is Sun Mar 22 02:04:55 +06 2020 now 
it is Sun Mar 22 02:04:55 +06 2020 now 
it is Sun Mar 22 02:04:55 +06 2020 now 
it is Sun Mar 22 02:04:56 +06 2020 now 
it is Sun Mar 22 02:04:56 +06 2020 now 
it is Sun Mar 22 02:04:56 +06 2020 now 
it is Sun Mar 22 02:04:56 +06 2020 now 
it is Sun Mar 22 02:04:56 +06 2020 now 
it is Sun Mar 22 02:04:56 +06 2020 now 
it is Sun Mar 22 02:04:56 +06 2020 now 
it is Sun Mar 22 02:04:56 +06 2020 now 
it is Sun Mar 22 02:04:56 +06 2020 now 
it is Sun Mar 22 02:04:56 +06 2020 now 
it is Sun Mar 22 02:04:57 +06 2020 now 
it is Sun Mar 22 02:04:57 +06 2020 now 
it is Sun Mar 22 02:04:57 +06 2020 now 
it is Sun Mar 22 02:04:57 +06 2020 now 
it is Sun Mar 22 02:04:57 +06 2020 now 
it is Sun Mar 22 02:04:57 +06 2020 now 
it is Sun Mar 22 02:04:57 +06 2020 now 
it is Sun Mar 22 02:04:57 +06 2020 now 
it is Sun Mar 22 02:04:57 +06 2020 now 
it is Sun Mar 22 02:04:57 +06 2020 now 
it is Sun Mar 22 02:04:57 +06 2020 now 
it is Sun Mar 22 02:04:58 +06 2020 now 
it is Sun Mar 22 02:04:58 +06 2020 now 
it is Sun Mar 22 02:04:58 +06 2020 now 
it is Sun Mar 22 02:04:58 +06 2020 now 
it is Sun Mar 22 02:04:58 +06 2020 now 
it is Sun Mar 22 02:04:58 +06 2020 now 
it is Sun Mar 22 02:04:58 +06 2020 now 
it is Sun Mar 22 02:04:58 +06 2020 now 
it is Sun Mar 22 02:04:58 +06 2020 now 
it is Sun Mar 22 02:04:58 +06 2020 now 
it is Sun Mar 22 02:04:59 +06 2020 now 
it is Sun Mar 22 02:04:59 +06 2020 now 
it is Sun Mar 22 02:04:59 +06 2020 now 
it is Sun Mar 22 02:04:59 +06 2020 now 
it is Sun Mar 22 02:04:59 +06 2020 now 
it is Sun Mar 22 02:04:59 +06 2020 now 
it is Sun Mar 22 02:04:59 +06 2020 now 
it is Sun Mar 22 02:04:59 +06 2020 now 
it is Sun Mar 22 02:04:59 +06 2020 now 
it is Sun Mar 22 02:04:59 +06 2020 now 
it is Sun Mar 22 02:05:00 +06 2020 now 
it is Sun Mar 22 02:05:00 +06 2020 now 
it is Sun Mar 22 02:05:00 +06 2020 now 
it is Sun Mar 22 02:05:00 +06 2020 now 
it is Sun Mar 22 02:05:00 +06 2020 now 
it is Sun Mar 22 02:05:00 +06 2020 now 
it is Sun Mar 22 02:05:00 +06 2020 now 
it is Sun Mar 22 02:05:00 +06 2020 now 
it is Sun Mar 22 02:05:00 +06 2020 now 
it is Sun Mar 22 02:05:00 +06 2020 now 
it is Sun Mar 22 02:05:01 +06 2020 now 
it is Sun Mar 22 02:05:01 +06 2020 now 
it is Sun Mar 22 02:05:01 +06 2020 now 
it is Sun Mar 22 02:05:01 +06 2020 now 
it is Sun Mar 22 02:05:01 +06 2020 now 
it is Sun Mar 22 02:05:01 +06 2020 now 
it is Sun Mar 22 02:05:01 +06 2020 now 
it is Sun Mar 22 02:05:01 +06 2020 now 
it is Sun Mar 22 02:05:01 +06 2020 now 
it is Sun Mar 22 02:05:01 +06 2020 now 
it is Sun Mar 22 02:05:02 +06 2020 now 
it is Sun Mar 22 02:05:02 +06 2020 now 
it is Sun Mar 22 02:05:02 +06 2020 now 
it is Sun Mar 22 02:05:02 +06 2020 now 
it is Sun Mar 22 02:05:02 +06 2020 now 
it is Sun Mar 22 02:05:02 +06 2020 now 
it is Sun Mar 22 02:05:02 +06 2020 now 
it is Sun Mar 22 02:05:02 +06 2020 now 
it is Sun Mar 22 02:05:02 +06 2020 now 
it is Sun Mar 22 02:05:02 +06 2020 now 
it is Sun Mar 22 02:05:02 +06 2020 now 
it is Sun Mar 22 02:05:03 +06 2020 now 
it is Sun Mar 22 02:05:03 +06 2020 now 
it is Sun Mar 22 02:05:03 +06 2020 now 
it is Sun Mar 22 02:05:03 +06 2020 now 
it is Sun Mar 22 02:05:03 +06 2020 now 
it is Sun Mar 22 02:05:03 +06 2020 now 
it is Sun Mar 22 02:05:03 +06 2020 now 
it is Sun Mar 22 02:05:03 +06 2020 now 
it is Sun Mar 22 02:05:03 +06 2020 now 
it is Sun Mar 22 02:05:03 +06 2020 now 
it is Sun Mar 22 02:05:03 +06 2020 now 
it is Sun Mar 22 02:05:04 +06 2020 now 
it is Sun Mar 22 02:05:04 +06 2020 now 
it is Sun Mar 22 02:05:04 +06 2020 now 
it is Sun Mar 22 02:05:04 +06 2020 now 
it is Sun Mar 22 02:05:04 +06 2020 now 
it is Sun Mar 22 02:05:04 +06 2020 now 
it is Sun Mar 22 02:05:04 +06 2020 now 
it is Sun Mar 22 02:05:04 +06 2020 now 
it is Sun Mar 22 02:05:04 +06 2020 now 
it is Sun Mar 22 02:05:04 +06 2020 now 
it is Sun Mar 22 02:05:04 +06 2020 now 
it is Sun Mar 22 02:05:05 +06 2020 now 
it is Sun Mar 22 02:05:05 +06 2020 now 
it is Sun Mar 22 02:05:05 +06 2020 now 
it is Sun Mar 22 02:06:05 +06 2020 now 
it is Sun Mar 22 02:06:05 +06 2020 now 
it is Sun Mar 22 02:06:05 +06 2020 now 
it is Sun Mar 22 02:06:05 +06 2020 now 
it is Sun Mar 22 02:06:06 +06 2020 now 
it is Sun Mar 22 02:06:06 +06 2020 now 
it is Sun Mar 22 02:06:06 +06 2020 now 
it is Sun Mar 22 02:06:06 +06 2020 now 
it is Sun Mar 22 02:06:06 +06 2020 now 
it is Sun Mar 22 02:06:06 +06 2020 now 
it is Sun Mar 22 02:06:06 +06 2020 now 
it is Sun Mar 22 02:06:06 +06 2020 now 
it is Sun Mar 22 02:06:06 +06 2020 now 
it is Sun Mar 22 02:06:06 +06 2020 now 
it is Sun Mar 22 02:06:06 +06 2020 now 
it is Sun Mar 22 02:06:06 +06 2020 now 
it is Sun Mar 22 02:06:07 +06 2020 now 
it is Sun Mar 22 02:06:07 +06 2020 now 
it is Sun Mar 22 02:06:07 +06 2020 now 
it is Sun Mar 22 02:06:07 +06 2020 now 
it is Sun Mar 22 02:06:07 +06 2020 now 
it is Sun Mar 22 02:06:07 +06 2020 now 
it is Sun Mar 22 02:06:07 +06 2020 now 
it is Sun Mar 22 02:06:07 +06 2020 now 
it is Sun Mar 22 02:06:07 +06 2020 now 
it is Sun Mar 22 02:06:07 +06 2020 now 
it is Sun Mar 22 02:06:07 +06 2020 now 
it is Sun Mar 22 02:06:07 +06 2020 now 
it is Sun Mar 22 02:06:08 +06 2020 now 
it is Sun Mar 22 02:06:08 +06 2020 now 
it is Sun Mar 22 02:06:08 +06 2020 now 
it is Sun Mar 22 02:06:08 +06 2020 now 
it is Sun Mar 22 02:06:08 +06 2020 now 
it is Sun Mar 22 02:06:08 +06 2020 now 
it is Sun Mar 22 02:06:08 +06 2020 now 
it is Sun Mar 22 02:06:08 +06 2020 now 
it is Sun Mar 22 02:06:08 +06 2020 now 
it is Sun Mar 22 02:06:08 +06 2020 now 
it is Sun Mar 22 02:06:08 +06 2020 now 
it is Sun Mar 22 02:06:08 +06 2020 now 
it is Sun Mar 22 02:06:09 +06 2020 now 
it is Sun Mar 22 02:06:09 +06 2020 now 
it is Sun Mar 22 02:06:09 +06 2020 now 
it is Sun Mar 22 02:06:09 +06 2020 now 
it is Sun Mar 22 02:06:09 +06 2020 now 
it is Sun Mar 22 02:06:09 +06 2020 now 
it is Sun Mar 22 02:06:09 +06 2020 now 
it is Sun Mar 22 02:06:09 +06 2020 now 
it is Sun Mar 22 02:06:09 +06 2020 now 
it is Sun Mar 22 02:06:09 +06 2020 now 
it is Sun Mar 22 02:06:09 +06 2020 now 
it is Sun Mar 22 02:06:09 +06 2020 now 
it is Sun Mar 22 02:06:10 +06 2020 now 
it is Sun Mar 22 02:06:10 +06 2020 now 
it is Sun Mar 22 02:06:10 +06 2020 now 
it is Sun Mar 22 02:06:10 +06 2020 now 
it is Sun Mar 22 02:06:10 +06 2020 now 
it is Sun Mar 22 02:06:10 +06 2020 now 
it is Sun Mar 22 02:06:10 +06 2020 now 
it is Sun Mar 22 02:06:10 +06 2020 now 
it is Sun Mar 22 02:06:10 +06 2020 now 
it is Sun Mar 22 02:06:10 +06 2020 now 
it is Sun Mar 22 02:06:10 +06 2020 now 
it is Sun Mar 22 02:06:10 +06 2020 now 
it is Sun Mar 22 02:06:11 +06 2020 now 
it is Sun Mar 22 02:06:11 +06 2020 now 
it is Sun Mar 22 02:06:11 +06 2020 now 
it is Sun Mar 22 02:06:11 +06 2020 now 
it is Sun Mar 22 02:06:11 +06 2020 now 
it is Sun Mar 22 02:06:11 +06 2020 now 
it is Sun Mar 22 02:06:11 +06 2020 now 
it is Sun Mar 22 02:06:11 +06 2020 now 
it is Sun Mar 22 02:06:11 +06 2020 now 
it is Sun Mar 22 02:06:11 +06 2020 now 
it is Sun Mar 22 02:06:11 +06 2020 now 
it is Sun Mar 22 02:06:11 +06 2020 now 
it is Sun Mar 22 02:06:12 +06 2020 now 
it is Sun Mar 22 02:06:12 +06 2020 now 
it is Sun Mar 22 02:06:12 +06 2020 now 
it is Sun Mar 22 02:06:12 +06 2020 now 
it is Sun Mar 22 02:06:12 +06 2020 now 
it is Sun Mar 22 02:06:12 +06 2020 now 
it is Sun Mar 22 02:06:12 +06 2020 now 
it is Sun Mar 22 02:06:12 +06 2020 now 
it is Sun Mar 22 02:06:12 +06 2020 now 
it is Sun Mar 22 02:06:12 +06 2020 now 
it is Sun Mar 22 02:06:12 +06 2020 now 
it is Sun Mar 22 02:06:12 +06 2020 now 
it is Sun Mar 22 02:06:13 +06 2020 now 
it is Sun Mar 22 02:06:13 +06 2020 now 
it is Sun Mar 22 02:06:13 +06 2020 now 
it is Sun Mar 22 02:06:13 +06 2020 now 
it is Sun Mar 22 02:06:13 +06 2020 now 
it is Sun Mar 22 02:06:13 +06 2020 now 
it is Sun Mar 22 02:06:13 +06 2020 now 
it is Sun Mar 22 02:06:13 +06 2020 now 
it is Sun Mar 22 02:06:13 +06 2020 now 
it is Sun Mar 22 02:06:13 +06 2020 now 
it is Sun Mar 22 02:06:13 +06 2020 now 
it is Sun Mar 22 02:06:13 +06 2020 now 
it is Sun Mar 22 02:06:14 +06 2020 now 
it is Sun Mar 22 02:06:14 +06 2020 now 
it is Sun Mar 22 02:06:14 +06 2020 now 
it is Sun Mar 22 02:06:14 +06 2020 now 
it is Sun Mar 22 02:06:14 +06 2020 now 
it is Sun Mar 22 02:06:14 +06 2020 now 
it is Sun Mar 22 02:06:14 +06 2020 now 
it is Sun Mar 22 02:06:14 +06 2020 now 
it is Sun Mar 22 02:06:14 +06 2020 now 
it is Sun Mar 22 02:06:14 +06 2020 now 
it is Sun Mar 22 02:06:14 +06 2020 now 
it is Sun Mar 22 02:06:14 +06 2020 now 
it is Sun Mar 22 02:06:14 +06 2020 now 
it is Sun Mar 22 02:06:15 +06 2020 now 
it is Sun Mar 22 02:06:15 +06 2020 now 
it is Sun Mar 22 02:06:15 +06 2020 now 
it is Sun Mar 22 02:06:15 +06 2020 now 
it is Sun Mar 22 02:06:15 +06 2020 now 
it is Sun Mar 22 02:06:15 +06 2020 now 
it is Sun Mar 22 02:06:15 +06 2020 now 
it is Sun Mar 22 02:06:15 +06 2020 now 
it is Sun Mar 22 02:06:15 +06 2020 now 
it is Sun Mar 22 02:06:15 +06 2020 now 
it is Sun Mar 22 02:06:15 +06 2020 now 
it is Sun Mar 22 02:06:15 +06 2020 now 
it is Sun Mar 22 02:06:16 +06 2020 now 
it is Sun Mar 22 02:06:16 +06 2020 now 
it is Sun Mar 22 02:06:16 +06 2020 now 
it is Sun Mar 22 02:06:16 +06 2020 now 
it is Sun Mar 22 02:06:16 +06 2020 now 
it is Sun Mar 22 02:06:16 +06 2020 now 
it is Sun Mar 22 02:06:16 +06 2020 now 
it is Sun Mar 22 02:06:16 +06 2020 now 
it is Sun Mar 22 02:06:16 +06 2020 now 
it is Sun Mar 22 02:06:16 +06 2020 now 
it is Sun Mar 22 02:06:16 +06 2020 now 
it is Sun Mar 22 02:06:16 +06 2020 now 
it is Sun Mar 22 02:06:17 +06 2020 now 
it is Sun Mar 22 02:06:17 +06 2020 now 
it is Sun Mar 22 02:06:17 +06 2020 now 
it is Sun Mar 22 02:06:17 +06 2020 now 
it is Sun Mar 22 02:06:17 +06 2020 now 
it is Sun Mar 22 02:06:17 +06 2020 now 
it is Sun Mar 22 02:06:17 +06 2020 now 
it is Sun Mar 22 02:06:17 +06 2020 now 
it is Sun Mar 22 02:06:17 +06 2020 now 
it is Sun Mar 22 02:06:17 +06 2020 now 
it is Sun Mar 22 02:06:17 +06 2020 now 
it is Sun Mar 22 02:06:17 +06 2020 now 
it is Sun Mar 22 02:06:17 +06 2020 now 
it is Sun Mar 22 02:06:18 +06 2020 now 
it is Sun Mar 22 02:06:18 +06 2020 now 
it is Sun Mar 22 02:06:18 +06 2020 now 
it is Sun Mar 22 02:06:18 +06 2020 now 
it is Sun Mar 22 02:06:18 +06 2020 now 
it is Sun Mar 22 02:06:18 +06 2020 now 
it is Sun Mar 22 02:06:18 +06 2020 now 
it is Sun Mar 22 02:06:18 +06 2020 now 
it is Sun Mar 22 02:06:18 +06 2020 now 
it is Sun Mar 22 02:06:18 +06 2020 now 
it is Sun Mar 22 02:06:18 +06 2020 now 
it is Sun Mar 22 02:06:18 +06 2020 now 
it is Sun Mar 22 02:06:19 +06 2020 now 
it is Sun Mar 22 02:06:19 +06 2020 now 
it is Sun Mar 22 02:06:19 +06 2020 now 
it is Sun Mar 22 02:06:19 +06 2020 now 
it is Sun Mar 22 02:06:19 +06 2020 now 
it is Sun Mar 22 02:06:19 +06 2020 now 
it is Sun Mar 22 02:06:19 +06 2020 now 
it is Sun Mar 22 02:06:19 +06 2020 now 
it is Sun Mar 22 02:06:19 +06 2020 now 
it is Sun Mar 22 02:06:19 +06 2020 now 
it is Sun Mar 22 02:06:19 +06 2020 now 
it is Sun Mar 22 02:06:19 +06 2020 now 
it is Sun Mar 22 02:06:20 +06 2020 now 
it is Sun Mar 22 02:06:20 +06 2020 now 
it is Sun Mar 22 02:06:20 +06 2020 now 
it is Sun Mar 22 02:06:20 +06 2020 now 
it is Sun Mar 22 02:06:20 +06 2020 now 
it is Sun Mar 22 02:06:20 +06 2020 now 
it is Sun Mar 22 02:06:20 +06 2020 now 
it is Sun Mar 22 02:06:20 +06 2020 now 
it is Sun Mar 22 02:06:20 +06 2020 now 
it is Sun Mar 22 02:06:20 +06 2020 now 
it is Sun Mar 22 02:06:20 +06 2020 now 
it is Sun Mar 22 02:06:20 +06 2020 now 
it is Sun Mar 22 02:06:21 +06 2020 now 
it is Sun Mar 22 02:06:21 +06 2020 now 
it is Sun Mar 22 02:06:21 +06 2020 now 
it is Sun Mar 22 02:06:21 +06 2020 now 
it is Sun Mar 22 02:06:21 +06 2020 now 
it is Sun Mar 22 02:06:21 +06 2020 now 
it is Sun Mar 22 02:06:21 +06 2020 now 
it is Sun Mar 22 02:06:21 +06 2020 now 
it is Sun Mar 22 02:06:21 +06 2020 now 
it is Sun Mar 22 02:06:21 +06 2020 now 
it is Sun Mar 22 02:06:21 +06 2020 now 
it is Sun Mar 22 02:06:21 +06 2020 now 
it is Sun Mar 22 02:06:22 +06 2020 now 
it is Sun Mar 22 02:06:22 +06 2020 now 
it is Sun Mar 22 02:06:22 +06 2020 now 
it is Sun Mar 22 02:06:22 +06 2020 now 
it is Sun Mar 22 02:06:22 +06 2020 now 
it is Sun Mar 22 02:06:22 +06 2020 now 
it is Sun Mar 22 02:06:22 +06 2020 now 
it is Sun Mar 22 02:06:22 +06 2020 now 
it is Sun Mar 22 02:06:22 +06 2020 now 
it is Sun Mar 22 02:06:22 +06 2020 now 
it is Sun Mar 22 02:06:22 +06 2020 now 
it is Sun Mar 22 02:06:22 +06 2020 now 
it is Sun Mar 22 02:06:23 +06 2020 now 
it is Sun Mar 22 02:06:23 +06 2020 now 
it is Sun Mar 22 02:06:23 +06 2020 now 
it is Sun Mar 22 02:06:23 +06 2020 now 
it is Sun Mar 22 02:06:23 +06 2020 now 
it is Sun Mar 22 02:06:23 +06 2020 now 
it is Sun Mar 22 02:06:23 +06 2020 now 
it is Sun Mar 22 02:06:23 +06 2020 now 
it is Sun Mar 22 02:06:23 +06 2020 now 
it is Sun Mar 22 02:06:23 +06 2020 now 
it is Sun Mar 22 02:06:23 +06 2020 now 
it is Sun Mar 22 02:06:23 +06 2020 now 
it is Sun Mar 22 02:06:24 +06 2020 now 
it is Sun Mar 22 02:06:24 +06 2020 now 
it is Sun Mar 22 02:06:24 +06 2020 now 
it is Sun Mar 22 02:06:24 +06 2020 now 
it is Sun Mar 22 02:06:24 +06 2020 now 
it is Sun Mar 22 02:06:24 +06 2020 now 
it is Sun Mar 22 02:06:24 +06 2020 now 
it is Sun Mar 22 02:06:24 +06 2020 now 
it is Sun Mar 22 02:06:24 +06 2020 now 
it is Sun Mar 22 02:06:24 +06 2020 now 
it is Sun Mar 22 02:06:24 +06 2020 now 
it is Sun Mar 22 02:06:24 +06 2020 now 
it is Sun Mar 22 02:06:25 +06 2020 now 
it is Sun Mar 22 02:06:25 +06 2020 now 
it is Sun Mar 22 02:06:25 +06 2020 now 
it is Sun Mar 22 02:06:25 +06 2020 now 
it is Sun Mar 22 02:06:25 +06 2020 now 
it is Sun Mar 22 02:06:25 +06 2020 now 
it is Sun Mar 22 02:06:25 +06 2020 now 
it is Sun Mar 22 02:06:25 +06 2020 now 
it is Sun Mar 22 02:06:25 +06 2020 now 
it is Sun Mar 22 02:06:25 +06 2020 now 
it is Sun Mar 22 02:06:25 +06 2020 now 
it is Sun Mar 22 02:06:25 +06 2020 now 
it is Sun Mar 22 02:06:26 +06 2020 now 
it is Sun Mar 22 02:06:26 +06 2020 now 
it is Sun Mar 22 02:06:26 +06 2020 now 
it is Sun Mar 22 02:06:26 +06 2020 now 
it is Sun Mar 22 02:06:26 +06 2020 now 
it is Sun Mar 22 02:06:26 +06 2020 now 
it is Sun Mar 22 02:06:26 +06 2020 now 
it is Sun Mar 22 02:06:26 +06 2020 now 
it is Sun Mar 22 02:06:26 +06 2020 now 
it is Sun Mar 22 02:06:26 +06 2020 now 
it is Sun Mar 22 02:06:26 +06 2020 now 
it is Sun Mar 22 02:06:26 +06 2020 now 
it is Sun Mar 22 02:06:27 +06 2020 now 
it is Sun Mar 22 02:06:27 +06 2020 now 
it is Sun Mar 22 02:06:27 +06 2020 now 
it is Sun Mar 22 02:06:27 +06 2020 now 
it is Sun Mar 22 02:06:27 +06 2020 now 
it is Sun Mar 22 02:06:27 +06 2020 now 
it is Sun Mar 22 02:06:27 +06 2020 now 
it is Sun Mar 22 02:06:27 +06 2020 now 
it is Sun Mar 22 02:06:27 +06 2020 now 
it is Sun Mar 22 02:06:27 +06 2020 now 
it is Sun Mar 22 02:06:27 +06 2020 now 
it is Sun Mar 22 02:06:27 +06 2020 now 
it is Sun Mar 22 02:06:27 +06 2020 now 
it is Sun Mar 22 02:06:28 +06 2020 now 
it is Sun Mar 22 02:06:28 +06 2020 now 
it is Sun Mar 22 02:06:28 +06 2020 now 
it is Sun Mar 22 02:06:28 +06 2020 now 
it is Sun Mar 22 02:06:28 +06 2020 now 
it is Sun Mar 22 02:06:28 +06 2020 now 
it is Sun Mar 22 02:06:28 +06 2020 now 
it is Sun Mar 22 02:06:28 +06 2020 now 
it is Sun Mar 22 02:06:28 +06 2020 now 
it is Sun Mar 22 02:06:28 +06 2020 now 
it is Sun Mar 22 02:06:28 +06 2020 now 
it is Sun Mar 22 02:06:28 +06 2020 now 
it is Sun Mar 22 02:06:29 +06 2020 now 
it is Sun Mar 22 02:06:29 +06 2020 now 
it is Sun Mar 22 02:06:29 +06 2020 now 
it is Sun Mar 22 02:06:29 +06 2020 now 
it is Sun Mar 22 02:06:29 +06 2020 now 
it is Sun Mar 22 02:06:29 +06 2020 now 
it is Sun Mar 22 02:06:29 +06 2020 now 
it is Sun Mar 22 02:06:29 +06 2020 now 
it is Sun Mar 22 02:06:29 +06 2020 now 
it is Sun Mar 22 02:06:29 +06 2020 now 
it is Sun Mar 22 02:06:29 +06 2020 now 
it is Sun Mar 22 02:06:29 +06 2020 now 
it is Sun Mar 22 02:06:30 +06 2020 now 
it is Sun Mar 22 02:06:30 +06 2020 now 
it is Sun Mar 22 02:06:30 +06 2020 now 
it is Sun Mar 22 02:06:30 +06 2020 now 
it is Sun Mar 22 02:06:30 +06 2020 now 
it is Sun Mar 22 02:06:30 +06 2020 now 
it is Sun Mar 22 02:06:30 +06 2020 now 
it is Sun Mar 22 02:06:30 +06 2020 now 
it is Sun Mar 22 02:06:30 +06 2020 now 
it is Sun Mar 22 02:06:30 +06 2020 now 
it is Sun Mar 22 02:06:30 +06 2020 now 
it is Sun Mar 22 02:06:30 +06 2020 now 
it is Sun Mar 22 02:06:31 +06 2020 now 
it is Sun Mar 22 02:06:31 +06 2020 now 
it is Sun Mar 22 02:06:31 +06 2020 now 
it is Sun Mar 22 02:06:31 +06 2020 now 
it is Sun Mar 22 02:06:31 +06 2020 now 
it is Sun Mar 22 02:06:31 +06 2020 now 
it is Sun Mar 22 02:06:31 +06 2020 now 
it is Sun Mar 22 02:06:31 +06 2020 now 
it is Sun Mar 22 02:06:31 +06 2020 now 
it is Sun Mar 22 02:06:31 +06 2020 now 
it is Sun Mar 22 02:06:31 +06 2020 now 
it is Sun Mar 22 02:06:31 +06 2020 now 
it is Sun Mar 22 02:06:32 +06 2020 now 
it is Sun Mar 22 02:06:32 +06 2020 now 
it is Sun Mar 22 02:06:32 +06 2020 now 
it is Sun Mar 22 02:06:32 +06 2020 now 
it is Sun Mar 22 02:06:32 +06 2020 now 
it is Sun Mar 22 02:06:32 +06 2020 now 
it is Sun Mar 22 02:06:32 +06 2020 now 
it is Sun Mar 22 02:06:32 +06 2020 now 
it is Sun Mar 22 02:06:32 +06 2020 now 
it is Sun Mar 22 02:06:32 +06 2020 now 
it is Sun Mar 22 02:06:32 +06 2020 now 
it is Sun Mar 22 02:06:32 +06 2020 now 
it is Sun Mar 22 02:06:33 +06 2020 now 
it is Sun Mar 22 02:06:33 +06 2020 now 
it is Sun Mar 22 02:06:33 +06 2020 now 
it is Sun Mar 22 02:06:33 +06 2020 now 
it is Sun Mar 22 02:06:33 +06 2020 now 
it is Sun Mar 22 02:06:33 +06 2020 now 
it is Sun Mar 22 02:06:33 +06 2020 now 
it is Sun Mar 22 02:06:33 +06 2020 now 
it is Sun Mar 22 02:06:33 +06 2020 now 
it is Sun Mar 22 02:06:33 +06 2020 now 
it is Sun Mar 22 02:06:33 +06 2020 now 
it is Sun Mar 22 02:06:33 +06 2020 now 
it is Sun Mar 22 02:06:34 +06 2020 now 
it is Sun Mar 22 02:06:34 +06 2020 now 
it is Sun Mar 22 02:06:34 +06 2020 now 
it is Sun Mar 22 02:06:34 +06 2020 now 
it is Sun Mar 22 02:06:34 +06 2020 now 
it is Sun Mar 22 02:06:34 +06 2020 now 
it is Sun Mar 22 02:06:34 +06 2020 now 
it is Sun Mar 22 02:06:34 +06 2020 now 
it is Sun Mar 22 02:06:34 +06 2020 now 
it is Sun Mar 22 02:06:34 +06 2020 now 
it is Sun Mar 22 02:06:34 +06 2020 now 
it is Sun Mar 22 02:06:34 +06 2020 now 
it is Sun Mar 22 02:06:35 +06 2020 now 
it is Sun Mar 22 02:06:35 +06 2020 now 
it is Sun Mar 22 02:06:35 +06 2020 now 
it is Sun Mar 22 02:06:35 +06 2020 now 
it is Sun Mar 22 02:06:35 +06 2020 now 
it is Sun Mar 22 02:06:35 +06 2020 now 
it is Sun Mar 22 02:06:35 +06 2020 now 
it is Sun Mar 22 02:06:35 +06 2020 now 
it is Sun Mar 22 02:06:35 +06 2020 now 
it is Sun Mar 22 02:06:35 +06 2020 now 
it is Sun Mar 22 02:06:35 +06 2020 now 
it is Sun Mar 22 02:06:35 +06 2020 now 
it is Sun Mar 22 02:06:36 +06 2020 now 
it is Sun Mar 22 02:06:36 +06 2020 now 
it is Sun Mar 22 02:06:36 +06 2020 now 
it is Sun Mar 22 02:06:36 +06 2020 now 
it is Sun Mar 22 02:06:36 +06 2020 now 
it is Sun Mar 22 02:06:36 +06 2020 now 
it is Sun Mar 22 02:06:36 +06 2020 now 
it is Sun Mar 22 02:06:36 +06 2020 now 
it is Sun Mar 22 02:06:36 +06 2020 now 
it is Sun Mar 22 02:06:36 +06 2020 now 
it is Sun Mar 22 02:06:36 +06 2020 now 
it is Sun Mar 22 02:06:36 +06 2020 now 
it is Sun Mar 22 02:06:37 +06 2020 now 
it is Sun Mar 22 02:06:37 +06 2020 now 
it is Sun Mar 22 02:06:37 +06 2020 now 
it is Sun Mar 22 02:06:37 +06 2020 now 
it is Sun Mar 22 02:06:37 +06 2020 now 
it is Sun Mar 22 02:06:37 +06 2020 now 
it is Sun Mar 22 02:06:37 +06 2020 now 
it is Sun Mar 22 02:06:37 +06 2020 now 
it is Sun Mar 22 02:06:37 +06 2020 now 
it is Sun Mar 22 02:06:37 +06 2020 now 
it is Sun Mar 22 02:06:37 +06 2020 now 
it is Sun Mar 22 02:06:37 +06 2020 now 
it is Sun Mar 22 02:06:38 +06 2020 now 
it is Sun Mar 22 02:06:38 +06 2020 now 
it is Sun Mar 22 02:06:38 +06 2020 now 
it is Sun Mar 22 02:06:38 +06 2020 now 
it is Sun Mar 22 02:06:38 +06 2020 now 
it is Sun Mar 22 02:06:38 +06 2020 now 
it is Sun Mar 22 02:06:38 +06 2020 now 
it is Sun Mar 22 02:06:38 +06 2020 now 
it is Sun Mar 22 02:06:38 +06 2020 now 
it is Sun Mar 22 02:06:38 +06 2020 now 
it is Sun Mar 22 02:06:38 +06 2020 now 
it is Sun Mar 22 02:06:38 +06 2020 now 
it is Sun Mar 22 02:06:39 +06 2020 now 
it is Sun Mar 22 02:06:39 +06 2020 now 
it is Sun Mar 22 02:06:39 +06 2020 now 
it is Sun Mar 22 02:06:39 +06 2020 now 
it is Sun Mar 22 02:06:39 +06 2020 now 
it is Sun Mar 22 02:06:39 +06 2020 now 
it is Sun Mar 22 02:06:39 +06 2020 now 
it is Sun Mar 22 02:06:39 +06 2020 now 
it is Sun Mar 22 02:06:39 +06 2020 now 
it is Sun Mar 22 02:06:39 +06 2020 now 
it is Sun Mar 22 02:06:39 +06 2020 now 
it is Sun Mar 22 02:06:39 +06 2020 now 
it is Sun Mar 22 02:06:40 +06 2020 now 
it is Sun Mar 22 02:06:40 +06 2020 now 
it is Sun Mar 22 02:06:40 +06 2020 now 
it is Sun Mar 22 02:06:40 +06 2020 now 
it is Sun Mar 22 02:06:40 +06 2020 now 
it is Sun Mar 22 02:06:40 +06 2020 now 
it is Sun Mar 22 02:06:40 +06 2020 now 
it is Sun Mar 22 02:06:40 +06 2020 now 
it is Sun Mar 22 02:06:40 +06 2020 now 
it is Sun Mar 22 02:06:40 +06 2020 now 
it is Sun Mar 22 02:06:40 +06 2020 now 
it is Sun Mar 22 02:06:40 +06 2020 now 
it is Sun Mar 22 02:06:41 +06 2020 now 
it is Sun Mar 22 02:06:41 +06 2020 now 
it is Sun Mar 22 02:06:41 +06 2020 now 
it is Sun Mar 22 02:06:41 +06 2020 now 
it is Sun Mar 22 02:06:41 +06 2020 now 
it is Sun Mar 22 02:06:41 +06 2020 now 
it is Sun Mar 22 02:06:41 +06 2020 now 
it is Sun Mar 22 02:06:41 +06 2020 now 
it is Sun Mar 22 02:06:41 +06 2020 now 
it is Sun Mar 22 02:06:41 +06 2020 now 
it is Sun Mar 22 02:06:41 +06 2020 now 
it is Sun Mar 22 02:06:41 +06 2020 now 
it is Sun Mar 22 02:06:41 +06 2020 now 
it is Sun Mar 22 02:06:42 +06 2020 now 
it is Sun Mar 22 02:06:42 +06 2020 now 
it is Sun Mar 22 02:06:42 +06 2020 now 
it is Sun Mar 22 02:06:42 +06 2020 now 
it is Sun Mar 22 02:06:42 +06 2020 now 
it is Sun Mar 22 02:06:42 +06 2020 now 
it is Sun Mar 22 02:06:42 +06 2020 now 
it is Sun Mar 22 02:06:42 +06 2020 now 
it is Sun Mar 22 02:06:42 +06 2020 now 
it is Sun Mar 22 02:06:42 +06 2020 now 
it is Sun Mar 22 02:06:42 +06 2020 now 
it is Sun Mar 22 02:06:42 +06 2020 now 
it is Sun Mar 22 02:06:43 +06 2020 now 
it is Sun Mar 22 02:06:43 +06 2020 now 
it is Sun Mar 22 02:06:43 +06 2020 now 
it is Sun Mar 22 02:06:43 +06 2020 now 
it is Sun Mar 22 02:06:43 +06 2020 now 
it is Sun Mar 22 02:06:43 +06 2020 now 
it is Sun Mar 22 02:06:43 +06 2020 now 
it is Sun Mar 22 02:06:43 +06 2020 now 
it is Sun Mar 22 02:06:43 +06 2020 now 
it is Sun Mar 22 02:06:43 +06 2020 now 
it is Sun Mar 22 02:06:43 +06 2020 now 
it is Sun Mar 22 02:06:43 +06 2020 now 
it is Sun Mar 22 02:06:44 +06 2020 now 
it is Sun Mar 22 02:06:44 +06 2020 now 
it is Sun Mar 22 02:06:44 +06 2020 now 
it is Sun Mar 22 02:06:44 +06 2020 now 
it is Sun Mar 22 02:06:44 +06 2020 now 
it is Sun Mar 22 02:06:44 +06 2020 now 
it is Sun Mar 22 02:06:44 +06 2020 now 
it is Sun Mar 22 02:06:44 +06 2020 now 
it is Sun Mar 22 02:06:44 +06 2020 now 
it is Sun Mar 22 02:06:44 +06 2020 now 
it is Sun Mar 22 02:06:44 +06 2020 now 
it is Sun Mar 22 02:06:44 +06 2020 now 
it is Sun Mar 22 02:06:45 +06 2020 now 
it is Sun Mar 22 02:06:45 +06 2020 now 
it is Sun Mar 22 02:06:45 +06 2020 now 
it is Sun Mar 22 02:06:45 +06 2020 now 
it is Sun Mar 22 02:06:45 +06 2020 now 
it is Sun Mar 22 02:06:45 +06 2020 now 
it is Sun Mar 22 02:06:45 +06 2020 now 
it is Sun Mar 22 02:06:45 +06 2020 now 
it is Sun Mar 22 02:06:45 +06 2020 now 
it is Sun Mar 22 02:06:45 +06 2020 now 
it is Sun Mar 22 02:06:45 +06 2020 now 
it is Sun Mar 22 02:06:45 +06 2020 now 
it is Sun Mar 22 02:06:45 +06 2020 now 
it is Sun Mar 22 02:06:46 +06 2020 now 
it is Sun Mar 22 02:06:46 +06 2020 now 
it is Sun Mar 22 02:06:46 +06 2020 now 
it is Sun Mar 22 02:06:46 +06 2020 now 
it is Sun Mar 22 02:06:46 +06 2020 now 
it is Sun Mar 22 02:06:46 +06 2020 now 
it is Sun Mar 22 02:06:46 +06 2020 now 
it is Sun Mar 22 02:06:46 +06 2020 now 
it is Sun Mar 22 02:06:46 +06 2020 now 
it is Sun Mar 22 02:06:46 +06 2020 now 
it is Sun Mar 22 02:06:46 +06 2020 now 
it is Sun Mar 22 02:06:46 +06 2020 now 
it is Sun Mar 22 02:06:47 +06 2020 now 
it is Sun Mar 22 02:06:47 +06 2020 now 
it is Sun Mar 22 02:06:47 +06 2020 now 
it is Sun Mar 22 02:06:47 +06 2020 now 
it is Sun Mar 22 02:06:47 +06 2020 now 
it is Sun Mar 22 02:06:47 +06 2020 now 
it is Sun Mar 22 02:06:47 +06 2020 now 
it is Sun Mar 22 02:06:47 +06 2020 now 
it is Sun Mar 22 02:06:47 +06 2020 now 
it is Sun Mar 22 02:06:47 +06 2020 now 
it is Sun Mar 22 02:06:47 +06 2020 now 
it is Sun Mar 22 02:06:47 +06 2020 now 
it is Sun Mar 22 02:06:48 +06 2020 now 
it is Sun Mar 22 02:06:48 +06 2020 now 
it is Sun Mar 22 02:06:48 +06 2020 now 
it is Sun Mar 22 02:06:48 +06 2020 now 
it is Sun Mar 22 02:06:48 +06 2020 now 
it is Sun Mar 22 02:06:48 +06 2020 now 
it is Sun Mar 22 02:06:48 +06 2020 now 
it is Sun Mar 22 02:06:48 +06 2020 now 
it is Sun Mar 22 02:06:48 +06 2020 now 
it is Sun Mar 22 02:06:48 +06 2020 now 
it is Sun Mar 22 02:06:48 +06 2020 now 
it is Sun Mar 22 02:06:48 +06 2020 now 
it is Sun Mar 22 02:06:49 +06 2020 now 
it is Sun Mar 22 02:06:49 +06 2020 now 
it is Sun Mar 22 02:06:49 +06 2020 now 
it is Sun Mar 22 02:06:49 +06 2020 now 
it is Sun Mar 22 02:06:49 +06 2020 now 
it is Sun Mar 22 02:06:49 +06 2020 now 
it is Sun Mar 22 02:06:49 +06 2020 now 
it is Sun Mar 22 02:06:49 +06 2020 now 
it is Sun Mar 22 02:06:49 +06 2020 now 
it is Sun Mar 22 02:06:49 +06 2020 now 
it is Sun Mar 22 02:06:49 +06 2020 now 
it is Sun Mar 22 02:06:49 +06 2020 now 
it is Sun Mar 22 02:06:50 +06 2020 now 
it is Sun Mar 22 02:06:50 +06 2020 now 
it is Sun Mar 22 02:06:50 +06 2020 now 
it is Sun Mar 22 02:06:50 +06 2020 now 
it is Sun Mar 22 02:06:50 +06 2020 now 
it is Sun Mar 22 02:06:50 +06 2020 now 
it is Sun Mar 22 02:06:50 +06 2020 now 
it is Sun Mar 22 02:06:50 +06 2020 now 
it is Sun Mar 22 02:06:50 +06 2020 now 
it is Sun Mar 22 02:06:50 +06 2020 now 
it is Sun Mar 22 02:06:50 +06 2020 now 
it is Sun Mar 22 02:06:50 +06 2020 now 
it is Sun Mar 22 02:06:51 +06 2020 now 
it is Sun Mar 22 02:06:51 +06 2020 now 
it is Sun Mar 22 02:06:51 +06 2020 now 
it is Sun Mar 22 02:06:51 +06 2020 now 
it is Sun Mar 22 02:06:51 +06 2020 now 
it is Sun Mar 22 02:06:51 +06 2020 now 
it is Sun Mar 22 02:06:51 +06 2020 now 
it is Sun Mar 22 02:06:51 +06 2020 now 
it is Sun Mar 22 02:06:51 +06 2020 now 
it is Sun Mar 22 02:06:51 +06 2020 now 
it is Sun Mar 22 02:06:51 +06 2020 now 
it is Sun Mar 22 02:06:51 +06 2020 now 
it is Sun Mar 22 02:06:52 +06 2020 now 
it is Sun Mar 22 02:06:52 +06 2020 now 
it is Sun Mar 22 02:06:52 +06 2020 now 
it is Sun Mar 22 02:06:52 +06 2020 now 
it is Sun Mar 22 02:06:52 +06 2020 now 
it is Sun Mar 22 02:06:52 +06 2020 now 
it is Sun Mar 22 02:06:52 +06 2020 now 
it is Sun Mar 22 02:06:52 +06 2020 now 
it is Sun Mar 22 02:06:52 +06 2020 now 
it is Sun Mar 22 02:06:52 +06 2020 now 
it is Sun Mar 22 02:06:52 +06 2020 now 
it is Sun Mar 22 02:06:52 +06 2020 now 
it is Sun Mar 22 02:06:53 +06 2020 now 
it is Sun Mar 22 02:06:53 +06 2020 now 
it is Sun Mar 22 02:06:53 +06 2020 now 
it is Sun Mar 22 02:06:53 +06 2020 now 
it is Sun Mar 22 02:06:53 +06 2020 now 
it is Sun Mar 22 02:06:53 +06 2020 now 
it is Sun Mar 22 02:06:53 +06 2020 now 
it is Sun Mar 22 02:06:53 +06 2020 now 
it is Sun Mar 22 02:06:53 +06 2020 now 
it is Sun Mar 22 02:06:53 +06 2020 now 
it is Sun Mar 22 02:06:53 +06 2020 now 
it is Sun Mar 22 02:06:53 +06 2020 now 
it is Sun Mar 22 02:06:53 +06 2020 now 
it is Sun Mar 22 02:06:54 +06 2020 now 
it is Sun Mar 22 02:06:54 +06 2020 now 
it is Sun Mar 22 02:06:54 +06 2020 now 
it is Sun Mar 22 02:06:54 +06 2020 now 
it is Sun Mar 22 02:06:54 +06 2020 now 
it is Sun Mar 22 02:06:54 +06 2020 now 
it is Sun Mar 22 02:06:54 +06 2020 now 
it is Sun Mar 22 02:06:54 +06 2020 now 
it is Sun Mar 22 02:06:54 +06 2020 now 
it is Sun Mar 22 02:06:54 +06 2020 now 
it is Sun Mar 22 02:06:54 +06 2020 now 
it is Sun Mar 22 02:06:54 +06 2020 now 
it is Sun Mar 22 02:06:55 +06 2020 now 
it is Sun Mar 22 02:06:55 +06 2020 now 
it is Sun Mar 22 02:06:55 +06 2020 now 
it is Sun Mar 22 02:06:55 +06 2020 now 
it is Sun Mar 22 02:06:55 +06 2020 now 
it is Sun Mar 22 02:06:55 +06 2020 now 
it is Sun Mar 22 02:06:55 +06 2020 now 
it is Sun Mar 22 02:06:55 +06 2020 now 
it is Sun Mar 22 02:06:55 +06 2020 now 
it is Sun Mar 22 02:06:55 +06 2020 now 
it is Sun Mar 22 02:06:55 +06 2020 now 
it is Sun Mar 22 02:06:55 +06 2020 now 
it is Sun Mar 22 02:06:56 +06 2020 now 
it is Sun Mar 22 02:06:56 +06 2020 now 
it is Sun Mar 22 02:06:56 +06 2020 now 
it is Sun Mar 22 02:06:56 +06 2020 now 
it is Sun Mar 22 02:06:56 +06 2020 now 
it is Sun Mar 22 02:06:56 +06 2020 now 
it is Sun Mar 22 02:06:56 +06 2020 now 
it is Sun Mar 22 02:06:56 +06 2020 now 
it is Sun Mar 22 02:06:56 +06 2020 now 
it is Sun Mar 22 02:06:56 +06 2020 now 
it is Sun Mar 22 02:06:56 +06 2020 now 
it is Sun Mar 22 02:06:56 +06 2020 now 
it is Sun Mar 22 02:06:57 +06 2020 now 
it is Sun Mar 22 02:06:57 +06 2020 now 
it is Sun Mar 22 02:06:57 +06 2020 now 
it is Sun Mar 22 02:06:57 +06 2020 now 
it is Sun Mar 22 02:06:57 +06 2020 now 
it is Sun Mar 22 02:06:57 +06 2020 now 
it is Sun Mar 22 02:06:57 +06 2020 now 
it is Sun Mar 22 02:06:57 +06 2020 now 
it is Sun Mar 22 02:06:57 +06 2020 now 
it is Sun Mar 22 02:06:57 +06 2020 now 
it is Sun Mar 22 02:06:57 +06 2020 now 
it is Sun Mar 22 02:06:57 +06 2020 now 
it is Sun Mar 22 02:06:58 +06 2020 now 
it is Sun Mar 22 02:06:58 +06 2020 now 
it is Sun Mar 22 02:06:58 +06 2020 now 
it is Sun Mar 22 02:06:58 +06 2020 now 
it is Sun Mar 22 02:06:58 +06 2020 now 
it is Sun Mar 22 02:06:58 +06 2020 now 
it is Sun Mar 22 02:06:58 +06 2020 now 
it is Sun Mar 22 02:06:58 +06 2020 now 
it is Sun Mar 22 02:06:58 +06 2020 now 
it is Sun Mar 22 02:06:58 +06 2020 now 
it is Sun Mar 22 02:06:58 +06 2020 now 
it is Sun Mar 22 02:06:58 +06 2020 now 
it is Sun Mar 22 02:06:59 +06 2020 now 
it is Sun Mar 22 02:06:59 +06 2020 now 
it is Sun Mar 22 02:06:59 +06 2020 now 
it is Sun Mar 22 02:06:59 +06 2020 now 
it is Sun Mar 22 02:06:59 +06 2020 now 
it is Sun Mar 22 02:06:59 +06 2020 now 
it is Sun Mar 22 02:06:59 +06 2020 now 
it is Sun Mar 22 02:06:59 +06 2020 now 
it is Sun Mar 22 02:06:59 +06 2020 now 
it is Sun Mar 22 02:06:59 +06 2020 now 
it is Sun Mar 22 02:06:59 +06 2020 now 
it is Sun Mar 22 02:06:59 +06 2020 now 
it is Sun Mar 22 02:06:59 +06 2020 now 
it is Sun Mar 22 02:07:00 +06 2020 now 
it is Sun Mar 22 02:07:00 +06 2020 now 
it is Sun Mar 22 02:07:00 +06 2020 now 
it is Sun Mar 22 02:07:00 +06 2020 now 
it is Sun Mar 22 02:07:00 +06 2020 now 
it is Sun Mar 22 02:07:00 +06 2020 now 
it is Sun Mar 22 02:07:00 +06 2020 now 
it is Sun Mar 22 02:07:00 +06 2020 now 
it is Sun Mar 22 02:07:00 +06 2020 now 
it is Sun Mar 22 02:07:00 +06 2020 now 
it is Sun Mar 22 02:07:00 +06 2020 now 
it is Sun Mar 22 02:07:00 +06 2020 now 
it is Sun Mar 22 02:07:01 +06 2020 now 
it is Sun Mar 22 02:07:01 +06 2020 now 
it is Sun Mar 22 02:07:01 +06 2020 now 
it is Sun Mar 22 02:07:01 +06 2020 now 
it is Sun Mar 22 02:07:01 +06 2020 now 
it is Sun Mar 22 02:07:01 +06 2020 now 
it is Sun Mar 22 02:07:01 +06 2020 now 
it is Sun Mar 22 02:07:01 +06 2020 now 
it is Sun Mar 22 02:07:01 +06 2020 now 
it is Sun Mar 22 02:07:01 +06 2020 now 
it is Sun Mar 22 02:07:01 +06 2020 now 
it is Sun Mar 22 02:07:01 +06 2020 now 
it is Sun Mar 22 02:07:02 +06 2020 now 
it is Sun Mar 22 02:07:02 +06 2020 now 
it is Sun Mar 22 02:07:02 +06 2020 now 
it is Sun Mar 22 02:07:02 +06 2020 now 
it is Sun Mar 22 02:07:02 +06 2020 now 
it is Sun Mar 22 02:07:02 +06 2020 now 
it is Sun Mar 22 02:07:02 +06 2020 now 
it is Sun Mar 22 02:07:02 +06 2020 now 
it is Sun Mar 22 02:07:02 +06 2020 now 
it is Sun Mar 22 02:07:02 +06 2020 now 
it is Sun Mar 22 02:07:02 +06 2020 now 
it is Sun Mar 22 02:07:02 +06 2020 now 
it is Sun Mar 22 02:07:03 +06 2020 now 
it is Sun Mar 22 02:07:03 +06 2020 now 
it is Sun Mar 22 02:07:03 +06 2020 now 
it is Sun Mar 22 02:07:03 +06 2020 now 
it is Sun Mar 22 02:07:03 +06 2020 now 
it is Sun Mar 22 02:07:03 +06 2020 now 
it is Sun Mar 22 02:07:03 +06 2020 now 
it is Sun Mar 22 02:07:03 +06 2020 now 
it is Sun Mar 22 02:07:03 +06 2020 now 
it is Sun Mar 22 02:07:03 +06 2020 now 
it is Sun Mar 22 02:07:03 +06 2020 now 
it is Sun Mar 22 02:07:03 +06 2020 now 
it is Sun Mar 22 02:07:04 +06 2020 now 
it is Sun Mar 22 02:07:04 +06 2020 now 
it is Sun Mar 22 02:07:04 +06 2020 now 
it is Sun Mar 22 02:07:04 +06 2020 now 
it is Sun Mar 22 02:07:04 +06 2020 now 
it is Sun Mar 22 02:07:04 +06 2020 now 
it is Sun Mar 22 02:07:04 +06 2020 now 
it is Sun Mar 22 02:07:04 +06 2020 now 
it is Sun Mar 22 02:07:04 +06 2020 now 
it is Sun Mar 22 02:07:04 +06 2020 now 
it is Sun Mar 22 02:07:04 +06 2020 now 
it is Sun Mar 22 02:07:04 +06 2020 now 
it is Sun Mar 22 02:07:04 +06 2020 now 
it is Sun Mar 22 02:07:05 +06 2020 now 
it is Sun Mar 22 02:07:05 +06 2020 now 
it is Sun Mar 22 02:07:05 +06 2020 now 
it is Sun Mar 22 02:07:05 +06 2020 now 
it is Sun Mar 22 02:07:05 +06 2020 now 
it is Sun Mar 22 02:07:05 +06 2020 now 
it is Sun Mar 22 02:07:05 +06 2020 now 
it is Sun Mar 22 02:07:05 +06 2020 now 
it is Sun Mar 22 02:07:05 +06 2020 now 
it is Sun Mar 22 02:07:05 +06 2020 now 
it is Sun Mar 22 02:07:05 +06 2020 now 
it is Sun Mar 22 02:07:05 +06 2020 now 
it is Sun Mar 22 02:07:06 +06 2020 now 
it is Sun Mar 22 02:07:06 +06 2020 now 
it is Sun Mar 22 02:07:06 +06 2020 now 
it is Sun Mar 22 02:07:06 +06 2020 now 
it is Sun Mar 22 02:07:06 +06 2020 now 
it is Sun Mar 22 02:07:06 +06 2020 now 
it is Sun Mar 22 02:07:06 +06 2020 now 
it is Sun Mar 22 02:07:06 +06 2020 now 
it is Sun Mar 22 02:07:06 +06 2020 now 
it is Sun Mar 22 02:07:06 +06 2020 now 
it is Sun Mar 22 02:07:06 +06 2020 now 
it is Sun Mar 22 02:07:06 +06 2020 now 
it is Sun Mar 22 02:07:07 +06 2020 now 
it is Sun Mar 22 02:07:07 +06 2020 now 
it is Sun Mar 22 02:07:07 +06 2020 now 
it is Sun Mar 22 02:07:07 +06 2020 now 
it is Sun Mar 22 02:07:07 +06 2020 now 
it is Sun Mar 22 02:07:07 +06 2020 now 
it is Sun Mar 22 02:07:07 +06 2020 now 
it is Sun Mar 22 02:07:07 +06 2020 now 
it is Sun Mar 22 02:07:07 +06 2020 now 
it is Sun Mar 22 02:07:07 +06 2020 now 
it is Sun Mar 22 02:07:07 +06 2020 now 
it is Sun Mar 22 02:07:07 +06 2020 now 
it is Sun Mar 22 02:07:08 +06 2020 now 
it is Sun Mar 22 02:07:08 +06 2020 now 
it is Sun Mar 22 02:07:08 +06 2020 now 
it is Sun Mar 22 02:07:08 +06 2020 now 
it is Sun Mar 22 02:07:08 +06 2020 now 
it is Sun Mar 22 02:07:08 +06 2020 now 
it is Sun Mar 22 02:07:08 +06 2020 now 
it is Sun Mar 22 02:07:08 +06 2020 now 
it is Sun Mar 22 02:07:08 +06 2020 now 
it is Sun Mar 22 02:07:08 +06 2020 now 
it is Sun Mar 22 02:07:08 +06 2020 now 
it is Sun Mar 22 02:07:08 +06 2020 now 
it is Sun Mar 22 02:07:09 +06 2020 now 
it is Sun Mar 22 02:07:09 +06 2020 now 
it is Sun Mar 22 02:07:09 +06 2020 now 
it is Sun Mar 22 02:07:09 +06 2020 now 
it is Sun Mar 22 02:07:09 +06 2020 now 
it is Sun Mar 22 02:07:09 +06 2020 now 
it is Sun Mar 22 02:07:09 +06 2020 now 
it is Sun Mar 22 02:07:09 +06 2020 now 
it is Sun Mar 22 02:07:09 +06 2020 now 
it is Sun Mar 22 02:07:09 +06 2020 now 
it is Sun Mar 22 02:07:09 +06 2020 now 
it is Sun Mar 22 02:07:09 +06 2020 now 
it is Sun Mar 22 02:07:10 +06 2020 now 
it is Sun Mar 22 02:07:10 +06 2020 now 
it is Sun Mar 22 02:07:10 +06 2020 now 
it is Sun Mar 22 02:07:10 +06 2020 now 
it is Sun Mar 22 02:07:10 +06 2020 now 
it is Sun Mar 22 02:07:10 +06 2020 now 
it is Sun Mar 22 02:07:10 +06 2020 now 
it is Sun Mar 22 02:07:10 +06 2020 now 
it is Sun Mar 22 02:07:10 +06 2020 now 
it is Sun Mar 22 02:07:10 +06 2020 now 
it is Sun Mar 22 02:07:10 +06 2020 now 
it is Sun Mar 22 02:07:10 +06 2020 now 
it is Sun Mar 22 02:07:11 +06 2020 now 
it is Sun Mar 22 02:07:11 +06 2020 now 
it is Sun Mar 22 02:07:11 +06 2020 now 
it is Sun Mar 22 02:07:11 +06 2020 now 
it is Sun Mar 22 02:07:11 +06 2020 now 
it is Sun Mar 22 02:07:11 +06 2020 now 
it is Sun Mar 22 02:07:11 +06 2020 now 
it is Sun Mar 22 02:07:11 +06 2020 now 
it is Sun Mar 22 02:07:11 +06 2020 now 
it is Sun Mar 22 02:07:11 +06 2020 now 
it is Sun Mar 22 02:07:11 +06 2020 now 
it is Sun Mar 22 02:07:11 +06 2020 now 
it is Sun Mar 22 02:07:12 +06 2020 now 
it is Sun Mar 22 02:07:12 +06 2020 now 
it is Sun Mar 22 02:07:12 +06 2020 now 
it is Sun Mar 22 02:07:12 +06 2020 now 
it is Sun Mar 22 02:07:12 +06 2020 now 
it is Sun Mar 22 02:07:12 +06 2020 now 
it is Sun Mar 22 02:07:12 +06 2020 now 
it is Sun Mar 22 02:07:12 +06 2020 now 
it is Sun Mar 22 02:07:12 +06 2020 now 
it is Sun Mar 22 02:07:12 +06 2020 now 
it is Sun Mar 22 02:07:12 +06 2020 now 
it is Sun Mar 22 02:07:12 +06 2020 now 
it is Sun Mar 22 02:07:12 +06 2020 now 
it is Sun Mar 22 02:07:13 +06 2020 now 
it is Sun Mar 22 02:07:13 +06 2020 now 
it is Sun Mar 22 02:07:13 +06 2020 now 
it is Sun Mar 22 02:07:13 +06 2020 now 
it is Sun Mar 22 02:07:13 +06 2020 now 
it is Sun Mar 22 02:07:13 +06 2020 now 
it is Sun Mar 22 02:07:13 +06 2020 now 
it is Sun Mar 22 02:07:13 +06 2020 now 
it is Sun Mar 22 02:07:13 +06 2020 now 
it is Sun Mar 22 02:07:13 +06 2020 now 
it is Sun Mar 22 02:07:13 +06 2020 now 
it is Sun Mar 22 02:07:14 +06 2020 now 
it is Sun Mar 22 02:07:14 +06 2020 now 
it is Sun Mar 22 02:07:14 +06 2020 now 
it is Sun Mar 22 02:07:14 +06 2020 now 
it is Sun Mar 22 02:07:14 +06 2020 now 
it is Sun Mar 22 02:07:14 +06 2020 now 
it is Sun Mar 22 02:07:14 +06 2020 now 
it is Sun Mar 22 02:07:14 +06 2020 now 
it is Sun Mar 22 02:07:14 +06 2020 now 
it is Sun Mar 22 02:07:14 +06 2020 now 
it is Sun Mar 22 02:07:14 +06 2020 now 
it is Sun Mar 22 02:07:14 +06 2020 now 
it is Sun Mar 22 02:07:14 +06 2020 now 
it is Sun Mar 22 02:07:15 +06 2020 now 
it is Sun Mar 22 02:07:15 +06 2020 now 
it is Sun Mar 22 02:07:15 +06 2020 now 
it is Sun Mar 22 02:07:15 +06 2020 now 
it is Sun Mar 22 02:07:15 +06 2020 now 
it is Sun Mar 22 02:07:15 +06 2020 now 
it is Sun Mar 22 02:07:15 +06 2020 now 
it is Sun Mar 22 02:07:15 +06 2020 now 
it is Sun Mar 22 02:07:15 +06 2020 now 
it is Sun Mar 22 02:07:15 +06 2020 now 
it is Sun Mar 22 02:07:15 +06 2020 now 
it is Sun Mar 22 02:07:15 +06 2020 now 
it is Sun Mar 22 02:07:16 +06 2020 now 
it is Sun Mar 22 02:07:16 +06 2020 now 
it is Sun Mar 22 02:07:16 +06 2020 now 
it is Sun Mar 22 02:07:16 +06 2020 now 
it is Sun Mar 22 02:07:16 +06 2020 now 
it is Sun Mar 22 02:07:16 +06 2020 now 
it is Sun Mar 22 02:07:16 +06 2020 now 
it is Sun Mar 22 02:07:16 +06 2020 now 
it is Sun Mar 22 02:07:16 +06 2020 now 
it is Sun Mar 22 02:07:16 +06 2020 now 
it is Sun Mar 22 02:07:16 +06 2020 now 
it is Sun Mar 22 02:07:16 +06 2020 now 
it is Sun Mar 22 02:07:17 +06 2020 now 
it is Sun Mar 22 02:07:17 +06 2020 now 
it is Sun Mar 22 02:07:17 +06 2020 now 
it is Sun Mar 22 02:07:17 +06 2020 now 
it is Sun Mar 22 02:07:17 +06 2020 now 
it is Sun Mar 22 02:07:17 +06 2020 now 
it is Sun Mar 22 02:07:17 +06 2020 now 
it is Sun Mar 22 02:07:17 +06 2020 now 
it is Sun Mar 22 02:07:17 +06 2020 now 
it is Sun Mar 22 02:07:17 +06 2020 now 
it is Sun Mar 22 02:07:17 +06 2020 now 
it is Sun Mar 22 02:07:17 +06 2020 now 
it is Sun Mar 22 02:07:18 +06 2020 now 
it is Sun Mar 22 02:07:18 +06 2020 now 
it is Sun Mar 22 02:07:18 +06 2020 now 
it is Sun Mar 22 02:07:18 +06 2020 now 
it is Sun Mar 22 02:07:18 +06 2020 now 
it is Sun Mar 22 02:07:18 +06 2020 now 
it is Sun Mar 22 02:07:18 +06 2020 now 
it is Sun Mar 22 02:07:18 +06 2020 now 
it is Sun Mar 22 02:07:18 +06 2020 now 
it is Sun Mar 22 02:07:18 +06 2020 now 
it is Sun Mar 22 02:07:18 +06 2020 now 
it is Sun Mar 22 02:07:18 +06 2020 now 
it is Sun Mar 22 02:07:19 +06 2020 now 
it is Sun Mar 22 02:07:19 +06 2020 now 
it is Sun Mar 22 02:07:19 +06 2020 now 
it is Sun Mar 22 02:07:19 +06 2020 now 
it is Sun Mar 22 02:07:19 +06 2020 now 
it is Sun Mar 22 02:07:19 +06 2020 now 
it is Sun Mar 22 02:07:19 +06 2020 now 
it is Sun Mar 22 02:07:19 +06 2020 now 
it is Sun Mar 22 02:07:19 +06 2020 now 
it is Sun Mar 22 02:07:19 +06 2020 now 
it is Sun Mar 22 02:07:19 +06 2020 now 
it is Sun Mar 22 02:07:19 +06 2020 now 
it is Sun Mar 22 02:07:20 +06 2020 now 
it is Sun Mar 22 02:07:20 +06 2020 now 
it is Sun Mar 22 02:07:20 +06 2020 now 
it is Sun Mar 22 02:07:20 +06 2020 now 
it is Sun Mar 22 02:07:20 +06 2020 now 
it is Sun Mar 22 02:07:20 +06 2020 now 
it is Sun Mar 22 02:07:20 +06 2020 now 
it is Sun Mar 22 02:07:20 +06 2020 now 
it is Sun Mar 22 02:07:20 +06 2020 now 
it is Sun Mar 22 02:07:20 +06 2020 now 
it is Sun Mar 22 02:07:20 +06 2020 now 
it is Sun Mar 22 02:07:20 +06 2020 now 
it is Sun Mar 22 02:07:20 +06 2020 now 
it is Sun Mar 22 02:07:21 +06 2020 now 
it is Sun Mar 22 02:07:21 +06 2020 now 
it is Sun Mar 22 02:07:21 +06 2020 now 
it is Sun Mar 22 02:07:21 +06 2020 now 
it is Sun Mar 22 02:07:21 +06 2020 now 
it is Sun Mar 22 02:07:21 +06 2020 now 
it is Sun Mar 22 02:07:21 +06 2020 now 
it is Sun Mar 22 02:07:21 +06 2020 now 
it is Sun Mar 22 02:07:21 +06 2020 now 
it is Sun Mar 22 02:07:21 +06 2020 now 
it is Sun Mar 22 02:07:21 +06 2020 now 
it is Sun Mar 22 02:07:21 +06 2020 now 
it is Sun Mar 22 02:07:22 +06 2020 now 
it is Sun Mar 22 02:07:22 +06 2020 now 
it is Sun Mar 22 02:07:22 +06 2020 now 
it is Sun Mar 22 02:07:22 +06 2020 now 
it is Sun Mar 22 02:07:22 +06 2020 now 
it is Sun Mar 22 02:07:22 +06 2020 now 
it is Sun Mar 22 02:07:22 +06 2020 now 
it is Sun Mar 22 02:07:22 +06 2020 now 
it is Sun Mar 22 02:07:22 +06 2020 now 
it is Sun Mar 22 02:07:22 +06 2020 now 
it is Sun Mar 22 02:07:22 +06 2020 now 
it is Sun Mar 22 02:07:22 +06 2020 now 
it is Sun Mar 22 02:07:23 +06 2020 now 
it is Sun Mar 22 02:07:23 +06 2020 now 
it is Sun Mar 22 02:07:23 +06 2020 now 
it is Sun Mar 22 02:07:23 +06 2020 now 
it is Sun Mar 22 02:07:23 +06 2020 now 
it is Sun Mar 22 02:07:23 +06 2020 now 
it is Sun Mar 22 02:07:23 +06 2020 now 
it is Sun Mar 22 02:07:23 +06 2020 now 
it is Sun Mar 22 02:07:23 +06 2020 now 
it is Sun Mar 22 02:07:23 +06 2020 now 
it is Sun Mar 22 02:07:23 +06 2020 now 
it is Sun Mar 22 02:07:23 +06 2020 now 
it is Sun Mar 22 02:07:23 +06 2020 now 
it is Sun Mar 22 02:07:24 +06 2020 now 
it is Sun Mar 22 02:07:24 +06 2020 now 
it is Sun Mar 22 02:07:24 +06 2020 now 
it is Sun Mar 22 02:07:24 +06 2020 now 
it is Sun Mar 22 02:07:24 +06 2020 now 
it is Sun Mar 22 02:07:24 +06 2020 now 
it is Sun Mar 22 02:07:24 +06 2020 now 
it is Sun Mar 22 02:07:24 +06 2020 now 
it is Sun Mar 22 02:07:24 +06 2020 now 
it is Sun Mar 22 02:07:24 +06 2020 now 
it is Sun Mar 22 02:07:24 +06 2020 now 
it is Sun Mar 22 02:07:24 +06 2020 now 
it is Sun Mar 22 02:07:25 +06 2020 now 
it is Sun Mar 22 02:07:25 +06 2020 now 
it is Sun Mar 22 02:07:25 +06 2020 now 
it is Sun Mar 22 02:07:25 +06 2020 now 
it is Sun Mar 22 02:07:25 +06 2020 now 
it is Sun Mar 22 02:07:25 +06 2020 now 
it is Sun Mar 22 02:07:25 +06 2020 now 
it is Sun Mar 22 02:07:25 +06 2020 now 
it is Sun Mar 22 02:07:25 +06 2020 now 
it is Sun Mar 22 02:07:25 +06 2020 now 
it is Sun Mar 22 02:07:25 +06 2020 now 
it is Sun Mar 22 02:07:25 +06 2020 now 
it is Sun Mar 22 02:07:26 +06 2020 now 
it is Sun Mar 22 02:07:26 +06 2020 now 
it is Sun Mar 22 02:07:26 +06 2020 now 
it is Sun Mar 22 02:07:26 +06 2020 now 
it is Sun Mar 22 02:07:26 +06 2020 now 
it is Sun Mar 22 02:07:26 +06 2020 now 
it is Sun Mar 22 02:07:26 +06 2020 now 
it is Sun Mar 22 02:07:26 +06 2020 now 
it is Sun Mar 22 02:07:26 +06 2020 now 
it is Sun Mar 22 02:07:26 +06 2020 now 
it is Sun Mar 22 02:07:26 +06 2020 now 
it is Sun Mar 22 02:07:26 +06 2020 now 
it is Sun Mar 22 02:07:27 +06 2020 now 
it is Sun Mar 22 02:07:27 +06 2020 now 
it is Sun Mar 22 02:07:27 +06 2020 now 
it is Sun Mar 22 02:07:27 +06 2020 now 
it is Sun Mar 22 02:07:27 +06 2020 now 
it is Sun Mar 22 02:07:27 +06 2020 now 
it is Sun Mar 22 02:07:27 +06 2020 now 
it is Sun Mar 22 02:07:27 +06 2020 now 
it is Sun Mar 22 02:07:27 +06 2020 now 
it is Sun Mar 22 02:07:27 +06 2020 now 
it is Sun Mar 22 02:07:27 +06 2020 now 
it is Sun Mar 22 02:07:27 +06 2020 now 
it is Sun Mar 22 02:07:28 +06 2020 now 
it is Sun Mar 22 02:07:28 +06 2020 now 
it is Sun Mar 22 02:07:28 +06 2020 now 
it is Sun Mar 22 02:07:28 +06 2020 now 
it is Sun Mar 22 02:07:28 +06 2020 now 
it is Sun Mar 22 02:07:28 +06 2020 now 
it is Sun Mar 22 02:07:28 +06 2020 now 
it is Sun Mar 22 02:07:28 +06 2020 now 
it is Sun Mar 22 02:07:28 +06 2020 now 
it is Sun Mar 22 02:07:28 +06 2020 now 
it is Sun Mar 22 02:07:28 +06 2020 now 
it is Sun Mar 22 02:07:28 +06 2020 now 
it is Sun Mar 22 02:07:29 +06 2020 now 
it is Sun Mar 22 02:07:29 +06 2020 now 
it is Sun Mar 22 02:07:29 +06 2020 now 
it is Sun Mar 22 02:07:29 +06 2020 now 
it is Sun Mar 22 02:07:29 +06 2020 now 
it is Sun Mar 22 02:07:29 +06 2020 now 
it is Sun Mar 22 02:07:29 +06 2020 now 
it is Sun Mar 22 02:07:29 +06 2020 now 
it is Sun Mar 22 02:07:29 +06 2020 now 
it is Sun Mar 22 02:07:29 +06 2020 now 
it is Sun Mar 22 02:07:29 +06 2020 now 
it is Sun Mar 22 02:07:29 +06 2020 now 
it is Sun Mar 22 02:07:30 +06 2020 now 
it is Sun Mar 22 02:07:30 +06 2020 now 
it is Sun Mar 22 02:07:30 +06 2020 now 
it is Sun Mar 22 02:07:30 +06 2020 now 
it is Sun Mar 22 02:07:30 +06 2020 now 
it is Sun Mar 22 02:07:30 +06 2020 now 
it is Sun Mar 22 02:07:30 +06 2020 now 
it is Sun Mar 22 02:07:30 +06 2020 now 
it is Sun Mar 22 02:07:30 +06 2020 now 
it is Sun Mar 22 02:07:30 +06 2020 now 
it is Sun Mar 22 02:07:30 +06 2020 now 
it is Sun Mar 22 02:07:30 +06 2020 now 
it is Sun Mar 22 02:07:31 +06 2020 now 
it is Sun Mar 22 02:07:31 +06 2020 now 
it is Sun Mar 22 02:07:31 +06 2020 now 
it is Sun Mar 22 02:07:31 +06 2020 now 
it is Sun Mar 22 02:07:31 +06 2020 now 
it is Sun Mar 22 02:07:31 +06 2020 now 
it is Sun Mar 22 02:07:31 +06 2020 now 
it is Sun Mar 22 02:07:31 +06 2020 now 
it is Sun Mar 22 02:07:31 +06 2020 now 
it is Sun Mar 22 02:07:31 +06 2020 now 
it is Sun Mar 22 02:07:31 +06 2020 now 
it is Sun Mar 22 02:07:31 +06 2020 now 
it is Sun Mar 22 02:07:32 +06 2020 now 
it is Sun Mar 22 02:07:32 +06 2020 now 
it is Sun Mar 22 02:07:32 +06 2020 now 
it is Sun Mar 22 02:07:32 +06 2020 now 
it is Sun Mar 22 02:07:32 +06 2020 now 
it is Sun Mar 22 02:07:32 +06 2020 now 
it is Sun Mar 22 02:07:32 +06 2020 now 
it is Sun Mar 22 02:07:32 +06 2020 now 
it is Sun Mar 22 02:07:32 +06 2020 now 
it is Sun Mar 22 02:07:32 +06 2020 now 
it is Sun Mar 22 02:07:32 +06 2020 now 
it is Sun Mar 22 02:07:32 +06 2020 now 
it is Sun Mar 22 02:07:33 +06 2020 now 
it is Sun Mar 22 02:07:33 +06 2020 now 
it is Sun Mar 22 02:07:33 +06 2020 now 
it is Sun Mar 22 02:07:33 +06 2020 now 
it is Sun Mar 22 02:07:33 +06 2020 now 
it is Sun Mar 22 02:07:33 +06 2020 now 
it is Sun Mar 22 02:07:33 +06 2020 now 
it is Sun Mar 22 02:07:33 +06 2020 now 
it is Sun Mar 22 02:07:33 +06 2020 now 
it is Sun Mar 22 02:07:33 +06 2020 now 
it is Sun Mar 22 02:07:33 +06 2020 now 
it is Sun Mar 22 02:07:33 +06 2020 now 
it is Sun Mar 22 02:07:33 +06 2020 now 
it is Sun Mar 22 02:07:34 +06 2020 now 
it is Sun Mar 22 02:07:34 +06 2020 now 
it is Sun Mar 22 02:07:34 +06 2020 now 
it is Sun Mar 22 02:07:34 +06 2020 now 
it is Sun Mar 22 02:07:34 +06 2020 now 
it is Sun Mar 22 02:07:34 +06 2020 now 
it is Sun Mar 22 02:07:34 +06 2020 now 
it is Sun Mar 22 02:07:34 +06 2020 now 
it is Sun Mar 22 02:07:34 +06 2020 now 
it is Sun Mar 22 02:07:34 +06 2020 now 
it is Sun Mar 22 02:07:34 +06 2020 now 
it is Sun Mar 22 02:07:34 +06 2020 now 
it is Sun Mar 22 02:07:35 +06 2020 now 
it is Sun Mar 22 02:07:35 +06 2020 now 
it is Sun Mar 22 02:07:35 +06 2020 now 
it is Sun Mar 22 02:07:35 +06 2020 now 
it is Sun Mar 22 02:07:35 +06 2020 now 
it is Sun Mar 22 02:07:35 +06 2020 now 
it is Sun Mar 22 02:07:35 +06 2020 now 
it is Sun Mar 22 02:07:35 +06 2020 now 
it is Sun Mar 22 02:07:35 +06 2020 now 
it is Sun Mar 22 02:07:35 +06 2020 now 
it is Sun Mar 22 02:07:35 +06 2020 now 
it is Sun Mar 22 02:07:35 +06 2020 now 
it is Sun Mar 22 02:07:36 +06 2020 now 
it is Sun Mar 22 02:07:36 +06 2020 now 
it is Sun Mar 22 02:07:36 +06 2020 now 
it is Sun Mar 22 02:07:36 +06 2020 now 
it is Sun Mar 22 02:07:36 +06 2020 now 
it is Sun Mar 22 02:07:36 +06 2020 now 
it is Sun Mar 22 02:07:36 +06 2020 now 
it is Sun Mar 22 02:07:36 +06 2020 now 
it is Sun Mar 22 02:07:36 +06 2020 now 
it is Sun Mar 22 02:07:36 +06 2020 now 
it is Sun Mar 22 02:07:36 +06 2020 now 
it is Sun Mar 22 02:07:36 +06 2020 now 
it is Sun Mar 22 02:07:37 +06 2020 now 
it is Sun Mar 22 02:07:37 +06 2020 now 
it is Sun Mar 22 02:07:37 +06 2020 now 
it is Sun Mar 22 02:07:37 +06 2020 now 
it is Sun Mar 22 02:07:37 +06 2020 now 
it is Sun Mar 22 02:07:37 +06 2020 now 
it is Sun Mar 22 02:07:37 +06 2020 now 
it is Sun Mar 22 02:07:37 +06 2020 now 
it is Sun Mar 22 02:07:37 +06 2020 now 
it is Sun Mar 22 02:07:37 +06 2020 now 
it is Sun Mar 22 02:07:37 +06 2020 now 
it is Sun Mar 22 02:07:37 +06 2020 now 
it is Sun Mar 22 02:07:37 +06 2020 now 
it is Sun Mar 22 02:07:38 +06 2020 now 
it is Sun Mar 22 02:07:38 +06 2020 now 
it is Sun Mar 22 02:07:38 +06 2020 now 
it is Sun Mar 22 02:07:38 +06 2020 now 
it is Sun Mar 22 02:07:38 +06 2020 now 
it is Sun Mar 22 02:07:38 +06 2020 now 
it is Sun Mar 22 02:07:38 +06 2020 now 
it is Sun Mar 22 02:07:38 +06 2020 now 
it is Sun Mar 22 02:07:38 +06 2020 now 
it is Sun Mar 22 02:07:38 +06 2020 now 
it is Sun Mar 22 02:07:38 +06 2020 now 
it is Sun Mar 22 02:07:38 +06 2020 now 
it is Sun Mar 22 02:07:39 +06 2020 now 
it is Sun Mar 22 02:07:39 +06 2020 now 
it is Sun Mar 22 02:07:39 +06 2020 now 
it is Sun Mar 22 02:07:39 +06 2020 now 
it is Sun Mar 22 02:07:39 +06 2020 now 
it is Sun Mar 22 02:07:39 +06 2020 now 
it is Sun Mar 22 02:07:39 +06 2020 now 
it is Sun Mar 22 02:07:39 +06 2020 now 
it is Sun Mar 22 02:07:39 +06 2020 now 
it is Sun Mar 22 02:07:39 +06 2020 now 
it is Sun Mar 22 02:07:39 +06 2020 now 
it is Sun Mar 22 02:07:39 +06 2020 now 
it is Sun Mar 22 02:07:40 +06 2020 now 
it is Sun Mar 22 02:07:40 +06 2020 now 
it is Sun Mar 22 02:07:40 +06 2020 now 
it is Sun Mar 22 02:07:40 +06 2020 now 
it is Sun Mar 22 02:07:40 +06 2020 now 
it is Sun Mar 22 02:07:40 +06 2020 now 
it is Sun Mar 22 02:07:40 +06 2020 now 
it is Sun Mar 22 02:07:40 +06 2020 now 
it is Sun Mar 22 02:07:40 +06 2020 now 
it is Sun Mar 22 02:07:40 +06 2020 now 
it is Sun Mar 22 02:07:40 +06 2020 now 
it is Sun Mar 22 02:07:40 +06 2020 now 
it is Sun Mar 22 02:07:41 +06 2020 now 
it is Sun Mar 22 02:07:41 +06 2020 now 
it is Sun Mar 22 02:07:41 +06 2020 now 
it is Sun Mar 22 02:07:41 +06 2020 now 
it is Sun Mar 22 02:07:41 +06 2020 now 
it is Sun Mar 22 02:07:41 +06 2020 now 
it is Sun Mar 22 02:07:41 +06 2020 now 
it is Sun Mar 22 02:07:41 +06 2020 now 
it is Sun Mar 22 02:07:41 +06 2020 now 
it is Sun Mar 22 02:07:41 +06 2020 now 
it is Sun Mar 22 02:07:41 +06 2020 now 
it is Sun Mar 22 02:07:41 +06 2020 now 
it is Sun Mar 22 02:07:42 +06 2020 now 
it is Sun Mar 22 02:07:42 +06 2020 now 
it is Sun Mar 22 02:07:42 +06 2020 now 
it is Sun Mar 22 02:07:42 +06 2020 now 
it is Sun Mar 22 02:07:42 +06 2020 now 
it is Sun Mar 22 02:07:42 +06 2020 now 
it is Sun Mar 22 02:07:42 +06 2020 now 
it is Sun Mar 22 02:07:42 +06 2020 now 
it is Sun Mar 22 02:07:42 +06 2020 now 
it is Sun Mar 22 02:07:42 +06 2020 now 
it is Sun Mar 22 02:07:42 +06 2020 now 
it is Sun Mar 22 02:07:42 +06 2020 now 
it is Sun Mar 22 02:07:42 +06 2020 now 
it is Sun Mar 22 02:07:43 +06 2020 now 
it is Sun Mar 22 02:07:43 +06 2020 now 
it is Sun Mar 22 02:07:43 +06 2020 now 
it is Sun Mar 22 02:07:43 +06 2020 now 
it is Sun Mar 22 02:07:43 +06 2020 now 
it is Sun Mar 22 02:07:43 +06 2020 now 
it is Sun Mar 22 02:07:43 +06 2020 now 
it is Sun Mar 22 02:07:43 +06 2020 now 
it is Sun Mar 22 02:07:43 +06 2020 now 
it is Sun Mar 22 02:07:43 +06 2020 now 
it is Sun Mar 22 02:07:43 +06 2020 now 
it is Sun Mar 22 02:07:43 +06 2020 now 
it is Sun Mar 22 02:07:44 +06 2020 now 
it is Sun Mar 22 02:07:44 +06 2020 now 
it is Sun Mar 22 02:07:44 +06 2020 now 
it is Sun Mar 22 02:07:44 +06 2020 now 
it is Sun Mar 22 02:07:44 +06 2020 now 
it is Sun Mar 22 02:07:44 +06 2020 now 
it is Sun Mar 22 02:07:44 +06 2020 now 
it is Sun Mar 22 02:07:44 +06 2020 now 
it is Sun Mar 22 02:07:44 +06 2020 now 
it is Sun Mar 22 02:07:44 +06 2020 now 
it is Sun Mar 22 02:07:44 +06 2020 now 
it is Sun Mar 22 02:07:44 +06 2020 now 
it is Sun Mar 22 02:07:45 +06 2020 now 
it is Sun Mar 22 02:07:45 +06 2020 now 
it is Sun Mar 22 02:07:45 +06 2020 now 
it is Sun Mar 22 02:07:45 +06 2020 now 
it is Sun Mar 22 02:07:45 +06 2020 now 
it is Sun Mar 22 02:07:45 +06 2020 now 
it is Sun Mar 22 02:07:45 +06 2020 now 
it is Sun Mar 22 02:07:45 +06 2020 now 
it is Sun Mar 22 02:07:45 +06 2020 now 
it is Sun Mar 22 02:07:45 +06 2020 now 
